NVIDIA H100 80GB HBM3, 580.159.04, 81559 MiB
torch 2.13.0+cu130 cuda True
CMD: python scripts/train_transition.py --data data/pilot1b --contact-mode none --out runs/expA_pilot_state_only --steps 30000 --eval-every 10000 --workers 2 --eval-contact-sources gt
loaded split train: 1189 episodes in 86.2s
loaded split val: 255 episodes in 18.7s
loaded split test: 255 episodes in 4.4s
loaded split test_geometry: 301 episodes in 1.8s
transition model contact_mode=none params=618630
step 100 loss 2.22817 (1-step 2.22817) 4s
step 200 loss 2.44645 (1-step 2.44645) 5s
step 300 loss 2.72974 (1-step 2.72974) 6s
step 400 loss 2.88552 (1-step 2.88552) 6s
step 500 loss 3.90633 (1-step 3.90633) 7s
step 600 loss 3.50666 (1-step 3.50666) 8s
step 700 loss 3.84480 (1-step 3.84480) 9s
step 800 loss 2.91162 (1-step 2.91162) 9s
step 900 loss 1.99959 (1-step 1.99959) 10s
step 1000 loss 2.98011 (1-step 2.98011) 11s
step 1100 loss 3.55009 (1-step 3.55009) 12s
step 1200 loss 1.84219 (1-step 1.84219) 13s
step 1300 loss 2.50387 (1-step 2.50387) 13s
step 1400 loss 1.71612 (1-step 1.71612) 14s
step 1500 loss 2.28836 (1-step 2.28836) 15s
step 1600 loss 3.66820 (1-step 3.66820) 16s
step 1700 loss 4.16355 (1-step 4.16355) 16s
step 1800 loss 3.72934 (1-step 3.72934) 17s
step 1900 loss 2.72989 (1-step 2.72989) 18s
step 2000 loss 3.25982 (1-step 3.25982) 19s
step 2100 loss 2.45315 (1-step 2.45315) 20s
step 2200 loss 3.55550 (1-step 3.55550) 21s
step 2300 loss 3.36189 (1-step 3.36189) 22s
step 2400 loss 2.80724 (1-step 2.80724) 22s
step 2500 loss 1.76230 (1-step 1.76230) 23s
step 2600 loss 1.83292 (1-step 1.83292) 24s
step 2700 loss 1.51493 (1-step 1.51493) 24s
step 2800 loss 2.84808 (1-step 2.84808) 25s
step 2900 loss 1.63021 (1-step 1.63021) 26s
step 3000 loss 2.52185 (1-step 2.52185) 27s
step 3100 loss 3.14370 (1-step 3.14370) 28s
step 3200 loss 2.38915 (1-step 2.38915) 28s
step 3300 loss 2.42051 (1-step 2.42051) 29s
step 3400 loss 2.23282 (1-step 2.23282) 30s
step 3500 loss 1.47678 (1-step 1.47678) 31s
step 3600 loss 2.01937 (1-step 2.01937) 32s
step 3700 loss 2.35010 (1-step 2.35010) 33s
step 3800 loss 2.62642 (1-step 2.62642) 33s
step 3900 loss 1.68664 (1-step 1.68664) 34s
step 4000 loss 2.33040 (1-step 2.33040) 35s
step 4100 loss 2.99491 (1-step 2.99491) 36s
step 4200 loss 1.74777 (1-step 1.74777) 37s
step 4300 loss 1.47897 (1-step 1.47897) 37s
step 4400 loss 2.42622 (1-step 2.42622) 38s
step 4500 loss 2.11911 (1-step 2.11911) 39s
step 4600 loss 2.71399 (1-step 2.71399) 39s
step 4700 loss 1.67392 (1-step 1.67392) 40s
step 4800 loss 2.28924 (1-step 2.28924) 41s
step 4900 loss 2.99584 (1-step 2.99584) 42s
step 5000 loss 1.50851 (1-step 1.50851) 43s
step 5100 loss 2.76886 (1-step 2.76886) 43s
step 5200 loss 3.61128 (1-step 3.61128) 44s
step 5300 loss 2.47955 (1-step 2.47955) 45s
step 5400 loss 2.75247 (1-step 2.75247) 46s
step 5500 loss 1.23682 (1-step 1.23682) 47s
step 5600 loss 2.08926 (1-step 2.08926) 47s
step 5700 loss 1.16034 (1-step 1.16034) 48s
step 5800 loss 1.99557 (1-step 1.99557) 49s
step 5900 loss 3.18886 (1-step 3.18886) 50s
step 6000 loss 1.67254 (1-step 1.67254) 51s
step 6100 loss 2.82365 (1-step 2.82365) 51s
step 6200 loss 2.10917 (1-step 2.10917) 52s
step 6300 loss 2.45110 (1-step 2.45110) 53s
step 6400 loss 1.49370 (1-step 1.49370) 54s
step 6500 loss 2.12974 (1-step 2.12974) 55s
step 6600 loss 1.82928 (1-step 1.82928) 56s
step 6700 loss 2.20746 (1-step 2.20746) 56s
step 6800 loss 1.79601 (1-step 1.79601) 57s
step 6900 loss 2.09500 (1-step 2.09500) 58s
step 7000 loss 1.84785 (1-step 1.84785) 59s
step 7100 loss 1.29370 (1-step 1.29370) 60s
step 7200 loss 2.47348 (1-step 2.47348) 60s
step 7300 loss 1.23867 (1-step 1.23867) 61s
step 7400 loss 1.31345 (1-step 1.31345) 62s
step 7500 loss 1.86930 (1-step 1.86930) 63s
step 7600 loss 2.00367 (1-step 2.00367) 64s
step 7700 loss 1.39374 (1-step 1.39374) 64s
step 7800 loss 2.22523 (1-step 2.22523) 65s
step 7900 loss 2.84958 (1-step 2.84958) 66s
step 8000 loss 1.30393 (1-step 1.30393) 67s
step 8100 loss 2.20545 (1-step 2.20545) 68s
step 8200 loss 1.47124 (1-step 1.47124) 68s
step 8300 loss 2.21632 (1-step 2.21632) 69s
step 8400 loss 2.50324 (1-step 2.50324) 70s
step 8500 loss 1.46503 (1-step 1.46503) 71s
step 8600 loss 1.55570 (1-step 1.55570) 72s
step 8700 loss 1.48529 (1-step 1.48529) 73s
step 8800 loss 1.90027 (1-step 1.90027) 73s
step 8900 loss 1.88437 (1-step 1.88437) 74s
step 9000 loss 1.74078 (1-step 1.74078) 75s
step 9100 loss 1.29203 (1-step 1.29203) 76s
step 9200 loss 1.76635 (1-step 1.76635) 77s
step 9300 loss 1.50693 (1-step 1.50693) 77s
step 9400 loss 2.22432 (1-step 2.22432) 78s
step 9500 loss 1.57457 (1-step 1.57457) 79s
step 9600 loss 1.69751 (1-step 1.69751) 80s
step 9700 loss 2.28564 (1-step 2.28564) 81s
step 9800 loss 2.16238 (1-step 2.16238) 81s
step 9900 loss 1.13955 (1-step 1.13955) 82s
step 10000 loss 1.43587 (1-step 1.43587) 83s
  [val one-step] dv_err_mean=0.01618 dw_err_mean=0.228 dv_err_far_free=0.003003 dw_err_far_free=0.02606 dv_err_near_contact=0.03403 dw_err_near_contact=0.2528 dv_err_first_impact=0.5969 dw_err_first_impact=6.823 dv_err_contact=0.01253 dw_err_contact=0.2168 dv_err_rebound_repeat=0.125 dw_err_rebound_repeat=2.63 dv_err_resting=0.004969 dw_err_resting=0.1128
step 10100 loss 2.13355 (1-step 2.13355) 84s
step 10200 loss 2.26728 (1-step 2.26728) 85s
step 10300 loss 1.79996 (1-step 1.79996) 85s
step 10400 loss 1.00452 (1-step 1.00452) 86s
step 10500 loss 1.65942 (1-step 1.65942) 87s
step 10600 loss 1.20803 (1-step 1.20803) 88s
step 10700 loss 0.79928 (1-step 0.79928) 89s
step 10800 loss 0.95928 (1-step 0.95928) 90s
step 10900 loss 2.05089 (1-step 2.05089) 90s
step 11000 loss 2.16921 (1-step 2.16921) 91s
step 11100 loss 1.49816 (1-step 1.49816) 92s
step 11200 loss 2.09655 (1-step 2.09655) 93s
step 11300 loss 1.48462 (1-step 1.48462) 93s
step 11400 loss 0.88969 (1-step 0.88969) 94s
step 11500 loss 1.17554 (1-step 1.17554) 95s
step 11600 loss 1.53322 (1-step 1.53322) 96s
step 11700 loss 1.48231 (1-step 1.48231) 97s
step 11800 loss 1.68024 (1-step 1.68024) 97s
step 11900 loss 0.96903 (1-step 0.96903) 98s
step 12000 loss 0.89160 (1-step 0.89160) 99s
step 12100 loss 1.29091 (1-step 1.29091) 100s
step 12200 loss 1.19340 (1-step 1.19340) 100s
step 12300 loss 1.15388 (1-step 1.15388) 101s
step 12400 loss 2.03621 (1-step 2.03621) 102s
step 12500 loss 1.41322 (1-step 1.41322) 103s
step 12600 loss 2.01443 (1-step 2.01443) 104s
step 12700 loss 1.37792 (1-step 1.37792) 105s
step 12800 loss 1.09804 (1-step 1.09804) 105s
step 12900 loss 1.10303 (1-step 1.10303) 106s
step 13000 loss 1.99195 (1-step 1.99195) 107s
step 13100 loss 1.38564 (1-step 1.38564) 108s
step 13200 loss 2.31102 (1-step 2.31102) 108s
step 13300 loss 0.98343 (1-step 0.98343) 109s
step 13400 loss 1.41387 (1-step 1.41387) 110s
step 13500 loss 1.14524 (1-step 1.14524) 111s
step 13600 loss 1.14176 (1-step 1.14176) 112s
step 13700 loss 1.54253 (1-step 1.54253) 113s
step 13800 loss 0.88323 (1-step 0.88323) 114s
step 13900 loss 1.44366 (1-step 1.44366) 114s
step 14000 loss 1.31390 (1-step 1.31390) 115s
step 14100 loss 1.71696 (1-step 1.71696) 116s
step 14200 loss 1.06464 (1-step 1.06464) 116s
step 14300 loss 0.85721 (1-step 0.85721) 117s
step 14400 loss 0.90525 (1-step 0.90525) 118s
step 14500 loss 0.93072 (1-step 0.93072) 119s
step 14600 loss 1.15474 (1-step 1.15474) 120s
step 14700 loss 0.89360 (1-step 0.89360) 120s
step 14800 loss 0.70505 (1-step 0.70505) 121s
step 14900 loss 1.31684 (1-step 1.31684) 122s
step 15000 loss 1.02501 (1-step 1.02501) 123s
step 15100 loss 0.88912 (1-step 0.88912) 124s
step 15200 loss 0.93920 (1-step 0.93920) 124s
step 15300 loss 1.00954 (1-step 1.00954) 125s
step 15400 loss 0.75907 (1-step 0.75907) 126s
step 15500 loss 1.01302 (1-step 1.01302) 127s
step 15600 loss 1.19441 (1-step 1.19441) 128s
step 15700 loss 1.05178 (1-step 1.05178) 128s
step 15800 loss 1.08916 (1-step 1.08916) 129s
step 15900 loss 1.48281 (1-step 1.48281) 130s
step 16000 loss 1.23908 (1-step 1.23908) 131s
step 16100 loss 0.97233 (1-step 0.97233) 132s
step 16200 loss 0.74317 (1-step 0.74317) 133s
step 16300 loss 1.26658 (1-step 1.26658) 133s
step 16400 loss 0.83258 (1-step 0.83258) 134s
step 16500 loss 0.94934 (1-step 0.94934) 135s
step 16600 loss 0.82714 (1-step 0.82714) 136s
step 16700 loss 0.86739 (1-step 0.86739) 136s
step 16800 loss 1.02781 (1-step 1.02781) 137s
step 16900 loss 0.62069 (1-step 0.62069) 138s
step 17000 loss 0.79551 (1-step 0.79551) 139s
step 17100 loss 0.64515 (1-step 0.64515) 140s
step 17200 loss 0.93047 (1-step 0.93047) 140s
step 17300 loss 1.10163 (1-step 1.10163) 141s
step 17400 loss 1.09479 (1-step 1.09479) 142s
step 17500 loss 0.65457 (1-step 0.65457) 142s
step 17600 loss 0.85748 (1-step 0.85748) 143s
step 17700 loss 0.69672 (1-step 0.69672) 144s
step 17800 loss 1.10135 (1-step 1.10135) 145s
step 17900 loss 0.84794 (1-step 0.84794) 146s
step 18000 loss 0.68518 (1-step 0.68518) 147s
step 18100 loss 1.11095 (1-step 1.11095) 148s
step 18200 loss 1.06243 (1-step 1.06243) 148s
step 18300 loss 0.83943 (1-step 0.83943) 149s
step 18400 loss 0.61036 (1-step 0.61036) 150s
step 18500 loss 1.34674 (1-step 1.34674) 151s
step 18600 loss 0.64201 (1-step 0.64201) 152s
step 18700 loss 1.01746 (1-step 1.01746) 153s
step 18800 loss 0.82816 (1-step 0.82816) 153s
step 18900 loss 0.77267 (1-step 0.77267) 154s
step 19000 loss 0.86239 (1-step 0.86239) 155s
step 19100 loss 0.67777 (1-step 0.67777) 156s
step 19200 loss 0.89369 (1-step 0.89369) 157s
step 19300 loss 0.73572 (1-step 0.73572) 158s
step 19400 loss 0.76535 (1-step 0.76535) 158s
step 19500 loss 0.78259 (1-step 0.78259) 159s
step 19600 loss 1.35119 (1-step 1.35119) 160s
step 19700 loss 0.98544 (1-step 0.98544) 161s
step 19800 loss 0.60599 (1-step 0.60599) 161s
step 19900 loss 0.58685 (1-step 0.58685) 162s
step 20000 loss 0.82436 (1-step 0.82436) 163s
  [val one-step] dv_err_mean=0.01658 dw_err_mean=0.2458 dv_err_far_free=0.002718 dw_err_far_free=0.02219 dv_err_near_contact=0.03144 dw_err_near_contact=0.2726 dv_err_first_impact=0.6567 dw_err_first_impact=7.157 dv_err_contact=0.01215 dw_err_contact=0.2184 dv_err_rebound_repeat=0.1557 dw_err_rebound_repeat=3.201 dv_err_resting=0.004636 dw_err_resting=0.1157
step 20100 loss 0.57099 (1-step 0.57099) 164s
step 20200 loss 0.74918 (1-step 0.74918) 165s
step 20300 loss 1.00733 (1-step 1.00733) 166s
step 20400 loss 0.76642 (1-step 0.76642) 166s
step 20500 loss 1.08953 (1-step 1.08953) 167s
step 20600 loss 0.84073 (1-step 0.84073) 168s
step 20700 loss 0.85556 (1-step 0.85556) 169s
step 20800 loss 0.62785 (1-step 0.62785) 170s
step 20900 loss 0.56652 (1-step 0.56652) 170s
step 21000 loss 0.66522 (1-step 0.66522) 171s
step 21100 loss 0.68733 (1-step 0.68733) 172s
step 21200 loss 0.68164 (1-step 0.68164) 173s
step 21300 loss 0.89253 (1-step 0.89253) 174s
step 21400 loss 0.54092 (1-step 0.54092) 175s
step 21500 loss 1.08385 (1-step 1.08385) 175s
step 21600 loss 0.38334 (1-step 0.38334) 176s
step 21700 loss 0.68857 (1-step 0.68857) 177s
step 21800 loss 0.67945 (1-step 0.67945) 177s
step 21900 loss 0.61210 (1-step 0.61210) 178s
step 22000 loss 0.71161 (1-step 0.71161) 179s
step 22100 loss 0.74932 (1-step 0.74932) 180s
step 22200 loss 0.93511 (1-step 0.93511) 181s
step 22300 loss 0.69624 (1-step 0.69624) 181s
step 22400 loss 0.48534 (1-step 0.48534) 182s
step 22500 loss 0.68419 (1-step 0.68419) 183s
step 22600 loss 0.50987 (1-step 0.50987) 184s
step 22700 loss 0.56276 (1-step 0.56276) 184s
step 22800 loss 0.60827 (1-step 0.60827) 185s
step 22900 loss 0.71900 (1-step 0.71900) 186s
step 23000 loss 0.58409 (1-step 0.58409) 187s
step 23100 loss 0.75534 (1-step 0.75534) 188s
step 23200 loss 0.69044 (1-step 0.69044) 189s
step 23300 loss 0.47180 (1-step 0.47180) 189s
step 23400 loss 0.70764 (1-step 0.70764) 190s
step 23500 loss 0.54156 (1-step 0.54156) 191s
step 23600 loss 0.90916 (1-step 0.90916) 192s
step 23700 loss 0.71028 (1-step 0.71028) 192s
step 23800 loss 0.78610 (1-step 0.78610) 193s
step 23900 loss 0.61669 (1-step 0.61669) 194s
step 24000 loss 0.62378 (1-step 0.62378) 195s
step 24100 loss 0.42314 (1-step 0.42314) 195s
step 24200 loss 0.78825 (1-step 0.78825) 196s
step 24300 loss 0.59691 (1-step 0.59691) 197s
step 24400 loss 0.36137 (1-step 0.36137) 198s
step 24500 loss 0.52086 (1-step 0.52086) 199s
step 24600 loss 0.74900 (1-step 0.74900) 200s
step 24700 loss 0.48750 (1-step 0.48750) 200s
step 24800 loss 0.41539 (1-step 0.41539) 201s
step 24900 loss 0.38212 (1-step 0.38212) 202s
step 25000 loss 0.76957 (1-step 0.76957) 203s
step 25100 loss 0.59640 (1-step 0.59640) 203s
step 25200 loss 0.53717 (1-step 0.53717) 204s
step 25300 loss 0.66273 (1-step 0.66273) 205s
step 25400 loss 0.35033 (1-step 0.35033) 206s
step 25500 loss 0.43793 (1-step 0.43793) 207s
step 25600 loss 0.50341 (1-step 0.50341) 207s
step 25700 loss 0.73857 (1-step 0.73857) 208s
step 25800 loss 0.63937 (1-step 0.63937) 209s
step 25900 loss 0.57018 (1-step 0.57018) 209s
step 26000 loss 0.62696 (1-step 0.62696) 210s
step 26100 loss 0.58105 (1-step 0.58105) 211s
step 26200 loss 0.62489 (1-step 0.62489) 212s
step 26300 loss 0.74661 (1-step 0.74661) 213s
step 26400 loss 0.56337 (1-step 0.56337) 213s
step 26500 loss 0.34113 (1-step 0.34113) 214s
step 26600 loss 0.47077 (1-step 0.47077) 215s
step 26700 loss 0.60584 (1-step 0.60584) 216s
step 26800 loss 0.54217 (1-step 0.54217) 216s
step 26900 loss 0.54095 (1-step 0.54095) 217s
step 27000 loss 0.41614 (1-step 0.41614) 218s
step 27100 loss 0.36290 (1-step 0.36290) 219s
step 27200 loss 0.71846 (1-step 0.71846) 220s
step 27300 loss 0.62846 (1-step 0.62846) 220s
step 27400 loss 0.68643 (1-step 0.68643) 221s
step 27500 loss 0.49207 (1-step 0.49207) 222s
step 27600 loss 0.28189 (1-step 0.28189) 223s
step 27700 loss 0.64869 (1-step 0.64869) 224s
step 27800 loss 0.55945 (1-step 0.55945) 225s
step 27900 loss 0.36960 (1-step 0.36960) 225s
step 28000 loss 0.97095 (1-step 0.97095) 226s
step 28100 loss 0.41714 (1-step 0.41714) 227s
step 28200 loss 0.44820 (1-step 0.44820) 228s
step 28300 loss 0.46630 (1-step 0.46630) 229s
step 28400 loss 0.88024 (1-step 0.88024) 229s
step 28500 loss 0.60261 (1-step 0.60261) 230s
step 28600 loss 0.53441 (1-step 0.53441) 231s
step 28700 loss 0.47271 (1-step 0.47271) 232s
step 28800 loss 0.42894 (1-step 0.42894) 233s
step 28900 loss 0.74967 (1-step 0.74967) 234s
step 29000 loss 0.46955 (1-step 0.46955) 234s
step 29100 loss 0.58847 (1-step 0.58847) 235s
step 29200 loss 0.40730 (1-step 0.40730) 236s
step 29300 loss 0.52774 (1-step 0.52774) 236s
step 29400 loss 0.66491 (1-step 0.66491) 237s
step 29500 loss 0.55291 (1-step 0.55291) 238s
step 29600 loss 0.60293 (1-step 0.60293) 239s
step 29700 loss 0.55804 (1-step 0.55804) 240s
step 29800 loss 0.60689 (1-step 0.60689) 241s
step 29900 loss 0.54006 (1-step 0.54006) 241s
step 30000 loss 0.57192 (1-step 0.57192) 242s
  [val one-step] dv_err_mean=0.01926 dw_err_mean=0.2782 dv_err_far_free=0.003284 dw_err_far_free=0.02563 dv_err_near_contact=0.03903 dw_err_near_contact=0.3607 dv_err_first_impact=0.6907 dw_err_first_impact=7.371 dv_err_contact=0.01229 dw_err_contact=0.2134 dv_err_rebound_repeat=0.2087 dw_err_rebound_repeat=4.065 dv_err_resting=0.004389 dw_err_resting=0.1073
[rollout val/gt] pos_err@100=0.003645 pos_err@500=0.1135 pos_err_final=0.3134 rot_err_deg_final=128.4 v_err_mean=0.5171 w_err_mean=5.291 impact_dv_err=3.224 impact_dw_err=18.51 apex_err=0.05165 max_penetration_pred=0.07325 artificial_energy_max=0
[rollout test/gt] pos_err@100=0.006246 pos_err@500=0.1149 pos_err_final=0.3384 rot_err_deg_final=114.8 v_err_mean=0.5567 w_err_mean=4.696 impact_dv_err=3.335 impact_dw_err=15.96 apex_err=0.05319 max_penetration_pred=0.07123 artificial_energy_max=0
[rollout test_geometry/gt] pos_err@100=0.00517 pos_err@500=0.1201 pos_err_final=0.2595 rot_err_deg_final=110.7 v_err_mean=0.4779 w_err_mean=4.623 impact_dv_err=3.343 impact_dw_err=20.62 apex_err=0.04833 max_penetration_pred=0.0554 artificial_energy_max=0
TRAIN_DONE
