NVIDIA H100 80GB HBM3, 580.159.04, 81559 MiB
torch 2.13.0+cu130 cuda True
CMD: python scripts/train_transition.py --data data/fixed1a --contact-mode none --out runs/expA_state_only --steps 30000 --eval-every 10000 --workers 2 --eval-contact-sources gt
loaded split train: 420 episodes in 34.3s
loaded split val: 90 episodes in 7.2s
loaded split test: 90 episodes in 6.8s
loaded split test_geometry: 0 episodes in 0.0s
transition model contact_mode=none params=618630
step 100 loss 3.83817 (1-step 3.83817) 4s
step 200 loss 2.35898 (1-step 2.35898) 5s
step 300 loss 3.14575 (1-step 3.14575) 5s
step 400 loss 3.59656 (1-step 3.59656) 6s
step 500 loss 2.46183 (1-step 2.46183) 7s
step 600 loss 2.51524 (1-step 2.51524) 8s
step 700 loss 2.30458 (1-step 2.30458) 8s
step 800 loss 3.04648 (1-step 3.04648) 9s
step 900 loss 2.53944 (1-step 2.53944) 10s
step 1000 loss 2.03907 (1-step 2.03907) 11s
step 1100 loss 3.42971 (1-step 3.42971) 12s
step 1200 loss 1.44687 (1-step 1.44687) 13s
step 1300 loss 2.05976 (1-step 2.05976) 14s
step 1400 loss 2.82329 (1-step 2.82329) 14s
step 1500 loss 1.71539 (1-step 1.71539) 15s
step 1600 loss 1.51581 (1-step 1.51581) 16s
step 1700 loss 1.67973 (1-step 1.67973) 17s
step 1800 loss 1.27350 (1-step 1.27350) 18s
step 1900 loss 2.03996 (1-step 2.03996) 18s
step 2000 loss 1.92279 (1-step 1.92279) 19s
step 2100 loss 1.48444 (1-step 1.48444) 20s
step 2200 loss 1.65249 (1-step 1.65249) 21s
step 2300 loss 1.44281 (1-step 1.44281) 22s
step 2400 loss 2.79324 (1-step 2.79324) 23s
step 2500 loss 2.80172 (1-step 2.80172) 23s
step 2600 loss 2.09565 (1-step 2.09565) 24s
step 2700 loss 2.78163 (1-step 2.78163) 25s
step 2800 loss 2.00826 (1-step 2.00826) 26s
step 2900 loss 2.22783 (1-step 2.22783) 27s
step 3000 loss 2.46212 (1-step 2.46212) 28s
step 3100 loss 2.32426 (1-step 2.32426) 29s
step 3200 loss 1.99693 (1-step 1.99693) 29s
step 3300 loss 2.53315 (1-step 2.53315) 30s
step 3400 loss 1.79032 (1-step 1.79032) 31s
step 3500 loss 1.73942 (1-step 1.73942) 32s
step 3600 loss 1.57509 (1-step 1.57509) 32s
step 3700 loss 2.22402 (1-step 2.22402) 33s
step 3800 loss 2.48113 (1-step 2.48113) 34s
step 3900 loss 2.08713 (1-step 2.08713) 35s
step 4000 loss 1.33317 (1-step 1.33317) 36s
step 4100 loss 1.66298 (1-step 1.66298) 37s
step 4200 loss 2.30261 (1-step 2.30261) 38s
step 4300 loss 1.48355 (1-step 1.48355) 38s
step 4400 loss 2.70750 (1-step 2.70750) 39s
step 4500 loss 1.24089 (1-step 1.24089) 40s
step 4600 loss 2.01076 (1-step 2.01076) 41s
step 4700 loss 2.00928 (1-step 2.00928) 42s
step 4800 loss 1.57603 (1-step 1.57603) 42s
step 4900 loss 1.77954 (1-step 1.77954) 43s
step 5000 loss 1.69417 (1-step 1.69417) 44s
step 5100 loss 1.47516 (1-step 1.47516) 45s
step 5200 loss 2.39959 (1-step 2.39959) 46s
step 5300 loss 1.23045 (1-step 1.23045) 47s
step 5400 loss 1.27095 (1-step 1.27095) 47s
step 5500 loss 1.72730 (1-step 1.72730) 48s
step 5600 loss 1.08995 (1-step 1.08995) 49s
step 5700 loss 2.09249 (1-step 2.09249) 50s
step 5800 loss 1.01663 (1-step 1.01663) 51s
step 5900 loss 1.18513 (1-step 1.18513) 52s
step 6000 loss 1.75722 (1-step 1.75722) 53s
step 6100 loss 1.53858 (1-step 1.53858) 53s
step 6200 loss 1.99527 (1-step 1.99527) 54s
step 6300 loss 1.72317 (1-step 1.72317) 55s
step 6400 loss 1.99279 (1-step 1.99279) 56s
step 6500 loss 1.26042 (1-step 1.26042) 57s
step 6600 loss 1.29940 (1-step 1.29940) 57s
step 6700 loss 1.43830 (1-step 1.43830) 58s
step 6800 loss 1.16739 (1-step 1.16739) 59s
step 6900 loss 0.97225 (1-step 0.97225) 60s
step 7000 loss 0.81929 (1-step 0.81929) 61s
step 7100 loss 0.84854 (1-step 0.84854) 62s
step 7200 loss 1.04882 (1-step 1.04882) 62s
step 7300 loss 1.14727 (1-step 1.14727) 63s
step 7400 loss 1.22297 (1-step 1.22297) 64s
step 7500 loss 1.37761 (1-step 1.37761) 65s
step 7600 loss 1.18522 (1-step 1.18522) 66s
step 7700 loss 0.83426 (1-step 0.83426) 66s
step 7800 loss 1.72788 (1-step 1.72788) 67s
step 7900 loss 1.11181 (1-step 1.11181) 68s
step 8000 loss 0.95153 (1-step 0.95153) 69s
step 8100 loss 0.84015 (1-step 0.84015) 70s
step 8200 loss 1.19839 (1-step 1.19839) 71s
step 8300 loss 1.12067 (1-step 1.12067) 72s
step 8400 loss 1.77188 (1-step 1.77188) 72s
step 8500 loss 1.99001 (1-step 1.99001) 73s
step 8600 loss 0.88867 (1-step 0.88867) 74s
step 8700 loss 1.32501 (1-step 1.32501) 75s
step 8800 loss 1.37654 (1-step 1.37654) 76s
step 8900 loss 0.74875 (1-step 0.74875) 77s
step 9000 loss 1.59143 (1-step 1.59143) 77s
step 9100 loss 0.88752 (1-step 0.88752) 78s
step 9200 loss 1.24461 (1-step 1.24461) 79s
step 9300 loss 0.93968 (1-step 0.93968) 80s
step 9400 loss 0.94900 (1-step 0.94900) 81s
step 9500 loss 0.56902 (1-step 0.56902) 81s
step 9600 loss 1.34134 (1-step 1.34134) 82s
step 9700 loss 0.99546 (1-step 0.99546) 83s
step 9800 loss 1.24699 (1-step 1.24699) 84s
step 9900 loss 0.72987 (1-step 0.72987) 85s
step 10000 loss 1.41840 (1-step 1.41840) 86s
  [val one-step] dv_err_mean=0.01524 dw_err_mean=0.1715 dv_err_far_free=0.001656 dw_err_far_free=0.0138 dv_err_near_contact=0.02772 dw_err_near_contact=0.1928 dv_err_first_impact=0.675 dw_err_first_impact=6.384 dv_err_contact=0.01344 dw_err_contact=0.1651 dv_err_rebound_repeat=0.1273 dw_err_rebound_repeat=2.03 dv_err_resting=0.004468 dw_err_resting=0.0783
step 10100 loss 1.16463 (1-step 1.16463) 87s
step 10200 loss 0.62109 (1-step 0.62109) 88s
step 10300 loss 0.95749 (1-step 0.95749) 88s
step 10400 loss 0.75044 (1-step 0.75044) 89s
step 10500 loss 0.81113 (1-step 0.81113) 90s
step 10600 loss 0.82509 (1-step 0.82509) 91s
step 10700 loss 0.83195 (1-step 0.83195) 92s
step 10800 loss 0.74867 (1-step 0.74867) 93s
step 10900 loss 0.64652 (1-step 0.64652) 94s
step 11000 loss 0.52070 (1-step 0.52070) 94s
step 11100 loss 0.74140 (1-step 0.74140) 95s
step 11200 loss 0.62668 (1-step 0.62668) 96s
step 11300 loss 0.83861 (1-step 0.83861) 97s
step 11400 loss 0.95580 (1-step 0.95580) 97s
step 11500 loss 0.72751 (1-step 0.72751) 98s
step 11600 loss 0.51551 (1-step 0.51551) 99s
step 11700 loss 0.52520 (1-step 0.52520) 100s
step 11800 loss 0.84209 (1-step 0.84209) 101s
step 11900 loss 0.82950 (1-step 0.82950) 102s
step 12000 loss 1.03579 (1-step 1.03579) 103s
step 12100 loss 0.82610 (1-step 0.82610) 104s
step 12200 loss 0.63691 (1-step 0.63691) 104s
step 12300 loss 0.66363 (1-step 0.66363) 105s
step 12400 loss 0.67793 (1-step 0.67793) 106s
step 12500 loss 0.89154 (1-step 0.89154) 107s
step 12600 loss 0.62949 (1-step 0.62949) 107s
step 12700 loss 0.89732 (1-step 0.89732) 108s
step 12800 loss 0.62692 (1-step 0.62692) 109s
step 12900 loss 0.60055 (1-step 0.60055) 110s
step 13000 loss 0.68999 (1-step 0.68999) 111s
step 13100 loss 0.62407 (1-step 0.62407) 112s
step 13200 loss 0.60075 (1-step 0.60075) 112s
step 13300 loss 0.61593 (1-step 0.61593) 113s
step 13400 loss 0.82401 (1-step 0.82401) 114s
step 13500 loss 0.67714 (1-step 0.67714) 115s
step 13600 loss 0.45998 (1-step 0.45998) 116s
step 13700 loss 0.69333 (1-step 0.69333) 116s
step 13800 loss 0.67559 (1-step 0.67559) 117s
step 13900 loss 0.62223 (1-step 0.62223) 118s
step 14000 loss 0.41616 (1-step 0.41616) 119s
step 14100 loss 0.65804 (1-step 0.65804) 120s
step 14200 loss 0.53615 (1-step 0.53615) 121s
step 14300 loss 0.58407 (1-step 0.58407) 122s
step 14400 loss 0.64761 (1-step 0.64761) 122s
step 14500 loss 0.39722 (1-step 0.39722) 123s
step 14600 loss 0.39188 (1-step 0.39188) 124s
step 14700 loss 0.47067 (1-step 0.47067) 125s
step 14800 loss 0.45985 (1-step 0.45985) 126s
step 14900 loss 0.31441 (1-step 0.31441) 127s
step 15000 loss 0.47968 (1-step 0.47968) 128s
step 15100 loss 0.34487 (1-step 0.34487) 129s
step 15200 loss 0.29903 (1-step 0.29903) 129s
step 15300 loss 0.49197 (1-step 0.49197) 130s
step 15400 loss 0.37678 (1-step 0.37678) 131s
step 15500 loss 0.63354 (1-step 0.63354) 132s
step 15600 loss 0.40320 (1-step 0.40320) 133s
step 15700 loss 0.53064 (1-step 0.53064) 133s
step 15800 loss 0.54708 (1-step 0.54708) 134s
step 15900 loss 0.56163 (1-step 0.56163) 135s
step 16000 loss 0.38426 (1-step 0.38426) 136s
step 16100 loss 0.39965 (1-step 0.39965) 137s
step 16200 loss 0.55782 (1-step 0.55782) 138s
step 16300 loss 0.40437 (1-step 0.40437) 139s
step 16400 loss 0.29183 (1-step 0.29183) 139s
step 16500 loss 0.49638 (1-step 0.49638) 140s
step 16600 loss 0.36710 (1-step 0.36710) 141s
step 16700 loss 0.31625 (1-step 0.31625) 142s
step 16800 loss 0.37050 (1-step 0.37050) 143s
step 16900 loss 0.27195 (1-step 0.27195) 144s
step 17000 loss 0.38808 (1-step 0.38808) 144s
step 17100 loss 0.63369 (1-step 0.63369) 145s
step 17200 loss 0.56112 (1-step 0.56112) 146s
step 17300 loss 0.43463 (1-step 0.43463) 147s
step 17400 loss 0.45123 (1-step 0.45123) 148s
step 17500 loss 0.44691 (1-step 0.44691) 149s
step 17600 loss 0.46537 (1-step 0.46537) 149s
step 17700 loss 0.43948 (1-step 0.43948) 150s
step 17800 loss 0.45228 (1-step 0.45228) 151s
step 17900 loss 0.37770 (1-step 0.37770) 152s
step 18000 loss 0.35543 (1-step 0.35543) 153s
step 18100 loss 0.35146 (1-step 0.35146) 154s
step 18200 loss 0.52318 (1-step 0.52318) 155s
step 18300 loss 0.30582 (1-step 0.30582) 155s
step 18400 loss 0.63730 (1-step 0.63730) 156s
step 18500 loss 0.54607 (1-step 0.54607) 157s
step 18600 loss 0.28022 (1-step 0.28022) 158s
step 18700 loss 0.39247 (1-step 0.39247) 159s
step 18800 loss 0.19676 (1-step 0.19676) 159s
step 18900 loss 0.39559 (1-step 0.39559) 160s
step 19000 loss 0.29466 (1-step 0.29466) 161s
step 19100 loss 0.46750 (1-step 0.46750) 162s
step 19200 loss 0.28678 (1-step 0.28678) 163s
step 19300 loss 0.35265 (1-step 0.35265) 164s
step 19400 loss 0.33563 (1-step 0.33563) 164s
step 19500 loss 0.40320 (1-step 0.40320) 165s
step 19600 loss 0.22901 (1-step 0.22901) 166s
step 19700 loss 0.26561 (1-step 0.26561) 167s
step 19800 loss 0.27953 (1-step 0.27953) 168s
step 19900 loss 0.28254 (1-step 0.28254) 169s
step 20000 loss 0.51384 (1-step 0.51384) 170s
  [val one-step] dv_err_mean=0.01302 dw_err_mean=0.1545 dv_err_far_free=0.0007705 dw_err_far_free=0.008946 dv_err_near_contact=0.01749 dw_err_near_contact=0.1277 dv_err_first_impact=0.6591 dw_err_first_impact=5.658 dv_err_contact=0.01232 dw_err_contact=0.1572 dv_err_rebound_repeat=0.1255 dw_err_rebound_repeat=2.008 dv_err_resting=0.00381 dw_err_resting=0.07456
step 20100 loss 0.24559 (1-step 0.24559) 171s
step 20200 loss 0.27799 (1-step 0.27799) 171s
step 20300 loss 0.24811 (1-step 0.24811) 172s
step 20400 loss 0.28907 (1-step 0.28907) 173s
step 20500 loss 0.45317 (1-step 0.45317) 174s
step 20600 loss 0.18857 (1-step 0.18857) 175s
step 20700 loss 0.36430 (1-step 0.36430) 175s
step 20800 loss 0.25147 (1-step 0.25147) 176s
step 20900 loss 0.50979 (1-step 0.50979) 177s
step 21000 loss 0.39659 (1-step 0.39659) 178s
step 21100 loss 0.28342 (1-step 0.28342) 179s
step 21200 loss 0.21218 (1-step 0.21218) 180s
step 21300 loss 0.28149 (1-step 0.28149) 181s
step 21400 loss 0.30201 (1-step 0.30201) 182s
step 21500 loss 0.31184 (1-step 0.31184) 182s
step 21600 loss 0.32686 (1-step 0.32686) 183s
step 21700 loss 0.45451 (1-step 0.45451) 184s
step 21800 loss 0.37074 (1-step 0.37074) 185s
step 21900 loss 0.25029 (1-step 0.25029) 186s
step 22000 loss 0.30900 (1-step 0.30900) 187s
step 22100 loss 0.35706 (1-step 0.35706) 188s
step 22200 loss 0.18789 (1-step 0.18789) 188s
step 22300 loss 0.29842 (1-step 0.29842) 189s
step 22400 loss 0.19041 (1-step 0.19041) 190s
step 22500 loss 0.22744 (1-step 0.22744) 191s
step 22600 loss 0.23534 (1-step 0.23534) 192s
step 22700 loss 0.29500 (1-step 0.29500) 193s
step 22800 loss 0.17908 (1-step 0.17908) 193s
step 22900 loss 0.19023 (1-step 0.19023) 194s
step 23000 loss 0.33744 (1-step 0.33744) 195s
step 23100 loss 0.19364 (1-step 0.19364) 196s
step 23200 loss 0.23804 (1-step 0.23804) 197s
step 23300 loss 0.22041 (1-step 0.22041) 198s
step 23400 loss 0.27973 (1-step 0.27973) 199s
step 23500 loss 0.20644 (1-step 0.20644) 199s
step 23600 loss 0.15243 (1-step 0.15243) 200s
step 23700 loss 0.17864 (1-step 0.17864) 201s
step 23800 loss 0.26740 (1-step 0.26740) 202s
step 23900 loss 0.39077 (1-step 0.39077) 203s
step 24000 loss 0.27441 (1-step 0.27441) 204s
step 24100 loss 0.30335 (1-step 0.30335) 204s
step 24200 loss 0.27465 (1-step 0.27465) 205s
step 24300 loss 0.25243 (1-step 0.25243) 206s
step 24400 loss 0.20564 (1-step 0.20564) 207s
step 24500 loss 0.33634 (1-step 0.33634) 208s
step 24600 loss 0.21527 (1-step 0.21527) 209s
step 24700 loss 0.19170 (1-step 0.19170) 209s
step 24800 loss 0.16006 (1-step 0.16006) 210s
step 24900 loss 0.25611 (1-step 0.25611) 211s
step 25000 loss 0.26671 (1-step 0.26671) 212s
step 25100 loss 0.24895 (1-step 0.24895) 213s
step 25200 loss 0.25615 (1-step 0.25615) 214s
step 25300 loss 0.35236 (1-step 0.35236) 214s
step 25400 loss 0.13611 (1-step 0.13611) 215s
step 25500 loss 0.24199 (1-step 0.24199) 216s
step 25600 loss 0.22004 (1-step 0.22004) 217s
step 25700 loss 0.26956 (1-step 0.26956) 218s
step 25800 loss 0.23614 (1-step 0.23614) 219s
step 25900 loss 0.25399 (1-step 0.25399) 220s
step 26000 loss 0.18313 (1-step 0.18313) 221s
step 26100 loss 0.19331 (1-step 0.19331) 221s
step 26200 loss 0.14941 (1-step 0.14941) 222s
step 26300 loss 0.21323 (1-step 0.21323) 223s
step 26400 loss 0.15383 (1-step 0.15383) 224s
step 26500 loss 0.12929 (1-step 0.12929) 225s
step 26600 loss 0.24125 (1-step 0.24125) 226s
step 26700 loss 0.22013 (1-step 0.22013) 226s
step 26800 loss 0.32981 (1-step 0.32981) 227s
step 26900 loss 0.15662 (1-step 0.15662) 228s
step 27000 loss 0.20798 (1-step 0.20798) 229s
step 27100 loss 0.19774 (1-step 0.19774) 230s
step 27200 loss 0.22535 (1-step 0.22535) 230s
step 27300 loss 0.17508 (1-step 0.17508) 231s
step 27400 loss 0.20071 (1-step 0.20071) 232s
step 27500 loss 0.13357 (1-step 0.13357) 233s
step 27600 loss 0.15997 (1-step 0.15997) 234s
step 27700 loss 0.17682 (1-step 0.17682) 235s
step 27800 loss 0.19597 (1-step 0.19597) 236s
step 27900 loss 0.17395 (1-step 0.17395) 237s
step 28000 loss 0.15718 (1-step 0.15718) 238s
step 28100 loss 0.21801 (1-step 0.21801) 238s
step 28200 loss 0.20044 (1-step 0.20044) 239s
step 28300 loss 0.13976 (1-step 0.13976) 240s
step 28400 loss 0.22188 (1-step 0.22188) 241s
step 28500 loss 0.16343 (1-step 0.16343) 242s
step 28600 loss 0.14643 (1-step 0.14643) 242s
step 28700 loss 0.22563 (1-step 0.22563) 243s
step 28800 loss 0.17133 (1-step 0.17133) 244s
step 28900 loss 0.16624 (1-step 0.16624) 245s
step 29000 loss 0.25906 (1-step 0.25906) 246s
step 29100 loss 0.20584 (1-step 0.20584) 247s
step 29200 loss 0.17081 (1-step 0.17081) 248s
step 29300 loss 0.22844 (1-step 0.22844) 248s
step 29400 loss 0.15355 (1-step 0.15355) 249s
step 29500 loss 0.14703 (1-step 0.14703) 250s
step 29600 loss 0.21117 (1-step 0.21117) 251s
step 29700 loss 0.15132 (1-step 0.15132) 252s
step 29800 loss 0.16656 (1-step 0.16656) 253s
step 29900 loss 0.30353 (1-step 0.30353) 253s
step 30000 loss 0.17521 (1-step 0.17521) 254s
  [val one-step] dv_err_mean=0.01403 dw_err_mean=0.169 dv_err_far_free=0.0006733 dw_err_far_free=0.008736 dv_err_near_contact=0.01945 dw_err_near_contact=0.1458 dv_err_first_impact=0.6515 dw_err_first_impact=5.439 dv_err_contact=0.01363 dw_err_contact=0.1848 dv_err_rebound_repeat=0.1406 dw_err_rebound_repeat=2.171 dv_err_resting=0.004023 dw_err_resting=0.07295
[rollout val/gt] pos_err@100=0.002416 pos_err@500=0.1222 pos_err_final=0.3494 rot_err_deg_final=109.4 v_err_mean=0.4931 w_err_mean=4.51 impact_dv_err=3.178 impact_dw_err=15.46 apex_err=0.01417 max_penetration_pred=0.04875 artificial_energy_max=0.09192
[rollout test/gt] pos_err@100=0.002378 pos_err@500=0.09708 pos_err_final=0.3362 rot_err_deg_final=114.4 v_err_mean=0.5077 w_err_mean=4.388 impact_dv_err=3.414 impact_dw_err=16.26 apex_err=0.0218 max_penetration_pred=0.05209 artificial_energy_max=0.242
TRAIN_DONE
