NVIDIA H100 80GB HBM3, 580.159.04, 81559 MiB
torch 2.13.0+cu130 cuda True
CMD: python scripts/train_transition.py --data data/pilot1b --contact-mode explicit --out runs/expB_pilot_oracle_explicit --steps 30000 --eval-every 10000 --workers 2 --eval-contact-sources gt,analytic
loaded split train: 1189 episodes in 7.8s
loaded split val: 255 episodes in 1.6s
loaded split test: 255 episodes in 1.6s
loaded split test_geometry: 301 episodes in 1.9s
transition model contact_mode=explicit params=640582
step 100 loss 2.13956 (1-step 2.13956) 4s
step 200 loss 2.08951 (1-step 2.08951) 5s
step 300 loss 2.09885 (1-step 2.09885) 6s
step 400 loss 2.19018 (1-step 2.19018) 7s
step 500 loss 2.94827 (1-step 2.94827) 8s
step 600 loss 2.53330 (1-step 2.53330) 9s
step 700 loss 2.84125 (1-step 2.84125) 9s
step 800 loss 2.08505 (1-step 2.08505) 10s
step 900 loss 1.27330 (1-step 1.27330) 11s
step 1000 loss 1.68041 (1-step 1.68041) 12s
step 1100 loss 1.93103 (1-step 1.93103) 13s
step 1200 loss 1.16941 (1-step 1.16941) 14s
step 1300 loss 1.03256 (1-step 1.03256) 15s
step 1400 loss 0.64746 (1-step 0.64746) 16s
step 1500 loss 0.90590 (1-step 0.90590) 16s
step 1600 loss 1.49005 (1-step 1.49005) 17s
step 1700 loss 1.49740 (1-step 1.49740) 18s
step 1800 loss 1.18042 (1-step 1.18042) 19s
step 1900 loss 0.99030 (1-step 0.99030) 20s
step 2000 loss 1.12180 (1-step 1.12180) 21s
step 2100 loss 0.87565 (1-step 0.87565) 22s
step 2200 loss 0.93351 (1-step 0.93351) 23s
step 2300 loss 1.07734 (1-step 1.07734) 24s
step 2400 loss 1.06293 (1-step 1.06293) 25s
step 2500 loss 0.79563 (1-step 0.79563) 25s
step 2600 loss 0.43173 (1-step 0.43173) 26s
step 2700 loss 0.43272 (1-step 0.43272) 27s
step 2800 loss 0.82539 (1-step 0.82539) 28s
step 2900 loss 0.47588 (1-step 0.47588) 29s
step 3000 loss 0.75119 (1-step 0.75119) 30s
step 3100 loss 0.94551 (1-step 0.94551) 31s
step 3200 loss 0.49471 (1-step 0.49471) 31s
step 3300 loss 0.70926 (1-step 0.70926) 32s
step 3400 loss 0.55792 (1-step 0.55792) 33s
step 3500 loss 0.37341 (1-step 0.37341) 34s
step 3600 loss 0.60909 (1-step 0.60909) 35s
step 3700 loss 0.60282 (1-step 0.60282) 36s
step 3800 loss 0.69919 (1-step 0.69919) 37s
step 3900 loss 0.45179 (1-step 0.45179) 38s
step 4000 loss 0.52089 (1-step 0.52089) 38s
step 4100 loss 0.68699 (1-step 0.68699) 40s
step 4200 loss 0.39448 (1-step 0.39448) 41s
step 4300 loss 0.36613 (1-step 0.36613) 41s
step 4400 loss 0.49046 (1-step 0.49046) 42s
step 4500 loss 0.42406 (1-step 0.42406) 43s
step 4600 loss 0.43072 (1-step 0.43072) 44s
step 4700 loss 0.29173 (1-step 0.29173) 45s
step 4800 loss 0.30441 (1-step 0.30441) 46s
step 4900 loss 0.55165 (1-step 0.55165) 46s
step 5000 loss 0.29132 (1-step 0.29132) 47s
step 5100 loss 0.39995 (1-step 0.39995) 48s
step 5200 loss 0.67353 (1-step 0.67353) 49s
step 5300 loss 0.41277 (1-step 0.41277) 50s
step 5400 loss 0.46134 (1-step 0.46134) 51s
step 5500 loss 0.28672 (1-step 0.28672) 52s
step 5600 loss 0.45038 (1-step 0.45038) 53s
step 5700 loss 0.23223 (1-step 0.23223) 54s
step 5800 loss 0.28407 (1-step 0.28407) 55s
step 5900 loss 0.37642 (1-step 0.37642) 56s
step 6000 loss 0.24711 (1-step 0.24711) 57s
step 6100 loss 0.29813 (1-step 0.29813) 57s
step 6200 loss 0.23225 (1-step 0.23225) 58s
step 6300 loss 0.29960 (1-step 0.29960) 59s
step 6400 loss 0.16836 (1-step 0.16836) 60s
step 6500 loss 0.42082 (1-step 0.42082) 61s
step 6600 loss 0.30786 (1-step 0.30786) 62s
step 6700 loss 0.25227 (1-step 0.25227) 63s
step 6800 loss 0.26950 (1-step 0.26950) 64s
step 6900 loss 0.29617 (1-step 0.29617) 65s
step 7000 loss 0.22594 (1-step 0.22594) 66s
step 7100 loss 0.20818 (1-step 0.20818) 67s
step 7200 loss 0.16876 (1-step 0.16876) 67s
step 7300 loss 0.16565 (1-step 0.16565) 68s
step 7400 loss 0.18940 (1-step 0.18940) 69s
step 7500 loss 0.29932 (1-step 0.29932) 70s
step 7600 loss 0.23279 (1-step 0.23279) 71s
step 7700 loss 0.23540 (1-step 0.23540) 72s
step 7800 loss 0.17758 (1-step 0.17758) 73s
step 7900 loss 0.23246 (1-step 0.23246) 74s
step 8000 loss 0.16218 (1-step 0.16218) 75s
step 8100 loss 0.21759 (1-step 0.21759) 76s
step 8200 loss 0.11558 (1-step 0.11558) 77s
step 8300 loss 0.19143 (1-step 0.19143) 77s
step 8400 loss 0.30198 (1-step 0.30198) 78s
step 8500 loss 0.15636 (1-step 0.15636) 79s
step 8600 loss 0.22363 (1-step 0.22363) 80s
step 8700 loss 0.14017 (1-step 0.14017) 81s
step 8800 loss 0.24543 (1-step 0.24543) 82s
step 8900 loss 0.14937 (1-step 0.14937) 83s
step 9000 loss 0.16687 (1-step 0.16687) 84s
step 9100 loss 0.13612 (1-step 0.13612) 85s
step 9200 loss 0.13017 (1-step 0.13017) 86s
step 9300 loss 0.16293 (1-step 0.16293) 86s
step 9400 loss 0.28386 (1-step 0.28386) 87s
step 9500 loss 0.13561 (1-step 0.13561) 88s
step 9600 loss 0.15039 (1-step 0.15039) 89s
step 9700 loss 0.11868 (1-step 0.11868) 90s
step 9800 loss 0.21480 (1-step 0.21480) 91s
step 9900 loss 0.08897 (1-step 0.08897) 92s
step 10000 loss 0.11613 (1-step 0.11613) 93s
  [val one-step] dv_err_mean=0.005561 dw_err_mean=0.1172 dv_err_far_free=3.737e-08 dw_err_far_free=0.00514 dv_err_near_contact=1.692e-08 dw_err_near_contact=0.02431 dv_err_first_impact=0.2865 dw_err_first_impact=4.285 dv_err_contact=0.007769 dw_err_contact=0.1595 dv_err_rebound_repeat=0.04635 dw_err_rebound_repeat=0.9669 dv_err_resting=0.003486 dw_err_resting=0.1047
step 10100 loss 0.16674 (1-step 0.16674) 94s
step 10200 loss 0.09033 (1-step 0.09033) 94s
step 10300 loss 0.14106 (1-step 0.14106) 95s
step 10400 loss 0.09818 (1-step 0.09818) 96s
step 10500 loss 0.10096 (1-step 0.10096) 97s
step 10600 loss 0.13737 (1-step 0.13737) 98s
step 10700 loss 0.10549 (1-step 0.10549) 99s
step 10800 loss 0.09830 (1-step 0.09830) 100s
step 10900 loss 0.15660 (1-step 0.15660) 100s
step 11000 loss 0.15078 (1-step 0.15078) 101s
step 11100 loss 0.10802 (1-step 0.10802) 102s
step 11200 loss 0.21456 (1-step 0.21456) 103s
step 11300 loss 0.10657 (1-step 0.10657) 104s
step 11400 loss 0.09920 (1-step 0.09920) 105s
step 11500 loss 0.09309 (1-step 0.09309) 105s
step 11600 loss 0.08142 (1-step 0.08142) 106s
step 11700 loss 0.09674 (1-step 0.09674) 107s
step 11800 loss 0.10379 (1-step 0.10379) 108s
step 11900 loss 0.06689 (1-step 0.06689) 109s
step 12000 loss 0.07147 (1-step 0.07147) 110s
step 12100 loss 0.10734 (1-step 0.10734) 111s
step 12200 loss 0.07898 (1-step 0.07898) 112s
step 12300 loss 0.10329 (1-step 0.10329) 113s
step 12400 loss 0.12614 (1-step 0.12614) 114s
step 12500 loss 0.13323 (1-step 0.13323) 114s
step 12600 loss 0.08848 (1-step 0.08848) 115s
step 12700 loss 0.06878 (1-step 0.06878) 116s
step 12800 loss 0.06488 (1-step 0.06488) 117s
step 12900 loss 0.09122 (1-step 0.09122) 118s
step 13000 loss 0.09358 (1-step 0.09358) 119s
step 13100 loss 0.12019 (1-step 0.12019) 120s
step 13200 loss 0.15673 (1-step 0.15673) 121s
step 13300 loss 0.09942 (1-step 0.09942) 122s
step 13400 loss 0.11582 (1-step 0.11582) 123s
step 13500 loss 0.06532 (1-step 0.06532) 124s
step 13600 loss 0.07095 (1-step 0.07095) 124s
step 13700 loss 0.22651 (1-step 0.22651) 125s
step 13800 loss 0.05945 (1-step 0.05945) 126s
step 13900 loss 0.07766 (1-step 0.07766) 127s
step 14000 loss 0.09776 (1-step 0.09776) 128s
step 14100 loss 0.06769 (1-step 0.06769) 129s
step 14200 loss 0.04267 (1-step 0.04267) 130s
step 14300 loss 0.04355 (1-step 0.04355) 131s
step 14400 loss 0.06078 (1-step 0.06078) 132s
step 14500 loss 0.04224 (1-step 0.04224) 132s
step 14600 loss 0.09306 (1-step 0.09306) 133s
step 14700 loss 0.05855 (1-step 0.05855) 134s
step 14800 loss 0.06597 (1-step 0.06597) 135s
step 14900 loss 0.10431 (1-step 0.10431) 136s
step 15000 loss 0.05331 (1-step 0.05331) 137s
step 15100 loss 0.05567 (1-step 0.05567) 138s
step 15200 loss 0.08457 (1-step 0.08457) 139s
step 15300 loss 0.04447 (1-step 0.04447) 140s
step 15400 loss 0.05547 (1-step 0.05547) 141s
step 15500 loss 0.07189 (1-step 0.07189) 141s
step 15600 loss 0.15217 (1-step 0.15217) 142s
step 15700 loss 0.05272 (1-step 0.05272) 143s
step 15800 loss 0.06878 (1-step 0.06878) 144s
step 15900 loss 0.05914 (1-step 0.05914) 145s
step 16000 loss 0.07338 (1-step 0.07338) 146s
step 16100 loss 0.03389 (1-step 0.03389) 147s
step 16200 loss 0.04809 (1-step 0.04809) 148s
step 16300 loss 0.05954 (1-step 0.05954) 149s
step 16400 loss 0.04077 (1-step 0.04077) 150s
step 16500 loss 0.04989 (1-step 0.04989) 151s
step 16600 loss 0.04090 (1-step 0.04090) 151s
step 16700 loss 0.10863 (1-step 0.10863) 152s
step 16800 loss 0.05415 (1-step 0.05415) 153s
step 16900 loss 0.07284 (1-step 0.07284) 154s
step 17000 loss 0.07281 (1-step 0.07281) 155s
step 17100 loss 0.05826 (1-step 0.05826) 156s
step 17200 loss 0.05115 (1-step 0.05115) 157s
step 17300 loss 0.04812 (1-step 0.04812) 158s
step 17400 loss 0.06643 (1-step 0.06643) 159s
step 17500 loss 0.05069 (1-step 0.05069) 160s
step 17600 loss 0.05166 (1-step 0.05166) 160s
step 17700 loss 0.07082 (1-step 0.07082) 161s
step 17800 loss 0.05886 (1-step 0.05886) 162s
step 17900 loss 0.05654 (1-step 0.05654) 163s
step 18000 loss 0.04582 (1-step 0.04582) 164s
step 18100 loss 0.06337 (1-step 0.06337) 165s
step 18200 loss 0.05147 (1-step 0.05147) 166s
step 18300 loss 0.04619 (1-step 0.04619) 167s
step 18400 loss 0.03349 (1-step 0.03349) 168s
step 18500 loss 0.06794 (1-step 0.06794) 168s
step 18600 loss 0.04315 (1-step 0.04315) 169s
step 18700 loss 0.10753 (1-step 0.10753) 170s
step 18800 loss 0.03237 (1-step 0.03237) 171s
step 18900 loss 0.03457 (1-step 0.03457) 172s
step 19000 loss 0.04377 (1-step 0.04377) 173s
step 19100 loss 0.03910 (1-step 0.03910) 174s
step 19200 loss 0.03872 (1-step 0.03872) 174s
step 19300 loss 0.04063 (1-step 0.04063) 175s
step 19400 loss 0.04187 (1-step 0.04187) 176s
step 19500 loss 0.05316 (1-step 0.05316) 177s
step 19600 loss 0.11352 (1-step 0.11352) 178s
step 19700 loss 0.03774 (1-step 0.03774) 179s
step 19800 loss 0.03932 (1-step 0.03932) 180s
step 19900 loss 0.03486 (1-step 0.03486) 181s
step 20000 loss 0.05225 (1-step 0.05225) 182s
  [val one-step] dv_err_mean=0.005031 dw_err_mean=0.1111 dv_err_far_free=3.737e-08 dw_err_far_free=0.00514 dv_err_near_contact=1.692e-08 dw_err_near_contact=0.02431 dv_err_first_impact=0.29 dw_err_first_impact=3.95 dv_err_contact=0.006578 dw_err_contact=0.1479 dv_err_rebound_repeat=0.04274 dw_err_rebound_repeat=0.8959 dv_err_resting=0.003272 dw_err_resting=0.1143
step 20100 loss 0.03287 (1-step 0.03287) 183s
step 20200 loss 0.03602 (1-step 0.03602) 184s
step 20300 loss 0.05670 (1-step 0.05670) 184s
step 20400 loss 0.03796 (1-step 0.03796) 185s
step 20500 loss 0.03826 (1-step 0.03826) 186s
step 20600 loss 0.04567 (1-step 0.04567) 187s
step 20700 loss 0.03719 (1-step 0.03719) 188s
step 20800 loss 0.04804 (1-step 0.04804) 189s
step 20900 loss 0.04584 (1-step 0.04584) 190s
step 21000 loss 0.03783 (1-step 0.03783) 191s
step 21100 loss 0.04236 (1-step 0.04236) 192s
step 21200 loss 0.03236 (1-step 0.03236) 193s
step 21300 loss 0.03306 (1-step 0.03306) 194s
step 21400 loss 0.05745 (1-step 0.05745) 195s
step 21500 loss 0.05138 (1-step 0.05138) 196s
step 21600 loss 0.02685 (1-step 0.02685) 196s
step 21700 loss 0.04823 (1-step 0.04823) 197s
step 21800 loss 0.03161 (1-step 0.03161) 198s
step 21900 loss 0.04494 (1-step 0.04494) 199s
step 22000 loss 0.03459 (1-step 0.03459) 200s
step 22100 loss 0.04040 (1-step 0.04040) 201s
step 22200 loss 0.02991 (1-step 0.02991) 202s
step 22300 loss 0.05960 (1-step 0.05960) 203s
step 22400 loss 0.04801 (1-step 0.04801) 204s
step 22500 loss 0.04489 (1-step 0.04489) 205s
step 22600 loss 0.02682 (1-step 0.02682) 206s
step 22700 loss 0.02702 (1-step 0.02702) 206s
step 22800 loss 0.03978 (1-step 0.03978) 207s
step 22900 loss 0.02467 (1-step 0.02467) 208s
step 23000 loss 0.02326 (1-step 0.02326) 209s
step 23100 loss 0.06169 (1-step 0.06169) 210s
step 23200 loss 0.03719 (1-step 0.03719) 211s
step 23300 loss 0.03330 (1-step 0.03330) 211s
step 23400 loss 0.02877 (1-step 0.02877) 212s
step 23500 loss 0.03144 (1-step 0.03144) 213s
step 23600 loss 0.03090 (1-step 0.03090) 214s
step 23700 loss 0.03838 (1-step 0.03838) 215s
step 23800 loss 0.02954 (1-step 0.02954) 216s
step 23900 loss 0.03109 (1-step 0.03109) 217s
step 24000 loss 0.03093 (1-step 0.03093) 218s
step 24100 loss 0.02089 (1-step 0.02089) 219s
step 24200 loss 0.02923 (1-step 0.02923) 220s
step 24300 loss 0.02800 (1-step 0.02800) 221s
step 24400 loss 0.02096 (1-step 0.02096) 221s
step 24500 loss 0.01836 (1-step 0.01836) 222s
step 24600 loss 0.03505 (1-step 0.03505) 223s
step 24700 loss 0.03073 (1-step 0.03073) 224s
step 24800 loss 0.03709 (1-step 0.03709) 225s
step 24900 loss 0.02474 (1-step 0.02474) 226s
step 25000 loss 0.03235 (1-step 0.03235) 227s
step 25100 loss 0.01726 (1-step 0.01726) 228s
step 25200 loss 0.04622 (1-step 0.04622) 229s
step 25300 loss 0.02257 (1-step 0.02257) 229s
step 25400 loss 0.04873 (1-step 0.04873) 230s
step 25500 loss 0.02078 (1-step 0.02078) 231s
step 25600 loss 0.02324 (1-step 0.02324) 232s
step 25700 loss 0.02768 (1-step 0.02768) 233s
step 25800 loss 0.02730 (1-step 0.02730) 234s
step 25900 loss 0.02859 (1-step 0.02859) 235s
step 26000 loss 0.03761 (1-step 0.03761) 236s
step 26100 loss 0.02830 (1-step 0.02830) 237s
step 26200 loss 0.02492 (1-step 0.02492) 237s
step 26300 loss 0.03117 (1-step 0.03117) 238s
step 26400 loss 0.03195 (1-step 0.03195) 239s
step 26500 loss 0.02856 (1-step 0.02856) 240s
step 26600 loss 0.02046 (1-step 0.02046) 241s
step 26700 loss 0.05228 (1-step 0.05228) 242s
step 26800 loss 0.04325 (1-step 0.04325) 243s
step 26900 loss 0.02678 (1-step 0.02678) 243s
step 27000 loss 0.02760 (1-step 0.02760) 244s
step 27100 loss 0.02344 (1-step 0.02344) 245s
step 27200 loss 0.02737 (1-step 0.02737) 246s
step 27300 loss 0.03227 (1-step 0.03227) 246s
step 27400 loss 0.03729 (1-step 0.03729) 247s
step 27500 loss 0.01902 (1-step 0.01902) 248s
step 27600 loss 0.02713 (1-step 0.02713) 249s
step 27700 loss 0.03356 (1-step 0.03356) 250s
step 27800 loss 0.02362 (1-step 0.02362) 251s
step 27900 loss 0.02485 (1-step 0.02485) 252s
step 28000 loss 0.02882 (1-step 0.02882) 253s
step 28100 loss 0.02899 (1-step 0.02899) 254s
step 28200 loss 0.02480 (1-step 0.02480) 255s
step 28300 loss 0.02195 (1-step 0.02195) 255s
step 28400 loss 0.02427 (1-step 0.02427) 256s
step 28500 loss 0.07054 (1-step 0.07054) 257s
step 28600 loss 0.02831 (1-step 0.02831) 258s
step 28700 loss 0.01527 (1-step 0.01527) 259s
step 28800 loss 0.02414 (1-step 0.02414) 260s
step 28900 loss 0.02082 (1-step 0.02082) 261s
step 29000 loss 0.03351 (1-step 0.03351) 262s
step 29100 loss 0.01893 (1-step 0.01893) 262s
step 29200 loss 0.02859 (1-step 0.02859) 263s
step 29300 loss 0.03706 (1-step 0.03706) 264s
step 29400 loss 0.04621 (1-step 0.04621) 265s
step 29500 loss 0.03199 (1-step 0.03199) 266s
step 29600 loss 0.01558 (1-step 0.01558) 267s
step 29700 loss 0.03009 (1-step 0.03009) 268s
step 29800 loss 0.04257 (1-step 0.04257) 268s
step 29900 loss 0.03403 (1-step 0.03403) 269s
step 30000 loss 0.01649 (1-step 0.01649) 270s
  [val one-step] dv_err_mean=0.005024 dw_err_mean=0.1053 dv_err_far_free=3.737e-08 dw_err_far_free=0.00514 dv_err_near_contact=1.692e-08 dw_err_near_contact=0.02431 dv_err_first_impact=0.2944 dw_err_first_impact=3.98 dv_err_contact=0.006564 dw_err_contact=0.1387 dv_err_rebound_repeat=0.04271 dw_err_rebound_repeat=0.9058 dv_err_resting=0.003119 dw_err_resting=0.09163
[rollout val/gt] pos_err@100=9.686e-08 pos_err@500=0.07301 pos_err_final=0.2998 rot_err_deg_final=163.2 v_err_mean=0.3796 w_err_mean=5.507 impact_dv_err=0.5264 impact_dw_err=8.561 apex_err=0.01794 max_penetration_pred=0.2731 artificial_energy_max=0
[rollout val/analytic] pos_err@100=9.686e-08 pos_err@500=0.04145 pos_err_final=0.1423 rot_err_deg_final=94.34 v_err_mean=0.2396 w_err_mean=3.044 impact_dv_err=0.4888 impact_dw_err=8.598 apex_err=0.01212 max_penetration_pred=0.009864 artificial_energy_max=0
[rollout test/gt] pos_err@100=1.192e-07 pos_err@500=0.0571 pos_err_final=0.2785 rot_err_deg_final=162.3 v_err_mean=0.3702 w_err_mean=4.735 impact_dv_err=0.4346 impact_dw_err=7.733 apex_err=0.01826 max_penetration_pred=0.2903 artificial_energy_max=0
[rollout test/analytic] pos_err@100=1.192e-07 pos_err@500=0.04559 pos_err_final=0.1313 rot_err_deg_final=86.92 v_err_mean=0.2685 w_err_mean=2.804 impact_dv_err=0.4494 impact_dw_err=6.955 apex_err=0.01007 max_penetration_pred=0.01033 artificial_energy_max=0
[rollout test_geometry/gt] pos_err@100=1.192e-07 pos_err@500=0.06115 pos_err_final=0.2339 rot_err_deg_final=157.2 v_err_mean=0.307 w_err_mean=4.759 impact_dv_err=0.4547 impact_dw_err=8.159 apex_err=0.01473 max_penetration_pred=0.1824 artificial_energy_max=0
[rollout test_geometry/analytic] pos_err@100=1.192e-07 pos_err@500=0.05179 pos_err_final=0.1237 rot_err_deg_final=90.13 v_err_mean=0.2303 w_err_mean=2.897 impact_dv_err=0.4456 impact_dw_err=8.385 apex_err=0.01633 max_penetration_pred=0.008344 artificial_energy_max=0
TRAIN_DONE
