NVIDIA A100-SXM4-40GB, 580.159.04, 40960 MiB
torch 2.13.0+cu130 cuda True
CMD: python scripts/train_transition.py --data data/fixed1a --contact-mode explicit --out runs/expB_oracle_explicit --steps 30000 --eval-every 10000 --workers 2 --eval-contact-sources gt,analytic
loaded split train: 420 episodes in 28.1s
loaded split val: 90 episodes in 6.8s
loaded split test: 90 episodes in 6.0s
loaded split test_geometry: 0 episodes in 0.0s
transition model contact_mode=explicit params=640582
step 100 loss 3.68864 (1-step 3.68864) 4s
step 200 loss 1.99018 (1-step 1.99018) 7s
step 300 loss 2.47369 (1-step 2.47369) 9s
step 400 loss 2.51394 (1-step 2.51394) 11s
step 500 loss 1.66271 (1-step 1.66271) 14s
step 600 loss 1.63714 (1-step 1.63714) 16s
step 700 loss 1.25833 (1-step 1.25833) 18s
step 800 loss 1.43919 (1-step 1.43919) 20s
step 900 loss 0.90718 (1-step 0.90718) 22s
step 1000 loss 0.75707 (1-step 0.75707) 25s
step 1100 loss 1.02420 (1-step 1.02420) 27s
step 1200 loss 0.49431 (1-step 0.49431) 29s
step 1300 loss 0.65964 (1-step 0.65964) 31s
step 1400 loss 0.75998 (1-step 0.75998) 33s
step 1500 loss 0.49387 (1-step 0.49387) 35s
step 1600 loss 0.29806 (1-step 0.29806) 37s
step 1700 loss 0.29981 (1-step 0.29981) 40s
step 1800 loss 0.23055 (1-step 0.23055) 42s
step 1900 loss 0.44599 (1-step 0.44599) 44s
step 2000 loss 0.32039 (1-step 0.32039) 46s
step 2100 loss 0.28588 (1-step 0.28588) 49s
step 2200 loss 0.26364 (1-step 0.26364) 51s
step 2300 loss 0.24480 (1-step 0.24480) 53s
step 2400 loss 0.39912 (1-step 0.39912) 55s
step 2500 loss 0.24082 (1-step 0.24082) 57s
step 2600 loss 0.33075 (1-step 0.33075) 60s
step 2700 loss 0.32366 (1-step 0.32366) 62s
step 2800 loss 0.23560 (1-step 0.23560) 64s
step 2900 loss 0.25733 (1-step 0.25733) 66s
step 3000 loss 0.22293 (1-step 0.22293) 68s
step 3100 loss 0.21124 (1-step 0.21124) 71s
step 3200 loss 0.16445 (1-step 0.16445) 73s
step 3300 loss 0.23236 (1-step 0.23236) 75s
step 3400 loss 0.14898 (1-step 0.14898) 78s
step 3500 loss 0.14303 (1-step 0.14303) 80s
step 3600 loss 0.16961 (1-step 0.16961) 82s
step 3700 loss 0.12254 (1-step 0.12254) 84s
step 3800 loss 0.12336 (1-step 0.12336) 86s
step 3900 loss 0.12801 (1-step 0.12801) 88s
step 4000 loss 0.11594 (1-step 0.11594) 91s
step 4100 loss 0.15782 (1-step 0.15782) 93s
step 4200 loss 0.10197 (1-step 0.10197) 96s
step 4300 loss 0.11426 (1-step 0.11426) 98s
step 4400 loss 0.16099 (1-step 0.16099) 100s
step 4500 loss 0.09894 (1-step 0.09894) 102s
step 4600 loss 0.11483 (1-step 0.11483) 104s
step 4700 loss 0.09797 (1-step 0.09797) 107s
step 4800 loss 0.06699 (1-step 0.06699) 109s
step 4900 loss 0.08588 (1-step 0.08588) 111s
step 5000 loss 0.11069 (1-step 0.11069) 113s
step 5100 loss 0.09794 (1-step 0.09794) 116s
step 5200 loss 0.09300 (1-step 0.09300) 118s
step 5300 loss 0.07410 (1-step 0.07410) 121s
step 5400 loss 0.07298 (1-step 0.07298) 123s
step 5500 loss 0.10588 (1-step 0.10588) 125s
step 5600 loss 0.09113 (1-step 0.09113) 127s
step 5700 loss 0.08580 (1-step 0.08580) 129s
step 5800 loss 0.06979 (1-step 0.06979) 132s
step 5900 loss 0.19789 (1-step 0.19789) 134s
step 6000 loss 0.08063 (1-step 0.08063) 136s
step 6100 loss 0.07345 (1-step 0.07345) 139s
step 6200 loss 0.07080 (1-step 0.07080) 141s
step 6300 loss 0.05673 (1-step 0.05673) 143s
step 6400 loss 0.07068 (1-step 0.07068) 145s
step 6500 loss 0.05780 (1-step 0.05780) 148s
step 6600 loss 0.04955 (1-step 0.04955) 150s
step 6700 loss 0.08876 (1-step 0.08876) 152s
step 6800 loss 0.05584 (1-step 0.05584) 154s
step 6900 loss 0.04842 (1-step 0.04842) 157s
step 7000 loss 0.04224 (1-step 0.04224) 159s
step 7100 loss 0.08023 (1-step 0.08023) 161s
step 7200 loss 0.05344 (1-step 0.05344) 164s
step 7300 loss 0.06230 (1-step 0.06230) 166s
step 7400 loss 0.08340 (1-step 0.08340) 168s
step 7500 loss 0.04747 (1-step 0.04747) 170s
step 7600 loss 0.05427 (1-step 0.05427) 172s
step 7700 loss 0.03507 (1-step 0.03507) 174s
step 7800 loss 0.06328 (1-step 0.06328) 177s
step 7900 loss 0.04132 (1-step 0.04132) 179s
step 8000 loss 0.03874 (1-step 0.03874) 181s
step 8100 loss 0.05610 (1-step 0.05610) 184s
step 8200 loss 0.04896 (1-step 0.04896) 186s
step 8300 loss 0.05895 (1-step 0.05895) 188s
step 8400 loss 0.05839 (1-step 0.05839) 190s
step 8500 loss 0.03740 (1-step 0.03740) 192s
step 8600 loss 0.02991 (1-step 0.02991) 195s
step 8700 loss 0.04446 (1-step 0.04446) 197s
step 8800 loss 0.04469 (1-step 0.04469) 199s
step 8900 loss 0.03053 (1-step 0.03053) 202s
step 9000 loss 0.03303 (1-step 0.03303) 204s
step 9100 loss 0.04155 (1-step 0.04155) 206s
step 9200 loss 0.04864 (1-step 0.04864) 209s
step 9300 loss 0.03406 (1-step 0.03406) 211s
step 9400 loss 0.03311 (1-step 0.03311) 213s
step 9500 loss 0.02665 (1-step 0.02665) 215s
step 9600 loss 0.03462 (1-step 0.03462) 217s
step 9700 loss 0.02781 (1-step 0.02781) 219s
step 9800 loss 0.04243 (1-step 0.04243) 222s
step 9900 loss 0.02473 (1-step 0.02473) 224s
step 10000 loss 0.05418 (1-step 0.05418) 226s
  [val one-step] dv_err_mean=0.004827 dw_err_mean=0.08226 dv_err_far_free=3.793e-08 dw_err_far_free=0.002088 dv_err_near_contact=1.444e-08 dw_err_near_contact=0.01792 dv_err_first_impact=0.2467 dw_err_first_impact=2.619 dv_err_contact=0.006616 dw_err_contact=0.1034 dv_err_rebound_repeat=0.05094 dw_err_rebound_repeat=0.9777 dv_err_resting=0.002109 dw_err_resting=0.06752
step 10100 loss 0.03482 (1-step 0.03482) 229s
step 10200 loss 0.03309 (1-step 0.03309) 231s
step 10300 loss 0.02398 (1-step 0.02398) 233s
step 10400 loss 0.02344 (1-step 0.02344) 235s
step 10500 loss 0.02904 (1-step 0.02904) 237s
step 10600 loss 0.02396 (1-step 0.02396) 240s
step 10700 loss 0.03308 (1-step 0.03308) 242s
step 10800 loss 0.04490 (1-step 0.04490) 244s
step 10900 loss 0.02528 (1-step 0.02528) 246s
step 11000 loss 0.04182 (1-step 0.04182) 249s
step 11100 loss 0.02746 (1-step 0.02746) 251s
step 11200 loss 0.02469 (1-step 0.02469) 253s
step 11300 loss 0.02801 (1-step 0.02801) 256s
step 11400 loss 0.02996 (1-step 0.02996) 258s
step 11500 loss 0.02797 (1-step 0.02797) 260s
step 11600 loss 0.03260 (1-step 0.03260) 262s
step 11700 loss 0.02851 (1-step 0.02851) 264s
step 11800 loss 0.02949 (1-step 0.02949) 267s
step 11900 loss 0.03569 (1-step 0.03569) 269s
step 12000 loss 0.03932 (1-step 0.03932) 272s
step 12100 loss 0.04825 (1-step 0.04825) 274s
step 12200 loss 0.04502 (1-step 0.04502) 276s
step 12300 loss 0.03820 (1-step 0.03820) 279s
step 12400 loss 0.02382 (1-step 0.02382) 281s
step 12500 loss 0.02287 (1-step 0.02287) 283s
step 12600 loss 0.03515 (1-step 0.03515) 285s
step 12700 loss 0.02188 (1-step 0.02188) 287s
step 12800 loss 0.03363 (1-step 0.03363) 290s
step 12900 loss 0.01775 (1-step 0.01775) 292s
step 13000 loss 0.02000 (1-step 0.02000) 295s
step 13100 loss 0.03921 (1-step 0.03921) 297s
step 13200 loss 0.02479 (1-step 0.02479) 300s
step 13300 loss 0.01842 (1-step 0.01842) 302s
step 13400 loss 0.17771 (1-step 0.17771) 304s
step 13500 loss 0.02210 (1-step 0.02210) 306s
step 13600 loss 0.01810 (1-step 0.01810) 309s
step 13700 loss 0.05030 (1-step 0.05030) 311s
step 13800 loss 0.02280 (1-step 0.02280) 313s
step 13900 loss 0.02467 (1-step 0.02467) 315s
step 14000 loss 0.01765 (1-step 0.01765) 317s
step 14100 loss 0.03433 (1-step 0.03433) 320s
step 14200 loss 0.01633 (1-step 0.01633) 322s
step 14300 loss 0.01551 (1-step 0.01551) 325s
step 14400 loss 0.04826 (1-step 0.04826) 327s
step 14500 loss 0.01921 (1-step 0.01921) 329s
step 14600 loss 0.01741 (1-step 0.01741) 332s
step 14700 loss 0.01730 (1-step 0.01730) 334s
step 14800 loss 0.01563 (1-step 0.01563) 337s
step 14900 loss 0.01338 (1-step 0.01338) 340s
step 15000 loss 0.01630 (1-step 0.01630) 342s
step 15100 loss 0.01168 (1-step 0.01168) 345s
step 15200 loss 0.01501 (1-step 0.01501) 347s
step 15300 loss 0.01950 (1-step 0.01950) 350s
step 15400 loss 0.02440 (1-step 0.02440) 352s
step 15500 loss 0.01625 (1-step 0.01625) 354s
step 15600 loss 0.02885 (1-step 0.02885) 357s
step 15700 loss 0.03320 (1-step 0.03320) 359s
step 15800 loss 0.01934 (1-step 0.01934) 362s
step 15900 loss 0.01887 (1-step 0.01887) 364s
step 16000 loss 0.01580 (1-step 0.01580) 367s
step 16100 loss 0.01287 (1-step 0.01287) 369s
step 16200 loss 0.02227 (1-step 0.02227) 372s
step 16300 loss 0.02611 (1-step 0.02611) 374s
step 16400 loss 0.02058 (1-step 0.02058) 376s
step 16500 loss 0.01352 (1-step 0.01352) 378s
step 16600 loss 0.01400 (1-step 0.01400) 380s
step 16700 loss 0.01389 (1-step 0.01389) 382s
step 16800 loss 0.01260 (1-step 0.01260) 385s
step 16900 loss 0.01432 (1-step 0.01432) 387s
step 17000 loss 0.01198 (1-step 0.01198) 390s
step 17100 loss 0.03264 (1-step 0.03264) 392s
step 17200 loss 0.02368 (1-step 0.02368) 395s
step 17300 loss 0.01602 (1-step 0.01602) 397s
step 17400 loss 0.01260 (1-step 0.01260) 399s
step 17500 loss 0.01429 (1-step 0.01429) 401s
step 17600 loss 0.01345 (1-step 0.01345) 403s
step 17700 loss 0.02125 (1-step 0.02125) 405s
step 17800 loss 0.01415 (1-step 0.01415) 408s
step 17900 loss 0.01132 (1-step 0.01132) 410s
step 18000 loss 0.01531 (1-step 0.01531) 413s
step 18100 loss 0.01214 (1-step 0.01214) 415s
step 18200 loss 0.01157 (1-step 0.01157) 417s
step 18300 loss 0.01304 (1-step 0.01304) 419s
step 18400 loss 0.01088 (1-step 0.01088) 422s
step 18500 loss 0.01336 (1-step 0.01336) 424s
step 18600 loss 0.01560 (1-step 0.01560) 426s
step 18700 loss 0.01913 (1-step 0.01913) 428s
step 18800 loss 0.01365 (1-step 0.01365) 431s
step 18900 loss 0.01067 (1-step 0.01067) 433s
step 19000 loss 0.01403 (1-step 0.01403) 435s
step 19100 loss 0.01176 (1-step 0.01176) 438s
step 19200 loss 0.01001 (1-step 0.01001) 440s
step 19300 loss 0.03212 (1-step 0.03212) 442s
step 19400 loss 0.02535 (1-step 0.02535) 444s
step 19500 loss 0.01265 (1-step 0.01265) 446s
step 19600 loss 0.00972 (1-step 0.00972) 448s
step 19700 loss 0.00985 (1-step 0.00985) 450s
step 19800 loss 0.01171 (1-step 0.01171) 453s
step 19900 loss 0.03996 (1-step 0.03996) 455s
step 20000 loss 0.01308 (1-step 0.01308) 457s
  [val one-step] dv_err_mean=0.004745 dw_err_mean=0.07914 dv_err_far_free=3.793e-08 dw_err_far_free=0.002088 dv_err_near_contact=1.444e-08 dw_err_near_contact=0.01792 dv_err_first_impact=0.2543 dw_err_first_impact=2.553 dv_err_contact=0.006328 dw_err_contact=0.1011 dv_err_rebound_repeat=0.05076 dw_err_rebound_repeat=0.9183 dv_err_resting=0.002051 dw_err_resting=0.06272
step 20100 loss 0.01500 (1-step 0.01500) 460s
step 20200 loss 0.00989 (1-step 0.00989) 462s
step 20300 loss 0.01378 (1-step 0.01378) 464s
step 20400 loss 0.01070 (1-step 0.01070) 467s
step 20500 loss 0.01444 (1-step 0.01444) 469s
step 20600 loss 0.01157 (1-step 0.01157) 471s
step 20700 loss 0.01366 (1-step 0.01366) 473s
step 20800 loss 0.00885 (1-step 0.00885) 476s
step 20900 loss 0.00925 (1-step 0.00925) 478s
step 21000 loss 0.01100 (1-step 0.01100) 481s
step 21100 loss 0.00787 (1-step 0.00787) 483s
step 21200 loss 0.01215 (1-step 0.01215) 486s
step 21300 loss 0.00921 (1-step 0.00921) 488s
step 21400 loss 0.01832 (1-step 0.01832) 490s
step 21500 loss 0.01703 (1-step 0.01703) 493s
step 21600 loss 0.01279 (1-step 0.01279) 495s
step 21700 loss 0.00686 (1-step 0.00686) 497s
step 21800 loss 0.03193 (1-step 0.03193) 499s
step 21900 loss 0.01110 (1-step 0.01110) 501s
step 22000 loss 0.01055 (1-step 0.01055) 504s
step 22100 loss 0.01204 (1-step 0.01204) 506s
step 22200 loss 0.00897 (1-step 0.00897) 509s
step 22300 loss 0.01035 (1-step 0.01035) 511s
step 22400 loss 0.00697 (1-step 0.00697) 513s
step 22500 loss 0.00983 (1-step 0.00983) 515s
step 22600 loss 0.02296 (1-step 0.02296) 517s
step 22700 loss 0.00939 (1-step 0.00939) 519s
step 22800 loss 0.00902 (1-step 0.00902) 521s
step 22900 loss 0.01557 (1-step 0.01557) 524s
step 23000 loss 0.00954 (1-step 0.00954) 526s
step 23100 loss 0.00853 (1-step 0.00853) 528s
step 23200 loss 0.00977 (1-step 0.00977) 530s
step 23300 loss 0.00860 (1-step 0.00860) 532s
step 23400 loss 0.01010 (1-step 0.01010) 534s
step 23500 loss 0.00649 (1-step 0.00649) 536s
step 23600 loss 0.00753 (1-step 0.00753) 538s
step 23700 loss 0.00889 (1-step 0.00889) 540s
step 23800 loss 0.01154 (1-step 0.01154) 542s
step 23900 loss 0.10405 (1-step 0.10405) 544s
step 24000 loss 0.00653 (1-step 0.00653) 546s
step 24100 loss 0.00945 (1-step 0.00945) 548s
step 24200 loss 0.01125 (1-step 0.01125) 550s
step 24300 loss 0.02004 (1-step 0.02004) 552s
step 24400 loss 0.00747 (1-step 0.00747) 554s
step 24500 loss 0.01377 (1-step 0.01377) 556s
step 24600 loss 0.00694 (1-step 0.00694) 558s
step 24700 loss 0.02772 (1-step 0.02772) 560s
step 24800 loss 0.02539 (1-step 0.02539) 562s
step 24900 loss 0.00724 (1-step 0.00724) 564s
step 25000 loss 0.01004 (1-step 0.01004) 567s
step 25100 loss 0.01073 (1-step 0.01073) 569s
step 25200 loss 0.01057 (1-step 0.01057) 570s
step 25300 loss 0.03149 (1-step 0.03149) 572s
step 25400 loss 0.00971 (1-step 0.00971) 574s
step 25500 loss 0.00852 (1-step 0.00852) 576s
step 25600 loss 0.00737 (1-step 0.00737) 577s
step 25700 loss 0.00902 (1-step 0.00902) 579s
step 25800 loss 0.04606 (1-step 0.04606) 581s
step 25900 loss 0.01032 (1-step 0.01032) 583s
step 26000 loss 0.02184 (1-step 0.02184) 584s
step 26100 loss 0.01360 (1-step 0.01360) 586s
step 26200 loss 0.00854 (1-step 0.00854) 588s
step 26300 loss 0.00800 (1-step 0.00800) 590s
step 26400 loss 0.00723 (1-step 0.00723) 591s
step 26500 loss 0.00795 (1-step 0.00795) 593s
step 26600 loss 0.00830 (1-step 0.00830) 595s
step 26700 loss 0.01251 (1-step 0.01251) 597s
step 26800 loss 0.01087 (1-step 0.01087) 598s
step 26900 loss 0.01329 (1-step 0.01329) 600s
step 27000 loss 0.00748 (1-step 0.00748) 602s
step 27100 loss 0.01772 (1-step 0.01772) 604s
step 27200 loss 0.06350 (1-step 0.06350) 606s
step 27300 loss 0.01092 (1-step 0.01092) 607s
step 27400 loss 0.01047 (1-step 0.01047) 609s
step 27500 loss 0.00755 (1-step 0.00755) 611s
step 27600 loss 0.00813 (1-step 0.00813) 613s
step 27700 loss 0.00902 (1-step 0.00902) 616s
step 27800 loss 0.00736 (1-step 0.00736) 618s
step 27900 loss 0.00989 (1-step 0.00989) 620s
step 28000 loss 0.00773 (1-step 0.00773) 622s
step 28100 loss 0.00999 (1-step 0.00999) 624s
step 28200 loss 0.00674 (1-step 0.00674) 626s
step 28300 loss 0.01142 (1-step 0.01142) 628s
step 28400 loss 0.02100 (1-step 0.02100) 630s
step 28500 loss 0.00958 (1-step 0.00958) 632s
step 28600 loss 0.00809 (1-step 0.00809) 634s
step 28700 loss 0.01296 (1-step 0.01296) 636s
step 28800 loss 0.00510 (1-step 0.00510) 638s
step 28900 loss 0.00692 (1-step 0.00692) 641s
step 29000 loss 0.00631 (1-step 0.00631) 643s
step 29100 loss 0.00648 (1-step 0.00648) 645s
step 29200 loss 0.00908 (1-step 0.00908) 647s
step 29300 loss 0.01377 (1-step 0.01377) 649s
step 29400 loss 0.00862 (1-step 0.00862) 651s
step 29500 loss 0.00548 (1-step 0.00548) 654s
step 29600 loss 0.00598 (1-step 0.00598) 656s
step 29700 loss 0.00786 (1-step 0.00786) 658s
step 29800 loss 0.00832 (1-step 0.00832) 659s
step 29900 loss 0.00789 (1-step 0.00789) 661s
step 30000 loss 0.00963 (1-step 0.00963) 664s
  [val one-step] dv_err_mean=0.004703 dw_err_mean=0.07816 dv_err_far_free=3.793e-08 dw_err_far_free=0.002088 dv_err_near_contact=1.444e-08 dw_err_near_contact=0.01792 dv_err_first_impact=0.2565 dw_err_first_impact=2.521 dv_err_contact=0.006256 dw_err_contact=0.09943 dv_err_rebound_repeat=0.05063 dw_err_rebound_repeat=0.9137 dv_err_resting=0.001897 dw_err_resting=0.06159
[rollout val/gt] pos_err@100=8.941e-08 pos_err@500=0.06919 pos_err_final=0.3533 rot_err_deg_final=157.8 v_err_mean=0.433 w_err_mean=4.147 impact_dv_err=0.5324 impact_dw_err=5.775 apex_err=0.01496 max_penetration_pred=0.2985 artificial_energy_max=0
[rollout val/analytic] pos_err@100=8.941e-08 pos_err@500=0.06476 pos_err_final=0.1845 rot_err_deg_final=93.4 v_err_mean=0.2695 w_err_mean=2.652 impact_dv_err=0.6316 impact_dw_err=5.738 apex_err=0.01536 max_penetration_pred=0.01137 artificial_energy_max=0
[rollout test/gt] pos_err@100=1.192e-07 pos_err@500=0.07719 pos_err_final=0.4078 rot_err_deg_final=153.7 v_err_mean=0.4625 w_err_mean=4.475 impact_dv_err=0.5995 impact_dw_err=5.275 apex_err=0.01743 max_penetration_pred=0.3571 artificial_energy_max=0
[rollout test/analytic] pos_err@100=1.192e-07 pos_err@500=0.05494 pos_err_final=0.1612 rot_err_deg_final=92.86 v_err_mean=0.2526 w_err_mean=2.767 impact_dv_err=0.6228 impact_dw_err=5.154 apex_err=0.0151 max_penetration_pred=0.01202 artificial_energy_max=0
TRAIN_DONE
