NVIDIA H100 80GB HBM3, 580.159.04, 81559 MiB
torch 2.13.0+cu130 cuda True
CMD: python scripts/train_contact.py --data data/pilot1b --encoder patch --out runs/expC_patch_30k --steps 30000 --batch 512 --eval-every 5000 --max-eval-episodes 120 --workers 2
loaded split train: 1189 episodes in 7.5s
loaded split val: 255 episodes in 1.7s
loaded split test: 255 episodes in 1.5s
loaded split test_geometry: 301 episodes in 1.9s
encoder=patch params=660769
train category counts: {'far_free': 479239, 'near_contact': 183323, 'first_impact': 5945, 'contact': 564239, 'rebound_repeat': 32828, 'resting': 200194}
step 100 loss 31.2539 active=0.070 d=0.101 p_box=3.384 p_ground=2.546 normal=0.026 cardinality=1.156 uncertainty=1.775 (9s)
step 200 loss 23.5082 active=0.062 d=0.015 p_box=2.347 p_ground=2.140 normal=0.022 cardinality=0.983 uncertainty=1.792 (12s)
step 300 loss 7.9801 active=0.057 d=0.008 p_box=0.182 p_ground=1.293 normal=0.010 cardinality=0.866 uncertainty=0.018 (15s)
step 400 loss 5.5230 active=0.056 d=0.004 p_box=0.069 p_ground=0.951 normal=0.005 cardinality=0.819 uncertainty=-0.628 (18s)
step 500 loss 3.8101 active=0.059 d=0.004 p_box=0.027 p_ground=0.671 normal=0.003 cardinality=0.870 uncertainty=-1.273 (22s)
step 600 loss 3.0495 active=0.054 d=0.003 p_box=0.017 p_ground=0.557 normal=0.003 cardinality=0.740 uncertainty=-1.598 (25s)
step 700 loss 2.8408 active=0.054 d=0.003 p_box=0.024 p_ground=0.513 normal=0.002 cardinality=0.757 uncertainty=-1.758 (28s)
step 800 loss 2.3141 active=0.053 d=0.003 p_box=0.017 p_ground=0.434 normal=0.001 cardinality=0.741 uncertainty=-2.140 (31s)
step 900 loss 1.9035 active=0.052 d=0.002 p_box=0.007 p_ground=0.368 normal=0.001 cardinality=0.703 uncertainty=-2.202 (34s)
step 1000 loss 1.9203 active=0.051 d=0.002 p_box=0.010 p_ground=0.374 normal=0.001 cardinality=0.710 uncertainty=-2.333 (37s)
step 1100 loss 1.6765 active=0.049 d=0.002 p_box=0.008 p_ground=0.332 normal=0.001 cardinality=0.648 uncertainty=-2.280 (40s)
step 1200 loss 1.5499 active=0.047 d=0.002 p_box=0.008 p_ground=0.314 normal=0.001 cardinality=0.647 uncertainty=-2.438 (44s)
step 1300 loss 1.6458 active=0.052 d=0.001 p_box=0.016 p_ground=0.320 normal=0.001 cardinality=0.686 uncertainty=-2.438 (47s)
step 1400 loss 1.9321 active=0.048 d=0.002 p_box=0.014 p_ground=0.373 normal=0.001 cardinality=0.651 uncertainty=-2.160 (50s)
step 1500 loss 1.3484 active=0.051 d=0.002 p_box=0.003 p_ground=0.276 normal=0.000 cardinality=0.711 uncertainty=-2.568 (53s)
step 1600 loss 1.0514 active=0.046 d=0.001 p_box=0.013 p_ground=0.220 normal=0.000 cardinality=0.597 uncertainty=-2.542 (57s)
step 1700 loss 1.2173 active=0.046 d=0.001 p_box=0.003 p_ground=0.262 normal=0.000 cardinality=0.606 uncertainty=-2.533 (60s)
step 1800 loss 1.3241 active=0.048 d=0.001 p_box=0.007 p_ground=0.279 normal=0.000 cardinality=0.637 uncertainty=-2.621 (63s)
step 1900 loss 1.1686 active=0.049 d=0.001 p_box=0.003 p_ground=0.251 normal=0.000 cardinality=0.659 uncertainty=-2.669 (66s)
step 2000 loss 1.2160 active=0.045 d=0.001 p_box=0.004 p_ground=0.270 normal=0.000 cardinality=0.527 uncertainty=-2.550 (69s)
step 2100 loss 1.0689 active=0.043 d=0.001 p_box=0.002 p_ground=0.235 normal=0.000 cardinality=0.683 uncertainty=-2.738 (72s)
step 2200 loss 1.4927 active=0.043 d=0.001 p_box=0.003 p_ground=0.314 normal=0.001 cardinality=0.542 uncertainty=-2.283 (75s)
step 2300 loss 0.7592 active=0.044 d=0.001 p_box=0.002 p_ground=0.188 normal=0.000 cardinality=0.552 uncertainty=-2.768 (78s)
step 2400 loss 0.8365 active=0.040 d=0.001 p_box=0.002 p_ground=0.203 normal=0.000 cardinality=0.543 uncertainty=-2.733 (81s)
step 2500 loss 1.4179 active=0.039 d=0.001 p_box=0.023 p_ground=0.292 normal=0.000 cardinality=0.546 uncertainty=-2.552 (84s)
step 2600 loss 1.0887 active=0.040 d=0.001 p_box=0.009 p_ground=0.230 normal=0.000 cardinality=0.494 uncertainty=-2.205 (88s)
step 2700 loss 0.6976 active=0.040 d=0.000 p_box=0.004 p_ground=0.179 normal=0.000 cardinality=0.519 uncertainty=-2.792 (91s)
step 2800 loss 0.5113 active=0.040 d=0.000 p_box=0.002 p_ground=0.151 normal=0.000 cardinality=0.463 uncertainty=-2.847 (94s)
step 2900 loss 0.7686 active=0.040 d=0.001 p_box=0.002 p_ground=0.193 normal=0.000 cardinality=0.551 uncertainty=-2.832 (97s)
step 3000 loss 0.6312 active=0.038 d=0.001 p_box=0.001 p_ground=0.175 normal=0.000 cardinality=0.472 uncertainty=-2.811 (100s)
step 3100 loss 0.6056 active=0.036 d=0.001 p_box=0.001 p_ground=0.171 normal=0.000 cardinality=0.466 uncertainty=-2.818 (103s)
step 3200 loss 0.8913 active=0.036 d=0.001 p_box=0.024 p_ground=0.199 normal=0.000 cardinality=0.458 uncertainty=-2.643 (106s)
step 3300 loss 0.9685 active=0.037 d=0.000 p_box=0.010 p_ground=0.179 normal=0.000 cardinality=0.543 uncertainty=-1.622 (109s)
step 3400 loss 0.3889 active=0.035 d=0.000 p_box=0.001 p_ground=0.133 normal=0.000 cardinality=0.450 uncertainty=-2.899 (112s)
step 3500 loss 0.3983 active=0.036 d=0.000 p_box=0.001 p_ground=0.132 normal=0.000 cardinality=0.481 uncertainty=-2.918 (115s)
step 3600 loss 0.3402 active=0.033 d=0.000 p_box=0.001 p_ground=0.127 normal=0.000 cardinality=0.433 uncertainty=-2.920 (118s)
step 3700 loss 0.3600 active=0.034 d=0.003 p_box=0.001 p_ground=0.125 normal=0.000 cardinality=0.467 uncertainty=-2.927 (121s)
step 3800 loss 0.4949 active=0.033 d=0.000 p_box=0.001 p_ground=0.152 normal=0.000 cardinality=0.489 uncertainty=-2.903 (124s)
step 3900 loss 0.2828 active=0.033 d=0.001 p_box=0.001 p_ground=0.116 normal=0.000 cardinality=0.436 uncertainty=-2.939 (127s)
step 4000 loss 0.2852 active=0.031 d=0.000 p_box=0.001 p_ground=0.112 normal=0.000 cardinality=0.490 uncertainty=-2.944 (130s)
step 4100 loss 0.2727 active=0.030 d=0.000 p_box=0.001 p_ground=0.121 normal=0.000 cardinality=0.379 uncertainty=-2.936 (133s)
step 4200 loss 0.5721 active=0.037 d=0.000 p_box=0.001 p_ground=0.164 normal=0.000 cardinality=0.499 uncertainty=-2.897 (136s)
step 4300 loss 1.1904 active=0.034 d=0.001 p_box=0.016 p_ground=0.246 normal=0.000 cardinality=0.465 uncertainty=-2.120 (139s)
step 4400 loss 0.9179 active=0.031 d=0.001 p_box=0.001 p_ground=0.218 normal=0.000 cardinality=0.466 uncertainty=-2.354 (142s)
step 4500 loss 1.5150 active=0.034 d=0.001 p_box=0.023 p_ground=0.280 normal=0.000 cardinality=0.586 uncertainty=-1.808 (146s)
step 4600 loss 0.7832 active=0.038 d=0.001 p_box=0.004 p_ground=0.181 normal=0.000 cardinality=0.614 uncertainty=-2.635 (149s)
step 4700 loss 0.8555 active=0.034 d=0.001 p_box=0.012 p_ground=0.204 normal=0.000 cardinality=0.463 uncertainty=-2.664 (152s)
step 4800 loss 0.5239 active=0.030 d=0.000 p_box=0.001 p_ground=0.163 normal=0.000 cardinality=0.418 uncertainty=-2.829 (155s)
step 4900 loss 0.6383 active=0.033 d=0.000 p_box=0.009 p_ground=0.173 normal=0.000 cardinality=0.439 uncertainty=-2.790 (158s)
step 5000 loss 1.3919 active=0.030 d=0.001 p_box=0.013 p_ground=0.293 normal=0.000 cardinality=0.509 uncertainty=-2.281 (161s)
  [val] slot_precision=0.8923936486244202 slot_recall=0.9097824096679688 frame_precision=0.9546176195144653 frame_recall=0.8602827191352844 d_mae=0.0011635617120191455 d_p95=0.002709217369556427 point_err_median_pct_min_dim=0.008492476306855679 point_err_p95_pct_min_dim=1.3646906614303589 ground_point_err_median_pct_min_dim=10.850982666015625 normal_deg_median=0.5732223987579346 normal_deg_p95=1.2750571966171265 cardinality_acc=0.8771414160728455 count_acc=0.80389803647995 ece=0.10265239926748981 n_frames=148382 uncertainty_error_corr=0.07016972432655443
step 5100 loss 0.9946 active=0.036 d=0.000 p_box=0.023 p_ground=0.189 normal=0.000 cardinality=0.589 uncertainty=-2.167 (178s)
step 5200 loss 0.7225 active=0.033 d=0.000 p_box=0.009 p_ground=0.181 normal=0.000 cardinality=0.525 uncertainty=-2.794 (181s)
step 5300 loss 0.6497 active=0.029 d=0.000 p_box=0.007 p_ground=0.175 normal=0.000 cardinality=0.444 uncertainty=-2.700 (184s)
step 5400 loss 1.1174 active=0.031 d=0.000 p_box=0.031 p_ground=0.209 normal=0.000 cardinality=0.413 uncertainty=-1.787 (187s)
step 5500 loss 0.5397 active=0.026 d=0.000 p_box=0.012 p_ground=0.161 normal=0.000 cardinality=0.373 uncertainty=-2.830 (190s)
step 5600 loss 0.5978 active=0.029 d=0.000 p_box=0.008 p_ground=0.171 normal=0.000 cardinality=0.387 uncertainty=-2.761 (193s)
step 5700 loss 0.4807 active=0.029 d=0.000 p_box=0.000 p_ground=0.155 normal=0.000 cardinality=0.429 uncertainty=-2.848 (196s)
step 5800 loss 1.1579 active=0.028 d=0.001 p_box=0.036 p_ground=0.229 normal=0.000 cardinality=0.542 uncertainty=-2.495 (199s)
step 5900 loss 0.6928 active=0.031 d=0.000 p_box=0.004 p_ground=0.185 normal=0.000 cardinality=0.444 uncertainty=-2.674 (202s)
step 6000 loss 0.8096 active=0.033 d=0.001 p_box=0.019 p_ground=0.185 normal=0.000 cardinality=0.524 uncertainty=-2.716 (205s)
step 6100 loss 0.8726 active=0.034 d=0.000 p_box=0.011 p_ground=0.176 normal=0.000 cardinality=0.587 uncertainty=-2.138 (208s)
step 6200 loss 0.3502 active=0.027 d=0.000 p_box=0.004 p_ground=0.132 normal=0.000 cardinality=0.382 uncertainty=-2.884 (211s)
step 6300 loss 0.7867 active=0.029 d=0.000 p_box=0.019 p_ground=0.197 normal=0.000 cardinality=0.400 uncertainty=-2.746 (214s)
step 6400 loss 0.4706 active=0.031 d=0.001 p_box=0.003 p_ground=0.142 normal=0.000 cardinality=0.486 uncertainty=-2.821 (217s)
step 6500 loss 0.5913 active=0.030 d=0.000 p_box=0.002 p_ground=0.174 normal=0.000 cardinality=0.412 uncertainty=-2.786 (220s)
step 6600 loss 0.5090 active=0.027 d=0.000 p_box=0.002 p_ground=0.159 normal=0.000 cardinality=0.442 uncertainty=-2.889 (223s)
step 6700 loss 1.0588 active=0.033 d=0.000 p_box=0.020 p_ground=0.220 normal=0.000 cardinality=0.502 uncertainty=-2.312 (226s)
step 6800 loss 1.1462 active=0.030 d=0.000 p_box=0.012 p_ground=0.219 normal=0.000 cardinality=0.473 uncertainty=-1.544 (229s)
step 6900 loss 0.5726 active=0.029 d=0.000 p_box=0.001 p_ground=0.173 normal=0.000 cardinality=0.403 uncertainty=-2.803 (232s)
step 7000 loss 1.0630 active=0.033 d=0.000 p_box=0.018 p_ground=0.212 normal=0.000 cardinality=0.474 uncertainty=-1.942 (235s)
step 7100 loss 0.9132 active=0.029 d=0.000 p_box=0.029 p_ground=0.205 normal=0.000 cardinality=0.390 uncertainty=-2.561 (238s)
step 7200 loss 0.6107 active=0.029 d=0.000 p_box=0.011 p_ground=0.173 normal=0.000 cardinality=0.379 uncertainty=-2.790 (241s)
step 7300 loss 0.7094 active=0.028 d=0.000 p_box=0.001 p_ground=0.199 normal=0.000 cardinality=0.418 uncertainty=-2.787 (244s)
step 7400 loss 0.6827 active=0.031 d=0.000 p_box=0.013 p_ground=0.168 normal=0.000 cardinality=0.451 uncertainty=-2.557 (248s)
step 7500 loss 0.8738 active=0.027 d=0.000 p_box=0.022 p_ground=0.150 normal=0.000 cardinality=0.381 uncertainty=-1.178 (251s)
step 7600 loss 0.7570 active=0.031 d=0.000 p_box=0.005 p_ground=0.195 normal=0.000 cardinality=0.392 uncertainty=-2.494 (254s)
step 7700 loss 0.7627 active=0.030 d=0.000 p_box=0.009 p_ground=0.182 normal=0.000 cardinality=0.403 uncertainty=-2.280 (257s)
step 7800 loss 0.5245 active=0.029 d=0.000 p_box=0.001 p_ground=0.163 normal=0.000 cardinality=0.442 uncertainty=-2.881 (260s)
step 7900 loss 0.3170 active=0.030 d=0.001 p_box=0.001 p_ground=0.129 normal=0.000 cardinality=0.365 uncertainty=-2.893 (263s)
step 8000 loss 0.7561 active=0.030 d=0.000 p_box=0.020 p_ground=0.191 normal=0.000 cardinality=0.408 uncertainty=-2.814 (266s)
step 8100 loss 1.1820 active=0.029 d=0.000 p_box=0.043 p_ground=0.229 normal=0.000 cardinality=0.404 uncertainty=-2.207 (269s)
step 8200 loss 0.5464 active=0.027 d=0.001 p_box=0.001 p_ground=0.173 normal=0.000 cardinality=0.372 uncertainty=-2.832 (272s)
step 8300 loss 0.5724 active=0.025 d=0.001 p_box=0.014 p_ground=0.155 normal=0.000 cardinality=0.370 uncertainty=-2.563 (275s)
step 8400 loss 0.5045 active=0.027 d=0.001 p_box=0.009 p_ground=0.146 normal=0.000 cardinality=0.416 uncertainty=-2.678 (278s)
step 8500 loss 0.2697 active=0.028 d=0.001 p_box=0.001 p_ground=0.114 normal=0.000 cardinality=0.443 uncertainty=-2.930 (282s)
step 8600 loss 0.1183 active=0.024 d=0.000 p_box=0.000 p_ground=0.097 normal=0.000 cardinality=0.346 uncertainty=-2.945 (285s)
step 8700 loss 0.1720 active=0.025 d=0.000 p_box=0.000 p_ground=0.104 normal=0.000 cardinality=0.369 uncertainty=-2.914 (288s)
step 8800 loss 0.2433 active=0.026 d=0.001 p_box=0.000 p_ground=0.117 normal=0.000 cardinality=0.362 uncertainty=-2.906 (291s)
step 8900 loss 0.7630 active=0.029 d=0.000 p_box=0.008 p_ground=0.193 normal=0.000 cardinality=0.417 uncertainty=-2.538 (294s)
step 9000 loss 0.9387 active=0.028 d=0.000 p_box=0.010 p_ground=0.216 normal=0.000 cardinality=0.436 uncertainty=-2.317 (297s)
step 9100 loss 0.2389 active=0.025 d=0.000 p_box=0.001 p_ground=0.122 normal=0.000 cardinality=0.278 uncertainty=-2.845 (300s)
step 9200 loss 0.3484 active=0.025 d=0.000 p_box=0.003 p_ground=0.128 normal=0.000 cardinality=0.424 uncertainty=-2.849 (303s)
step 9300 loss 0.2577 active=0.027 d=0.000 p_box=0.001 p_ground=0.116 normal=0.000 cardinality=0.403 uncertainty=-2.910 (306s)
step 9400 loss 0.3043 active=0.026 d=0.001 p_box=0.001 p_ground=0.121 normal=0.000 cardinality=0.416 uncertainty=-2.843 (309s)
step 9500 loss 0.2793 active=0.024 d=0.000 p_box=0.001 p_ground=0.126 normal=0.000 cardinality=0.374 uncertainty=-2.952 (312s)
step 9600 loss 0.4424 active=0.027 d=0.001 p_box=0.000 p_ground=0.152 normal=0.000 cardinality=0.408 uncertainty=-2.900 (315s)
step 9700 loss 0.4540 active=0.024 d=0.000 p_box=0.010 p_ground=0.144 normal=0.000 cardinality=0.369 uncertainty=-2.752 (318s)
step 9800 loss 0.4939 active=0.024 d=0.000 p_box=0.001 p_ground=0.170 normal=0.000 cardinality=0.328 uncertainty=-2.863 (321s)
step 9900 loss 0.1761 active=0.024 d=0.000 p_box=0.000 p_ground=0.107 normal=0.000 cardinality=0.357 uncertainty=-2.948 (324s)
step 10000 loss 0.1873 active=0.022 d=0.000 p_box=0.000 p_ground=0.113 normal=0.000 cardinality=0.332 uncertainty=-2.958 (327s)
  [val] slot_precision=0.9128080010414124 slot_recall=0.9412086009979248 frame_precision=0.9559454917907715 frame_recall=0.9115936756134033 d_mae=0.0004976103082299232 d_p95=0.0011268085800111294 point_err_median_pct_min_dim=0.005732698831707239 point_err_p95_pct_min_dim=0.0718383938074112 ground_point_err_median_pct_min_dim=4.197092533111572 normal_deg_median=0.07311658561229706 normal_deg_p95=0.15825878083705902 cardinality_acc=0.8815624713897705 count_acc=0.8504064083099365 ece=0.0979540465011439 n_frames=148382 uncertainty_error_corr=0.2548739180977646
step 10100 loss 0.4382 active=0.026 d=0.000 p_box=0.017 p_ground=0.134 normal=0.000 cardinality=0.397 uncertainty=-2.822 (344s)
step 10200 loss 0.2447 active=0.027 d=0.000 p_box=0.001 p_ground=0.119 normal=0.000 cardinality=0.345 uncertainty=-2.900 (347s)
step 10300 loss 0.5773 active=0.028 d=0.000 p_box=0.000 p_ground=0.142 normal=0.000 cardinality=0.726 uncertainty=-2.760 (350s)
step 10400 loss 0.3169 active=0.026 d=0.000 p_box=0.006 p_ground=0.126 normal=0.000 cardinality=0.355 uncertainty=-2.871 (353s)
step 10500 loss 0.3099 active=0.025 d=0.000 p_box=0.004 p_ground=0.128 normal=0.000 cardinality=0.378 uncertainty=-2.942 (356s)
step 10600 loss 0.3059 active=0.023 d=0.000 p_box=0.012 p_ground=0.123 normal=0.000 cardinality=0.328 uncertainty=-2.896 (359s)
step 10700 loss 0.2549 active=0.021 d=0.001 p_box=0.001 p_ground=0.121 normal=0.000 cardinality=0.353 uncertainty=-2.891 (362s)
step 10800 loss 0.0874 active=0.024 d=0.000 p_box=0.000 p_ground=0.089 normal=0.000 cardinality=0.372 uncertainty=-2.967 (365s)
step 10900 loss 0.0816 active=0.022 d=0.000 p_box=0.000 p_ground=0.094 normal=0.000 cardinality=0.314 uncertainty=-2.960 (368s)
step 11000 loss 0.1332 active=0.022 d=0.000 p_box=0.001 p_ground=0.099 normal=0.000 cardinality=0.317 uncertainty=-2.858 (371s)
step 11100 loss 0.2100 active=0.024 d=0.000 p_box=0.000 p_ground=0.115 normal=0.000 cardinality=0.339 uncertainty=-2.918 (374s)
step 11200 loss 0.3476 active=0.022 d=0.001 p_box=0.005 p_ground=0.134 normal=0.000 cardinality=0.340 uncertainty=-2.828 (377s)
step 11300 loss 0.2326 active=0.023 d=0.000 p_box=0.007 p_ground=0.112 normal=0.000 cardinality=0.334 uncertainty=-2.876 (381s)
step 11400 loss 0.1443 active=0.019 d=0.000 p_box=0.012 p_ground=0.098 normal=0.000 cardinality=0.286 uncertainty=-2.928 (384s)
step 11500 loss 0.5961 active=0.025 d=0.000 p_box=0.007 p_ground=0.141 normal=0.000 cardinality=0.400 uncertainty=-1.972 (387s)
step 11600 loss 0.2450 active=0.024 d=0.000 p_box=0.007 p_ground=0.116 normal=0.000 cardinality=0.321 uncertainty=-2.901 (390s)
step 11700 loss 0.6802 active=0.023 d=0.000 p_box=0.039 p_ground=0.150 normal=0.000 cardinality=0.388 uncertainty=-2.518 (393s)
step 11800 loss 0.0725 active=0.021 d=0.000 p_box=0.000 p_ground=0.092 normal=0.000 cardinality=0.320 uncertainty=-2.962 (396s)
step 11900 loss 0.0648 active=0.023 d=0.000 p_box=0.000 p_ground=0.083 normal=0.000 cardinality=0.384 uncertainty=-2.967 (399s)
step 12000 loss 0.2100 active=0.022 d=0.000 p_box=0.000 p_ground=0.117 normal=0.000 cardinality=0.323 uncertainty=-2.915 (402s)
step 12100 loss 0.2270 active=0.024 d=0.000 p_box=0.000 p_ground=0.114 normal=0.000 cardinality=0.354 uncertainty=-2.861 (405s)
step 12200 loss 0.1121 active=0.020 d=0.000 p_box=0.008 p_ground=0.096 normal=0.000 cardinality=0.275 uncertainty=-2.940 (408s)
step 12300 loss 0.0113 active=0.019 d=0.000 p_box=0.000 p_ground=0.082 normal=0.000 cardinality=0.315 uncertainty=-2.967 (411s)
step 12400 loss 0.2136 active=0.021 d=0.000 p_box=0.015 p_ground=0.102 normal=0.000 cardinality=0.320 uncertainty=-2.870 (414s)
step 12500 loss 0.0618 active=0.019 d=0.000 p_box=0.000 p_ground=0.093 normal=0.000 cardinality=0.296 uncertainty=-2.967 (417s)
step 12600 loss 0.0176 active=0.020 d=0.000 p_box=0.000 p_ground=0.085 normal=0.000 cardinality=0.285 uncertainty=-2.968 (420s)
step 12700 loss -0.0007 active=0.020 d=0.000 p_box=0.000 p_ground=0.078 normal=0.000 cardinality=0.319 uncertainty=-2.966 (423s)
step 12800 loss 0.0854 active=0.023 d=0.000 p_box=0.000 p_ground=0.092 normal=0.000 cardinality=0.318 uncertainty=-2.909 (427s)
step 12900 loss -0.0184 active=0.019 d=0.000 p_box=0.000 p_ground=0.078 normal=0.000 cardinality=0.293 uncertainty=-2.974 (430s)
step 13000 loss 0.1759 active=0.022 d=0.000 p_box=0.000 p_ground=0.111 normal=0.000 cardinality=0.306 uncertainty=-2.889 (433s)
step 13100 loss 0.0350 active=0.017 d=0.000 p_box=0.005 p_ground=0.083 normal=0.000 cardinality=0.296 uncertainty=-2.944 (436s)
step 13200 loss 0.0762 active=0.021 d=0.000 p_box=0.000 p_ground=0.093 normal=0.000 cardinality=0.322 uncertainty=-2.967 (439s)
step 13300 loss 0.3402 active=0.025 d=0.002 p_box=0.000 p_ground=0.126 normal=0.000 cardinality=0.393 uncertainty=-2.735 (442s)
step 13400 loss 0.1229 active=0.023 d=0.000 p_box=0.000 p_ground=0.093 normal=0.000 cardinality=0.391 uncertainty=-2.929 (445s)
step 13500 loss -0.0181 active=0.020 d=0.000 p_box=0.000 p_ground=0.078 normal=0.000 cardinality=0.277 uncertainty=-2.947 (448s)
step 13600 loss -0.0931 active=0.018 d=0.000 p_box=0.000 p_ground=0.065 normal=0.000 cardinality=0.275 uncertainty=-2.971 (451s)
step 13700 loss -0.0923 active=0.018 d=0.000 p_box=0.000 p_ground=0.065 normal=0.000 cardinality=0.272 uncertainty=-2.971 (454s)
step 13800 loss -0.0850 active=0.020 d=0.000 p_box=0.000 p_ground=0.066 normal=0.000 cardinality=0.279 uncertainty=-2.974 (457s)
step 13900 loss -0.0432 active=0.020 d=0.000 p_box=0.000 p_ground=0.073 normal=0.000 cardinality=0.294 uncertainty=-2.976 (460s)
step 14000 loss -0.1060 active=0.018 d=0.000 p_box=0.000 p_ground=0.062 normal=0.000 cardinality=0.282 uncertainty=-2.976 (464s)
step 14100 loss -0.1061 active=0.015 d=0.000 p_box=0.000 p_ground=0.066 normal=0.000 cardinality=0.252 uncertainty=-2.970 (467s)
step 14200 loss -0.0277 active=0.016 d=0.000 p_box=0.000 p_ground=0.078 normal=0.000 cardinality=0.282 uncertainty=-2.968 (470s)
step 14300 loss 0.0147 active=0.021 d=0.000 p_box=0.000 p_ground=0.080 normal=0.000 cardinality=0.335 uncertainty=-2.973 (473s)
step 14400 loss 0.1061 active=0.021 d=0.000 p_box=0.001 p_ground=0.092 normal=0.000 cardinality=0.383 uncertainty=-2.964 (476s)
step 14500 loss 0.0073 active=0.020 d=0.000 p_box=0.001 p_ground=0.081 normal=0.000 cardinality=0.296 uncertainty=-2.962 (479s)
step 14600 loss -0.0743 active=0.016 d=0.000 p_box=0.000 p_ground=0.068 normal=0.000 cardinality=0.292 uncertainty=-2.978 (482s)
step 14700 loss 1.7108 active=0.025 d=0.000 p_box=0.044 p_ground=0.290 normal=0.000 cardinality=0.371 uncertainty=-0.968 (485s)
step 14800 loss 0.0834 active=0.022 d=0.000 p_box=0.000 p_ground=0.086 normal=0.000 cardinality=0.395 uncertainty=-2.961 (488s)
step 14900 loss -0.0540 active=0.019 d=0.000 p_box=0.000 p_ground=0.071 normal=0.000 cardinality=0.288 uncertainty=-2.976 (491s)
step 15000 loss -0.0205 active=0.017 d=0.000 p_box=0.000 p_ground=0.079 normal=0.000 cardinality=0.277 uncertainty=-2.959 (495s)
  [val] slot_precision=0.9553309082984924 slot_recall=0.9177765846252441 frame_precision=0.9783506989479065 frame_recall=0.8657277822494507 d_mae=0.0004390142858028412 d_p95=0.001035165973007679 point_err_median_pct_min_dim=0.003100066911429167 point_err_p95_pct_min_dim=0.05995210260152817 ground_point_err_median_pct_min_dim=2.920351266860962 normal_deg_median=0.018933812156319618 normal_deg_p95=0.040510017424821854 cardinality_acc=0.9108449816703796 count_acc=0.8584194779396057 ece=0.09814280945593554 n_frames=148382 uncertainty_error_corr=0.18999019240736134
step 15100 loss -0.1101 active=0.018 d=0.000 p_box=0.003 p_ground=0.061 normal=0.000 cardinality=0.254 uncertainty=-2.960 (511s)
step 15200 loss -0.0951 active=0.017 d=0.000 p_box=0.003 p_ground=0.066 normal=0.000 cardinality=0.239 uncertainty=-2.968 (514s)
step 15300 loss -0.1635 active=0.015 d=0.000 p_box=0.000 p_ground=0.057 normal=0.000 cardinality=0.236 uncertainty=-2.983 (517s)
step 15400 loss -0.1455 active=0.016 d=0.000 p_box=0.000 p_ground=0.059 normal=0.000 cardinality=0.248 uncertainty=-2.982 (520s)
step 15500 loss -0.1555 active=0.015 d=0.000 p_box=0.000 p_ground=0.058 normal=0.000 cardinality=0.236 uncertainty=-2.982 (524s)
step 15600 loss -0.1724 active=0.016 d=0.000 p_box=0.000 p_ground=0.051 normal=0.000 cardinality=0.272 uncertainty=-2.984 (527s)
step 15700 loss -0.1968 active=0.014 d=0.000 p_box=0.000 p_ground=0.051 normal=0.000 cardinality=0.234 uncertainty=-2.987 (530s)
step 15800 loss -0.1575 active=0.017 d=0.000 p_box=0.003 p_ground=0.048 normal=0.000 cardinality=0.296 uncertainty=-2.978 (533s)
step 15900 loss -0.2087 active=0.015 d=0.000 p_box=0.000 p_ground=0.048 normal=0.000 cardinality=0.239 uncertainty=-2.988 (536s)
step 16000 loss -0.1625 active=0.016 d=0.000 p_box=0.000 p_ground=0.053 normal=0.000 cardinality=0.276 uncertainty=-2.988 (539s)
step 16100 loss 0.0107 active=0.015 d=0.000 p_box=0.000 p_ground=0.081 normal=0.000 cardinality=0.331 uncertainty=-2.954 (542s)
step 16200 loss 0.7462 active=0.026 d=0.000 p_box=0.010 p_ground=0.171 normal=0.000 cardinality=0.410 uncertainty=-2.081 (545s)
step 16300 loss -0.1056 active=0.016 d=0.000 p_box=0.000 p_ground=0.064 normal=0.000 cardinality=0.273 uncertainty=-2.969 (548s)
step 16400 loss -0.1401 active=0.015 d=0.000 p_box=0.000 p_ground=0.056 normal=0.000 cardinality=0.280 uncertainty=-2.972 (551s)
step 16500 loss -0.1007 active=0.016 d=0.000 p_box=0.000 p_ground=0.068 normal=0.000 cardinality=0.247 uncertainty=-2.978 (554s)
step 16600 loss -0.1531 active=0.016 d=0.000 p_box=0.000 p_ground=0.053 normal=0.000 cardinality=0.288 uncertainty=-2.981 (557s)
step 16700 loss -0.0780 active=0.015 d=0.000 p_box=0.000 p_ground=0.076 normal=0.000 cardinality=0.211 uncertainty=-2.962 (560s)
step 16800 loss 0.2580 active=0.016 d=0.000 p_box=0.004 p_ground=0.097 normal=0.000 cardinality=0.232 uncertainty=-1.964 (563s)
step 16900 loss -0.0174 active=0.019 d=0.000 p_box=0.000 p_ground=0.078 normal=0.000 cardinality=0.282 uncertainty=-2.944 (566s)
step 17000 loss 0.0817 active=0.020 d=0.000 p_box=0.000 p_ground=0.097 normal=0.000 cardinality=0.295 uncertainty=-2.948 (569s)
step 17100 loss -0.0316 active=0.023 d=0.000 p_box=0.000 p_ground=0.070 normal=0.000 cardinality=0.314 uncertainty=-2.931 (572s)
step 17200 loss -0.0394 active=0.018 d=0.000 p_box=0.000 p_ground=0.076 normal=0.000 cardinality=0.265 uncertainty=-2.952 (575s)
step 17300 loss -0.1492 active=0.017 d=0.000 p_box=0.000 p_ground=0.058 normal=0.000 cardinality=0.244 uncertainty=-2.978 (579s)
step 17400 loss -0.1596 active=0.014 d=0.000 p_box=0.001 p_ground=0.057 normal=0.000 cardinality=0.200 uncertainty=-2.896 (582s)
step 17500 loss 0.0296 active=0.015 d=0.000 p_box=0.003 p_ground=0.061 normal=0.000 cardinality=0.224 uncertainty=-2.162 (585s)
step 17600 loss -0.2236 active=0.013 d=0.000 p_box=0.000 p_ground=0.047 normal=0.000 cardinality=0.219 uncertainty=-2.978 (588s)
step 17700 loss -0.1257 active=0.016 d=0.000 p_box=0.000 p_ground=0.057 normal=0.000 cardinality=0.312 uncertainty=-2.987 (591s)
step 17800 loss -0.1472 active=0.016 d=0.000 p_box=0.000 p_ground=0.060 normal=0.000 cardinality=0.236 uncertainty=-2.979 (594s)
step 17900 loss -0.1821 active=0.015 d=0.000 p_box=0.000 p_ground=0.054 normal=0.000 cardinality=0.229 uncertainty=-2.980 (597s)
step 18000 loss -0.1930 active=0.015 d=0.000 p_box=0.000 p_ground=0.050 normal=0.000 cardinality=0.248 uncertainty=-2.985 (600s)
step 18100 loss -0.1694 active=0.016 d=0.000 p_box=0.000 p_ground=0.051 normal=0.000 cardinality=0.275 uncertainty=-2.977 (603s)
step 18200 loss -0.2311 active=0.012 d=0.000 p_box=0.000 p_ground=0.049 normal=0.000 cardinality=0.187 uncertainty=-2.986 (606s)
step 18300 loss -0.2081 active=0.014 d=0.001 p_box=0.000 p_ground=0.048 normal=0.000 cardinality=0.225 uncertainty=-2.988 (609s)
step 18400 loss -0.2405 active=0.014 d=0.000 p_box=0.000 p_ground=0.046 normal=0.000 cardinality=0.197 uncertainty=-2.989 (612s)
step 18500 loss -0.2047 active=0.014 d=0.000 p_box=0.000 p_ground=0.050 normal=0.000 cardinality=0.229 uncertainty=-2.991 (615s)
step 18600 loss -0.1659 active=0.018 d=0.001 p_box=0.000 p_ground=0.055 normal=0.000 cardinality=0.233 uncertainty=-2.985 (618s)
step 18700 loss -0.1798 active=0.015 d=0.000 p_box=0.000 p_ground=0.051 normal=0.000 cardinality=0.259 uncertainty=-2.987 (621s)
step 18800 loss -0.2735 active=0.012 d=0.000 p_box=0.000 p_ground=0.039 normal=0.000 cardinality=0.203 uncertainty=-2.990 (625s)
step 18900 loss -0.2219 active=0.014 d=0.000 p_box=0.000 p_ground=0.047 normal=0.000 cardinality=0.223 uncertainty=-2.991 (628s)
step 19000 loss 0.3465 active=0.017 d=0.000 p_box=0.026 p_ground=0.123 normal=0.000 cardinality=0.235 uncertainty=-2.758 (631s)
step 19100 loss -0.1374 active=0.015 d=0.000 p_box=0.000 p_ground=0.063 normal=0.000 cardinality=0.229 uncertainty=-2.978 (634s)
step 19200 loss -0.2256 active=0.014 d=0.000 p_box=0.000 p_ground=0.049 normal=0.000 cardinality=0.189 uncertainty=-2.983 (637s)
step 19300 loss -0.1693 active=0.016 d=0.001 p_box=0.002 p_ground=0.055 normal=0.000 cardinality=0.199 uncertainty=-2.962 (640s)
step 19400 loss -0.1693 active=0.014 d=0.000 p_box=0.000 p_ground=0.059 normal=0.000 cardinality=0.206 uncertainty=-2.980 (643s)
step 19500 loss -0.2312 active=0.014 d=0.000 p_box=0.000 p_ground=0.045 normal=0.000 cardinality=0.220 uncertainty=-2.986 (646s)
step 19600 loss -0.2534 active=0.014 d=0.000 p_box=0.000 p_ground=0.043 normal=0.000 cardinality=0.199 uncertainty=-2.990 (649s)
step 19700 loss -0.2029 active=0.017 d=0.000 p_box=0.000 p_ground=0.048 normal=0.000 cardinality=0.237 uncertainty=-2.988 (653s)
step 19800 loss -0.2214 active=0.015 d=0.000 p_box=0.000 p_ground=0.045 normal=0.000 cardinality=0.237 uncertainty=-2.986 (656s)
step 19900 loss -0.2190 active=0.015 d=0.000 p_box=0.000 p_ground=0.041 normal=0.000 cardinality=0.286 uncertainty=-2.991 (659s)
step 20000 loss -0.2605 active=0.013 d=0.000 p_box=0.000 p_ground=0.041 normal=0.000 cardinality=0.207 uncertainty=-2.991 (662s)
  [val] slot_precision=0.9491854310035706 slot_recall=0.9700052738189697 frame_precision=0.966589093208313 frame_recall=0.9574329853057861 d_mae=0.00038864443195052445 d_p95=0.001006918610073626 point_err_median_pct_min_dim=0.001205292297527194 point_err_p95_pct_min_dim=0.02006821520626545 ground_point_err_median_pct_min_dim=1.610316276550293 normal_deg_median=0.0 normal_deg_p95=0.02797645516693592 cardinality_acc=0.9531681537628174 count_acc=0.906039834022522 ece=0.06949566361588497 n_frames=148382 uncertainty_error_corr=0.3543941554056888
step 20100 loss -0.2693 active=0.014 d=0.001 p_box=0.000 p_ground=0.040 normal=0.000 cardinality=0.198 uncertainty=-2.992 (678s)
step 20200 loss -0.3157 active=0.012 d=0.000 p_box=0.000 p_ground=0.034 normal=0.000 cardinality=0.172 uncertainty=-2.992 (681s)
step 20300 loss -0.2560 active=0.013 d=0.000 p_box=0.000 p_ground=0.041 normal=0.000 cardinality=0.216 uncertainty=-2.991 (684s)
step 20400 loss -0.3015 active=0.013 d=0.000 p_box=0.000 p_ground=0.036 normal=0.000 cardinality=0.181 uncertainty=-2.992 (687s)
step 20500 loss -0.2482 active=0.013 d=0.000 p_box=0.000 p_ground=0.042 normal=0.000 cardinality=0.225 uncertainty=-2.992 (690s)
step 20600 loss -0.3013 active=0.012 d=0.000 p_box=0.000 p_ground=0.035 normal=0.000 cardinality=0.194 uncertainty=-2.993 (693s)
step 20700 loss -0.2695 active=0.012 d=0.000 p_box=0.000 p_ground=0.040 normal=0.000 cardinality=0.210 uncertainty=-2.993 (696s)
step 20800 loss -0.2918 active=0.013 d=0.000 p_box=0.000 p_ground=0.038 normal=0.000 cardinality=0.173 uncertainty=-2.993 (700s)
step 20900 loss -0.3311 active=0.012 d=0.000 p_box=0.000 p_ground=0.031 normal=0.000 cardinality=0.179 uncertainty=-2.993 (703s)
step 21000 loss -0.2977 active=0.011 d=0.000 p_box=0.000 p_ground=0.038 normal=0.000 cardinality=0.172 uncertainty=-2.994 (706s)
step 21100 loss -0.3273 active=0.012 d=0.000 p_box=0.000 p_ground=0.031 normal=0.000 cardinality=0.180 uncertainty=-2.994 (709s)
step 21200 loss -0.2343 active=0.014 d=0.000 p_box=0.000 p_ground=0.036 normal=0.000 cardinality=0.311 uncertainty=-2.994 (712s)
step 21300 loss -0.3009 active=0.013 d=0.000 p_box=0.000 p_ground=0.035 normal=0.000 cardinality=0.189 uncertainty=-2.993 (715s)
step 21400 loss -0.2970 active=0.012 d=0.000 p_box=0.000 p_ground=0.033 normal=0.000 cardinality=0.221 uncertainty=-2.994 (718s)
step 21500 loss -0.3447 active=0.010 d=0.000 p_box=0.000 p_ground=0.031 normal=0.000 cardinality=0.154 uncertainty=-2.995 (721s)
step 21600 loss -0.3254 active=0.012 d=0.000 p_box=0.000 p_ground=0.034 normal=0.000 cardinality=0.159 uncertainty=-2.995 (724s)
step 21700 loss -0.3589 active=0.009 d=0.000 p_box=0.000 p_ground=0.030 normal=0.000 cardinality=0.138 uncertainty=-2.995 (728s)
step 21800 loss -0.3175 active=0.011 d=0.000 p_box=0.000 p_ground=0.036 normal=0.000 cardinality=0.158 uncertainty=-2.994 (731s)
step 21900 loss -0.3292 active=0.012 d=0.000 p_box=0.000 p_ground=0.032 normal=0.000 cardinality=0.171 uncertainty=-2.995 (734s)
step 22000 loss -0.3512 active=0.011 d=0.000 p_box=0.000 p_ground=0.031 normal=0.000 cardinality=0.137 uncertainty=-2.995 (737s)
step 22100 loss -0.3331 active=0.011 d=0.000 p_box=0.000 p_ground=0.030 normal=0.000 cardinality=0.184 uncertainty=-2.996 (740s)
step 22200 loss -0.3153 active=0.011 d=0.000 p_box=0.000 p_ground=0.034 normal=0.000 cardinality=0.177 uncertainty=-2.996 (743s)
step 22300 loss -0.3452 active=0.011 d=0.000 p_box=0.000 p_ground=0.029 normal=0.000 cardinality=0.176 uncertainty=-2.996 (746s)
step 22400 loss -0.3516 active=0.011 d=0.001 p_box=0.000 p_ground=0.030 normal=0.000 cardinality=0.143 uncertainty=-2.996 (749s)
step 22500 loss -0.3360 active=0.011 d=0.000 p_box=0.000 p_ground=0.030 normal=0.000 cardinality=0.182 uncertainty=-2.996 (752s)
step 22600 loss -0.3410 active=0.011 d=0.000 p_box=0.000 p_ground=0.030 normal=0.000 cardinality=0.174 uncertainty=-2.996 (755s)
step 22700 loss -0.3338 active=0.010 d=0.000 p_box=0.000 p_ground=0.030 normal=0.000 cardinality=0.184 uncertainty=-2.995 (758s)
step 22800 loss -0.3156 active=0.013 d=0.001 p_box=0.000 p_ground=0.032 normal=0.000 cardinality=0.188 uncertainty=-2.996 (761s)
step 22900 loss -0.3279 active=0.010 d=0.000 p_box=0.000 p_ground=0.031 normal=0.000 cardinality=0.193 uncertainty=-2.996 (764s)
step 23000 loss -0.3413 active=0.009 d=0.000 p_box=0.000 p_ground=0.030 normal=0.000 cardinality=0.173 uncertainty=-2.995 (767s)
step 23100 loss -0.3854 active=0.009 d=0.000 p_box=0.000 p_ground=0.027 normal=0.000 cardinality=0.126 uncertainty=-2.997 (770s)
step 23200 loss -0.3229 active=0.011 d=0.000 p_box=0.000 p_ground=0.030 normal=0.000 cardinality=0.202 uncertainty=-2.996 (773s)
step 23300 loss -0.3096 active=0.012 d=0.000 p_box=0.000 p_ground=0.031 normal=0.000 cardinality=0.221 uncertainty=-2.997 (776s)
step 23400 loss -0.3812 active=0.008 d=0.000 p_box=0.000 p_ground=0.027 normal=0.000 cardinality=0.133 uncertainty=-2.996 (779s)
step 23500 loss -0.3392 active=0.011 d=0.000 p_box=0.000 p_ground=0.029 normal=0.000 cardinality=0.183 uncertainty=-2.997 (782s)
step 23600 loss -0.3573 active=0.010 d=0.000 p_box=0.000 p_ground=0.029 normal=0.000 cardinality=0.155 uncertainty=-2.997 (785s)
step 23700 loss -0.3734 active=0.010 d=0.000 p_box=0.000 p_ground=0.025 normal=0.000 cardinality=0.162 uncertainty=-2.997 (789s)
step 23800 loss -0.3857 active=0.010 d=0.000 p_box=0.000 p_ground=0.025 normal=0.000 cardinality=0.139 uncertainty=-2.997 (792s)
step 23900 loss -0.3639 active=0.010 d=0.000 p_box=0.000 p_ground=0.026 normal=0.000 cardinality=0.170 uncertainty=-2.997 (795s)
step 24000 loss -0.3710 active=0.010 d=0.000 p_box=0.000 p_ground=0.025 normal=0.000 cardinality=0.159 uncertainty=-2.997 (798s)
step 24100 loss -0.3829 active=0.009 d=0.000 p_box=0.000 p_ground=0.026 normal=0.000 cardinality=0.134 uncertainty=-2.996 (801s)
step 24200 loss -0.3795 active=0.011 d=0.000 p_box=0.000 p_ground=0.023 normal=0.000 cardinality=0.164 uncertainty=-2.997 (804s)
step 24300 loss -0.3380 active=0.012 d=0.000 p_box=0.000 p_ground=0.030 normal=0.000 cardinality=0.172 uncertainty=-2.996 (807s)
step 24400 loss -0.3737 active=0.010 d=0.000 p_box=0.000 p_ground=0.026 normal=0.000 cardinality=0.145 uncertainty=-2.997 (810s)
step 24500 loss -0.3721 active=0.010 d=0.000 p_box=0.000 p_ground=0.027 normal=0.000 cardinality=0.145 uncertainty=-2.997 (813s)
step 24600 loss -0.3617 active=0.010 d=0.000 p_box=0.000 p_ground=0.029 normal=0.000 cardinality=0.145 uncertainty=-2.998 (816s)
step 24700 loss -0.3887 active=0.010 d=0.000 p_box=0.000 p_ground=0.024 normal=0.000 cardinality=0.142 uncertainty=-2.998 (819s)
step 24800 loss -0.3790 active=0.010 d=0.000 p_box=0.000 p_ground=0.025 normal=0.000 cardinality=0.151 uncertainty=-2.997 (823s)
step 24900 loss -0.3641 active=0.011 d=0.000 p_box=0.000 p_ground=0.024 normal=0.000 cardinality=0.183 uncertainty=-2.997 (826s)
step 25000 loss -0.3520 active=0.011 d=0.000 p_box=0.000 p_ground=0.024 normal=0.000 cardinality=0.209 uncertainty=-2.998 (829s)
  [val] slot_precision=0.9642342925071716 slot_recall=0.9761980175971985 frame_precision=0.9776967167854309 frame_recall=0.9658059477806091 d_mae=0.00040767627069726586 d_p95=0.0010718058329075575 point_err_median_pct_min_dim=0.0004803160554729402 point_err_p95_pct_min_dim=0.009518802165985107 ground_point_err_median_pct_min_dim=1.237952709197998 normal_deg_median=0.0 normal_deg_p95=0.0 cardinality_acc=0.9613227844238281 count_acc=0.9288525581359863 ece=0.06107085048597813 n_frames=148382 uncertainty_error_corr=0.38294779557182695
step 25100 loss -0.4053 active=0.009 d=0.000 p_box=0.000 p_ground=0.021 normal=0.000 cardinality=0.141 uncertainty=-2.998 (845s)
step 25200 loss -0.3871 active=0.010 d=0.000 p_box=0.000 p_ground=0.025 normal=0.000 cardinality=0.133 uncertainty=-2.997 (848s)
step 25300 loss -0.3864 active=0.012 d=0.000 p_box=0.000 p_ground=0.024 normal=0.000 cardinality=0.138 uncertainty=-2.997 (851s)
step 25400 loss -0.4078 active=0.009 d=0.000 p_box=0.000 p_ground=0.022 normal=0.000 cardinality=0.125 uncertainty=-2.998 (855s)
step 25500 loss -0.4086 active=0.008 d=0.000 p_box=0.000 p_ground=0.021 normal=0.000 cardinality=0.142 uncertainty=-2.997 (858s)
step 25600 loss -0.3932 active=0.009 d=0.000 p_box=0.000 p_ground=0.025 normal=0.000 cardinality=0.123 uncertainty=-2.998 (860s)
step 25700 loss -0.3837 active=0.009 d=0.000 p_box=0.000 p_ground=0.024 normal=0.000 cardinality=0.149 uncertainty=-2.998 (863s)
step 25800 loss -0.3871 active=0.010 d=0.000 p_box=0.000 p_ground=0.021 normal=0.000 cardinality=0.177 uncertainty=-2.998 (867s)
step 25900 loss -0.3705 active=0.011 d=0.000 p_box=0.000 p_ground=0.022 normal=0.000 cardinality=0.190 uncertainty=-2.997 (870s)
step 26000 loss -0.3995 active=0.009 d=0.000 p_box=0.000 p_ground=0.022 normal=0.000 cardinality=0.139 uncertainty=-2.998 (873s)
step 26100 loss -0.3925 active=0.010 d=0.000 p_box=0.000 p_ground=0.023 normal=0.000 cardinality=0.143 uncertainty=-2.998 (876s)
step 26200 loss -0.3875 active=0.009 d=0.000 p_box=0.000 p_ground=0.024 normal=0.000 cardinality=0.147 uncertainty=-2.998 (880s)
step 26300 loss -0.3800 active=0.010 d=0.000 p_box=0.000 p_ground=0.023 normal=0.000 cardinality=0.173 uncertainty=-2.998 (883s)
step 26400 loss -0.4179 active=0.008 d=0.000 p_box=0.000 p_ground=0.020 normal=0.000 cardinality=0.127 uncertainty=-2.998 (886s)
step 26500 loss -0.3904 active=0.010 d=0.000 p_box=0.000 p_ground=0.023 normal=0.000 cardinality=0.148 uncertainty=-2.998 (889s)
step 26600 loss -0.3825 active=0.009 d=0.000 p_box=0.000 p_ground=0.025 normal=0.000 cardinality=0.152 uncertainty=-2.998 (893s)
step 26700 loss -0.3948 active=0.010 d=0.000 p_box=0.000 p_ground=0.021 normal=0.000 cardinality=0.157 uncertainty=-2.998 (896s)
step 26800 loss -0.3943 active=0.009 d=0.000 p_box=0.000 p_ground=0.022 normal=0.000 cardinality=0.147 uncertainty=-2.998 (899s)
step 26900 loss -0.3751 active=0.011 d=0.000 p_box=0.000 p_ground=0.024 normal=0.000 cardinality=0.164 uncertainty=-2.998 (902s)
step 27000 loss -0.4212 active=0.009 d=0.000 p_box=0.000 p_ground=0.020 normal=0.000 cardinality=0.122 uncertainty=-2.998 (905s)
step 27100 loss -0.4088 active=0.009 d=0.000 p_box=0.000 p_ground=0.022 normal=0.000 cardinality=0.127 uncertainty=-2.998 (908s)
step 27200 loss -0.3732 active=0.010 d=0.000 p_box=0.000 p_ground=0.024 normal=0.000 cardinality=0.169 uncertainty=-2.998 (911s)
step 27300 loss -0.4120 active=0.008 d=0.000 p_box=0.000 p_ground=0.021 normal=0.000 cardinality=0.132 uncertainty=-2.998 (914s)
step 27400 loss -0.3964 active=0.010 d=0.000 p_box=0.000 p_ground=0.021 normal=0.000 cardinality=0.155 uncertainty=-2.998 (917s)
step 27500 loss -0.4191 active=0.009 d=0.000 p_box=0.000 p_ground=0.022 normal=0.000 cardinality=0.108 uncertainty=-2.998 (921s)
step 27600 loss -0.3704 active=0.014 d=0.000 p_box=0.000 p_ground=0.025 normal=0.000 cardinality=0.151 uncertainty=-2.998 (924s)
step 27700 loss -0.3893 active=0.010 d=0.000 p_box=0.000 p_ground=0.024 normal=0.000 cardinality=0.135 uncertainty=-2.998 (927s)
step 27800 loss -0.3879 active=0.011 d=0.001 p_box=0.000 p_ground=0.023 normal=0.000 cardinality=0.139 uncertainty=-2.998 (930s)
step 27900 loss -0.3956 active=0.011 d=0.000 p_box=0.000 p_ground=0.020 normal=0.000 cardinality=0.168 uncertainty=-2.998 (933s)
step 28000 loss -0.4203 active=0.011 d=0.000 p_box=0.000 p_ground=0.018 normal=0.000 cardinality=0.133 uncertainty=-2.999 (936s)
step 28100 loss -0.4100 active=0.009 d=0.000 p_box=0.000 p_ground=0.018 normal=0.000 cardinality=0.158 uncertainty=-2.999 (940s)
step 28200 loss -0.4137 active=0.010 d=0.000 p_box=0.000 p_ground=0.020 normal=0.000 cardinality=0.132 uncertainty=-2.998 (943s)
step 28300 loss -0.4210 active=0.008 d=0.000 p_box=0.000 p_ground=0.021 normal=0.000 cardinality=0.117 uncertainty=-2.999 (946s)
step 28400 loss -0.4135 active=0.010 d=0.000 p_box=0.000 p_ground=0.019 normal=0.000 cardinality=0.146 uncertainty=-2.999 (949s)
step 28500 loss -0.4181 active=0.009 d=0.000 p_box=0.000 p_ground=0.022 normal=0.000 cardinality=0.104 uncertainty=-2.999 (952s)
step 28600 loss -0.4006 active=0.009 d=0.000 p_box=0.000 p_ground=0.023 normal=0.000 cardinality=0.132 uncertainty=-2.999 (955s)
step 28700 loss -0.3968 active=0.009 d=0.000 p_box=0.000 p_ground=0.020 normal=0.000 cardinality=0.166 uncertainty=-2.999 (958s)
step 28800 loss -0.3973 active=0.011 d=0.000 p_box=0.000 p_ground=0.020 normal=0.000 cardinality=0.158 uncertainty=-2.999 (961s)
step 28900 loss -0.4025 active=0.010 d=0.000 p_box=0.000 p_ground=0.021 normal=0.000 cardinality=0.142 uncertainty=-2.999 (964s)
step 29000 loss -0.4126 active=0.010 d=0.000 p_box=0.000 p_ground=0.020 normal=0.000 cardinality=0.135 uncertainty=-2.999 (967s)
step 29100 loss -0.4190 active=0.008 d=0.000 p_box=0.000 p_ground=0.021 normal=0.000 cardinality=0.118 uncertainty=-2.999 (971s)
step 29200 loss -0.4163 active=0.010 d=0.000 p_box=0.000 p_ground=0.019 normal=0.000 cardinality=0.134 uncertainty=-2.999 (974s)
step 29300 loss -0.4231 active=0.008 d=0.000 p_box=0.000 p_ground=0.021 normal=0.000 cardinality=0.112 uncertainty=-2.999 (977s)
step 29400 loss -0.3981 active=0.010 d=0.001 p_box=0.000 p_ground=0.021 normal=0.000 cardinality=0.146 uncertainty=-2.999 (980s)
step 29500 loss -0.4185 active=0.009 d=0.000 p_box=0.000 p_ground=0.019 normal=0.000 cardinality=0.135 uncertainty=-2.999 (983s)
step 29600 loss -0.4002 active=0.012 d=0.000 p_box=0.000 p_ground=0.022 normal=0.000 cardinality=0.131 uncertainty=-2.999 (986s)
step 29700 loss -0.4230 active=0.008 d=0.000 p_box=0.000 p_ground=0.020 normal=0.000 cardinality=0.125 uncertainty=-2.999 (989s)
step 29800 loss -0.4359 active=0.007 d=0.000 p_box=0.000 p_ground=0.018 normal=0.000 cardinality=0.117 uncertainty=-2.999 (992s)
step 29900 loss -0.4232 active=0.009 d=0.000 p_box=0.000 p_ground=0.018 normal=0.000 cardinality=0.139 uncertainty=-2.999 (995s)
step 30000 loss -0.3969 active=0.010 d=0.000 p_box=0.000 p_ground=0.021 normal=0.000 cardinality=0.153 uncertainty=-2.999 (999s)
  [val] slot_precision=0.9678629636764526 slot_recall=0.9805452823638916 frame_precision=0.978610098361969 frame_recall=0.9740464687347412 d_mae=0.000416441384004429 d_p95=0.0010682400315999985 point_err_median_pct_min_dim=0.00022870941029395908 point_err_p95_pct_min_dim=0.005515896249562502 ground_point_err_median_pct_min_dim=1.0398454666137695 normal_deg_median=0.0 normal_deg_p95=0.0 cardinality_acc=0.9639646410942078 count_acc=0.9376474022865295 ece=0.0591201481769061 n_frames=148382 uncertainty_error_corr=0.3536260383753258
[val] slot_precision=0.9678629636764526 slot_recall=0.9805452823638916 frame_precision=0.978610098361969 frame_recall=0.9740464687347412 d_mae=0.000416441384004429 d_p95=0.0010682400315999985 point_err_median_pct_min_dim=0.00022870941029395908 point_err_p95_pct_min_dim=0.005515896249562502 ground_point_err_median_pct_min_dim=1.0398454666137695 normal_deg_median=0.0 normal_deg_p95=0.0 cardinality_acc=0.9639646410942078 count_acc=0.9376474022865295 ece=0.0591201481769061 n_frames=148382 uncertainty_error_corr=0.3536260383753258 first_impact_err_steps_median=0.0 first_impact_err_steps_p99=253.4700000000002 first_impact_missed=0
[test] slot_precision=0.967072606086731 slot_recall=0.9668096303939819 frame_precision=0.9808096885681152 frame_recall=0.9584813714027405 d_mae=0.0005200994201004505 d_p95=0.0012369659962132573 point_err_median_pct_min_dim=0.00019079429330304265 point_err_p95_pct_min_dim=0.0033251927234232426 ground_point_err_median_pct_min_dim=1.268805980682373 normal_deg_median=0.0 normal_deg_p95=0.0 cardinality_acc=0.9606237411499023 count_acc=0.9265142679214478 ece=0.05768995442136166 n_frames=140694 uncertainty_error_corr=0.32215498580980756 first_impact_err_steps_median=0.0 first_impact_err_steps_p99=29.0 first_impact_missed=0
[test_geometry] slot_precision=0.9734572172164917 slot_recall=0.9741618633270264 frame_precision=0.9837071299552917 frame_recall=0.9713314175605774 d_mae=0.0004262527509126812 d_p95=0.001120546250604093 point_err_median_pct_min_dim=0.0002075585798593238 point_err_p95_pct_min_dim=0.005676663015037775 ground_point_err_median_pct_min_dim=1.2992151975631714 normal_deg_median=0.0 normal_deg_p95=0.0 cardinality_acc=0.9682109951972961 count_acc=0.9338469505310059 ece=0.058713895410071396 n_frames=142911 uncertainty_error_corr=0.2847444200507524 first_impact_err_steps_median=0.0 first_impact_err_steps_p99=57.74000000000012 first_impact_missed=0
TRAIN_DONE
