NVIDIA A100-SXM4-40GB, 580.159.04, 40960 MiB
torch 2.13.0+cu130 cuda True
CMD: python scripts/train_contact.py --data data/pilot1b --encoder point --out runs/expC_point --steps 8000 --eval-every 2000 --max-eval-episodes 120 --workers 2
loaded split train: 1189 episodes in 103.1s
loaded split val: 255 episodes in 20.4s
loaded split test: 255 episodes in 22.2s
loaded split test_geometry: 301 episodes in 27.0s
encoder=point params=557089
train category counts: {'far_free': 479239, 'near_contact': 183323, 'first_impact': 5945, 'contact': 564239, 'rebound_repeat': 32828, 'resting': 200194}
step 100 loss 31.3999 active=0.071 d=0.049 p_box=3.283 p_ground=2.736 normal=0.010 cardinality=1.157 uncertainty=1.675 (13s)
step 200 loss 19.6213 active=0.068 d=0.020 p_box=1.514 p_ground=2.205 normal=0.011 cardinality=1.009 uncertainty=1.391 (24s)
step 300 loss 7.3953 active=0.064 d=0.005 p_box=0.144 p_ground=1.214 normal=0.009 cardinality=0.873 uncertainty=0.051 (34s)
step 400 loss 5.2051 active=0.064 d=0.005 p_box=0.060 p_ground=0.884 normal=0.004 cardinality=0.807 uncertainty=-0.382 (45s)
step 500 loss 3.8553 active=0.059 d=0.003 p_box=0.033 p_ground=0.672 normal=0.002 cardinality=0.813 uncertainty=-1.050 (55s)
step 600 loss 3.5643 active=0.057 d=0.003 p_box=0.029 p_ground=0.632 normal=0.001 cardinality=0.728 uncertainty=-1.165 (66s)
step 700 loss 2.7977 active=0.056 d=0.002 p_box=0.008 p_ground=0.526 normal=0.001 cardinality=0.700 uncertainty=-1.736 (77s)
step 800 loss 2.8124 active=0.055 d=0.003 p_box=0.015 p_ground=0.516 normal=0.001 cardinality=0.697 uncertainty=-1.573 (87s)
step 900 loss 2.3644 active=0.053 d=0.002 p_box=0.023 p_ground=0.422 normal=0.001 cardinality=0.681 uncertainty=-1.606 (98s)
step 1000 loss 2.3652 active=0.053 d=0.003 p_box=0.012 p_ground=0.430 normal=0.001 cardinality=0.703 uncertainty=-1.560 (108s)
step 1100 loss 1.7340 active=0.049 d=0.002 p_box=0.009 p_ground=0.338 normal=0.000 cardinality=0.624 uncertainty=-2.086 (119s)
step 1200 loss 1.3954 active=0.048 d=0.001 p_box=0.008 p_ground=0.277 normal=0.000 cardinality=0.644 uncertainty=-2.278 (129s)
step 1300 loss 1.2343 active=0.050 d=0.001 p_box=0.005 p_ground=0.262 normal=0.000 cardinality=0.596 uncertainty=-2.500 (140s)
step 1400 loss 1.6218 active=0.049 d=0.002 p_box=0.011 p_ground=0.309 normal=0.000 cardinality=0.690 uncertainty=-2.134 (150s)
step 1500 loss 1.2666 active=0.052 d=0.001 p_box=0.003 p_ground=0.259 normal=0.000 cardinality=0.684 uncertainty=-2.499 (160s)
step 1600 loss 2.2109 active=0.047 d=0.002 p_box=0.027 p_ground=0.405 normal=0.000 cardinality=0.652 uncertainty=-1.879 (171s)
step 1700 loss 1.6656 active=0.049 d=0.001 p_box=0.018 p_ground=0.306 normal=0.000 cardinality=0.716 uncertainty=-2.067 (181s)
step 1800 loss 2.1928 active=0.051 d=0.002 p_box=0.030 p_ground=0.385 normal=0.001 cardinality=0.708 uncertainty=-1.755 (192s)
step 1900 loss 1.6707 active=0.052 d=0.001 p_box=0.009 p_ground=0.303 normal=0.000 cardinality=0.842 uncertainty=-2.106 (203s)
step 2000 loss 1.1794 active=0.046 d=0.001 p_box=0.008 p_ground=0.243 normal=0.000 cardinality=0.603 uncertainty=-2.373 (213s)
  [val] slot_precision=0.8338359594345093 slot_recall=0.8854034543037415 frame_precision=0.929501473903656 frame_recall=0.8351240754127502 d_mae=0.0015821704873815179 d_p95=0.0034172439482063055 point_err_median_pct_min_dim=0.020338086411356926 point_err_p95_pct_min_dim=0.6570819020271301 ground_point_err_median_pct_min_dim=8.507468223571777 normal_deg_median=0.9285166263580322 normal_deg_p95=1.8886640071868896 cardinality_acc=0.8064590096473694 count_acc=0.7646142840385437 ece=0.1503780596533413 n_frames=148382 uncertainty_error_corr=-0.10136971884554762
step 2100 loss 1.1654 active=0.046 d=0.001 p_box=0.005 p_ground=0.242 normal=0.000 cardinality=0.628 uncertainty=-2.402 (256s)
step 2200 loss 1.3380 active=0.047 d=0.001 p_box=0.011 p_ground=0.267 normal=0.000 cardinality=0.568 uncertainty=-2.172 (266s)
step 2300 loss 1.1179 active=0.048 d=0.001 p_box=0.011 p_ground=0.224 normal=0.000 cardinality=0.635 uncertainty=-2.368 (277s)
step 2400 loss 0.8275 active=0.043 d=0.001 p_box=0.003 p_ground=0.187 normal=0.000 cardinality=0.596 uncertainty=-2.569 (288s)
step 2500 loss 0.9583 active=0.043 d=0.001 p_box=0.010 p_ground=0.213 normal=0.000 cardinality=0.572 uncertainty=-2.655 (298s)
step 2600 loss 0.9983 active=0.043 d=0.001 p_box=0.007 p_ground=0.219 normal=0.000 cardinality=0.575 uncertainty=-2.552 (309s)
step 2700 loss 0.6329 active=0.046 d=0.000 p_box=0.002 p_ground=0.156 normal=0.000 cardinality=0.588 uncertainty=-2.743 (319s)
step 2800 loss 0.5778 active=0.045 d=0.000 p_box=0.002 p_ground=0.153 normal=0.000 cardinality=0.549 uncertainty=-2.835 (330s)
step 2900 loss 0.6161 active=0.046 d=0.001 p_box=0.002 p_ground=0.152 normal=0.000 cardinality=0.608 uncertainty=-2.773 (341s)
step 3000 loss 0.7859 active=0.046 d=0.001 p_box=0.001 p_ground=0.189 normal=0.000 cardinality=0.583 uncertainty=-2.762 (351s)
step 3100 loss 0.5133 active=0.044 d=0.000 p_box=0.002 p_ground=0.144 normal=0.000 cardinality=0.535 uncertainty=-2.860 (362s)
step 3200 loss 0.3834 active=0.042 d=0.000 p_box=0.002 p_ground=0.123 normal=0.000 cardinality=0.491 uncertainty=-2.861 (372s)
step 3300 loss 0.7720 active=0.048 d=0.001 p_box=0.003 p_ground=0.184 normal=0.000 cardinality=0.532 uncertainty=-2.630 (383s)
step 3400 loss 1.2136 active=0.044 d=0.001 p_box=0.018 p_ground=0.221 normal=0.000 cardinality=0.597 uncertainty=-1.854 (394s)
step 3500 loss 0.8189 active=0.048 d=0.001 p_box=0.005 p_ground=0.176 normal=0.000 cardinality=0.668 uncertainty=-2.612 (405s)
step 3600 loss 1.7134 active=0.049 d=0.001 p_box=0.030 p_ground=0.299 normal=0.000 cardinality=0.666 uncertainty=-1.836 (415s)
step 3700 loss 0.9858 active=0.045 d=0.004 p_box=0.009 p_ground=0.203 normal=0.000 cardinality=0.578 uncertainty=-2.350 (426s)
step 3800 loss 0.9196 active=0.043 d=0.000 p_box=0.008 p_ground=0.187 normal=0.000 cardinality=0.583 uncertainty=-2.174 (436s)
step 3900 loss 0.7901 active=0.046 d=0.001 p_box=0.002 p_ground=0.174 normal=0.000 cardinality=0.663 uncertainty=-2.579 (447s)
step 4000 loss 1.3500 active=0.043 d=0.001 p_box=0.038 p_ground=0.196 normal=0.000 cardinality=0.646 uncertainty=-1.148 (458s)
  [val] slot_precision=0.8572597503662109 slot_recall=0.8721590638160706 frame_precision=0.94574373960495 frame_recall=0.8223526477813721 d_mae=0.001109478180296719 d_p95=0.0025471257977187634 point_err_median_pct_min_dim=0.0201370008289814 point_err_p95_pct_min_dim=0.5735288262367249 ground_point_err_median_pct_min_dim=6.833782196044922 normal_deg_median=0.5126095414161682 normal_deg_p95=0.8997809886932373 cardinality_acc=0.820894718170166 count_acc=0.7703360319137573 ece=0.15211649995537058 n_frames=148382 uncertainty_error_corr=-0.004354164049513873
step 4100 loss 0.9118 active=0.045 d=0.001 p_box=0.012 p_ground=0.186 normal=0.000 cardinality=0.556 uncertainty=-2.234 (500s)
step 4200 loss 0.5998 active=0.047 d=0.001 p_box=0.003 p_ground=0.135 normal=0.000 cardinality=0.653 uncertainty=-2.563 (510s)
step 4300 loss 0.4868 active=0.044 d=0.000 p_box=0.002 p_ground=0.128 normal=0.000 cardinality=0.600 uncertainty=-2.762 (521s)
step 4400 loss 0.6032 active=0.038 d=0.000 p_box=0.001 p_ground=0.165 normal=0.000 cardinality=0.518 uncertainty=-2.820 (531s)
step 4500 loss 0.5092 active=0.042 d=0.000 p_box=0.006 p_ground=0.133 normal=0.000 cardinality=0.523 uncertainty=-2.665 (542s)
step 4600 loss 0.4637 active=0.044 d=0.000 p_box=0.002 p_ground=0.129 normal=0.000 cardinality=0.562 uncertainty=-2.824 (552s)
step 4700 loss 0.4272 active=0.042 d=0.001 p_box=0.002 p_ground=0.124 normal=0.000 cardinality=0.558 uncertainty=-2.840 (563s)
step 4800 loss 0.3294 active=0.041 d=0.000 p_box=0.002 p_ground=0.111 normal=0.000 cardinality=0.505 uncertainty=-2.851 (573s)
step 4900 loss 0.5077 active=0.043 d=0.000 p_box=0.001 p_ground=0.137 normal=0.000 cardinality=0.581 uncertainty=-2.812 (584s)
step 5000 loss 0.3044 active=0.039 d=0.000 p_box=0.001 p_ground=0.104 normal=0.000 cardinality=0.523 uncertainty=-2.813 (594s)
step 5100 loss 0.3052 active=0.038 d=0.000 p_box=0.001 p_ground=0.115 normal=0.000 cardinality=0.431 uncertainty=-2.845 (605s)
step 5200 loss 0.1857 active=0.044 d=0.000 p_box=0.001 p_ground=0.083 normal=0.000 cardinality=0.506 uncertainty=-2.889 (615s)
step 5300 loss 0.3842 active=0.039 d=0.000 p_box=0.001 p_ground=0.122 normal=0.000 cardinality=0.539 uncertainty=-2.905 (626s)
step 5400 loss 0.1684 active=0.037 d=0.000 p_box=0.001 p_ground=0.083 normal=0.000 cardinality=0.492 uncertainty=-2.867 (636s)
step 5500 loss 0.1312 active=0.036 d=0.000 p_box=0.001 p_ground=0.082 normal=0.000 cardinality=0.438 uncertainty=-2.878 (647s)
step 5600 loss 0.0924 active=0.038 d=0.000 p_box=0.001 p_ground=0.069 normal=0.000 cardinality=0.484 uncertainty=-2.896 (657s)
step 5700 loss 0.0971 active=0.038 d=0.000 p_box=0.001 p_ground=0.069 normal=0.000 cardinality=0.502 uncertainty=-2.910 (668s)
step 5800 loss 0.4851 active=0.038 d=0.000 p_box=0.019 p_ground=0.094 normal=0.000 cardinality=0.463 uncertainty=-1.956 (678s)
step 5900 loss 0.1649 active=0.038 d=0.000 p_box=0.001 p_ground=0.082 normal=0.000 cardinality=0.503 uncertainty=-2.898 (689s)
step 6000 loss 0.1001 active=0.039 d=0.001 p_box=0.001 p_ground=0.069 normal=0.000 cardinality=0.511 uncertainty=-2.917 (699s)
  [val] slot_precision=0.878412127494812 slot_recall=0.8967626690864563 frame_precision=0.9564206004142761 frame_recall=0.8225513696670532 d_mae=0.0007491476717405021 d_p95=0.0018269503489136696 point_err_median_pct_min_dim=0.01123272255063057 point_err_p95_pct_min_dim=0.24348154664039612 ground_point_err_median_pct_min_dim=2.8105297088623047 normal_deg_median=0.29750335216522217 normal_deg_p95=0.5248574018478394 cardinality_acc=0.8542882800102234 count_acc=0.7991670370101929 ece=0.1570613405732107 n_frames=148382 uncertainty_error_corr=0.10317134135774098
step 6100 loss 0.0637 active=0.037 d=0.000 p_box=0.001 p_ground=0.065 normal=0.000 cardinality=0.486 uncertainty=-2.915 (742s)
step 6200 loss 0.0329 active=0.036 d=0.000 p_box=0.001 p_ground=0.061 normal=0.000 cardinality=0.466 uncertainty=-2.912 (752s)
step 6300 loss 0.0432 active=0.037 d=0.000 p_box=0.001 p_ground=0.063 normal=0.000 cardinality=0.471 uncertainty=-2.926 (763s)
step 6400 loss 0.0403 active=0.038 d=0.001 p_box=0.001 p_ground=0.057 normal=0.000 cardinality=0.514 uncertainty=-2.925 (774s)
step 6500 loss -0.0028 active=0.036 d=0.000 p_box=0.001 p_ground=0.056 normal=0.000 cardinality=0.454 uncertainty=-2.922 (784s)
step 6600 loss -0.0096 active=0.037 d=0.000 p_box=0.001 p_ground=0.053 normal=0.000 cardinality=0.462 uncertainty=-2.919 (795s)
step 6700 loss -0.0360 active=0.034 d=0.000 p_box=0.001 p_ground=0.051 normal=0.000 cardinality=0.441 uncertainty=-2.930 (805s)
step 6800 loss -0.0076 active=0.036 d=0.000 p_box=0.001 p_ground=0.053 normal=0.000 cardinality=0.467 uncertainty=-2.926 (816s)
step 6900 loss -0.0654 active=0.035 d=0.000 p_box=0.001 p_ground=0.047 normal=0.000 cardinality=0.428 uncertainty=-2.937 (827s)
step 7000 loss 0.0092 active=0.033 d=0.000 p_box=0.001 p_ground=0.056 normal=0.000 cardinality=0.495 uncertainty=-2.936 (837s)
step 7100 loss -0.0343 active=0.035 d=0.000 p_box=0.001 p_ground=0.054 normal=0.000 cardinality=0.415 uncertainty=-2.939 (848s)
step 7200 loss -0.0645 active=0.036 d=0.000 p_box=0.001 p_ground=0.046 normal=0.000 cardinality=0.435 uncertainty=-2.945 (858s)
step 7300 loss -0.0474 active=0.035 d=0.000 p_box=0.001 p_ground=0.049 normal=0.000 cardinality=0.444 uncertainty=-2.940 (869s)
step 7400 loss -0.0163 active=0.035 d=0.000 p_box=0.002 p_ground=0.048 normal=0.000 cardinality=0.475 uncertainty=-2.866 (880s)
step 7500 loss -0.0742 active=0.035 d=0.000 p_box=0.001 p_ground=0.045 normal=0.000 cardinality=0.431 uncertainty=-2.943 (890s)
step 7600 loss -0.0893 active=0.034 d=0.000 p_box=0.001 p_ground=0.044 normal=0.000 cardinality=0.422 uncertainty=-2.950 (901s)
step 7700 loss -0.0756 active=0.034 d=0.000 p_box=0.001 p_ground=0.045 normal=0.000 cardinality=0.437 uncertainty=-2.951 (912s)
step 7800 loss -0.0602 active=0.035 d=0.000 p_box=0.001 p_ground=0.049 normal=0.000 cardinality=0.423 uncertainty=-2.952 (923s)
step 7900 loss -0.0798 active=0.034 d=0.001 p_box=0.000 p_ground=0.043 normal=0.000 cardinality=0.442 uncertainty=-2.946 (934s)
step 8000 loss -0.0546 active=0.034 d=0.000 p_box=0.001 p_ground=0.049 normal=0.000 cardinality=0.437 uncertainty=-2.951 (945s)
  [val] slot_precision=0.8881291747093201 slot_recall=0.8947674632072449 frame_precision=0.9585928916931152 frame_recall=0.8216637372970581 d_mae=0.0006492429529316723 d_p95=0.0015471535734832287 point_err_median_pct_min_dim=0.007805729750543833 point_err_p95_pct_min_dim=0.1813265085220337 ground_point_err_median_pct_min_dim=2.316147565841675 normal_deg_median=0.23996877670288086 normal_deg_p95=0.4090690016746521 cardinality_acc=0.8577859997749329 count_acc=0.8026647567749023 ece=0.1475947434925815 n_frames=148382 uncertainty_error_corr=0.13647210033903817
[val] slot_precision=0.8881291747093201 slot_recall=0.8947674632072449 frame_precision=0.9585928916931152 frame_recall=0.8216637372970581 d_mae=0.0006492429529316723 d_p95=0.0015471535734832287 point_err_median_pct_min_dim=0.007805729750543833 point_err_p95_pct_min_dim=0.1813265085220337 ground_point_err_median_pct_min_dim=2.316147565841675 normal_deg_median=0.23996877670288086 normal_deg_p95=0.4090690016746521 cardinality_acc=0.8577859997749329 count_acc=0.8026647567749023 ece=0.1475947434925815 n_frames=148382 uncertainty_error_corr=0.13647210033903817 first_impact_err_steps_median=96.0 first_impact_err_steps_p99=868.4200000000004 first_impact_missed=0
[test] slot_precision=0.8719107508659363 slot_recall=0.8753700852394104 frame_precision=0.9633843898773193 frame_recall=0.7757356762886047 d_mae=0.0007889573462307453 d_p95=0.001626854296773672 point_err_median_pct_min_dim=0.005056201480329037 point_err_p95_pct_min_dim=0.18334534764289856 ground_point_err_median_pct_min_dim=2.2396438121795654 normal_deg_median=0.23488777875900269 normal_deg_p95=0.4454348385334015 cardinality_acc=0.8387280106544495 count_acc=0.7724992036819458 ece=0.14091314072566802 n_frames=140694 uncertainty_error_corr=-0.016440006955918136 first_impact_err_steps_median=102.5 first_impact_err_steps_p99=595.0 first_impact_missed=0
[test_geometry] slot_precision=0.8982120156288147 slot_recall=0.9029950499534607 frame_precision=0.9685365557670593 frame_recall=0.8289316296577454 d_mae=0.0006544242496602237 d_p95=0.0014347633114084601 point_err_median_pct_min_dim=0.007886103354394436 point_err_p95_pct_min_dim=0.16767866909503937 ground_point_err_median_pct_min_dim=3.4177310466766357 normal_deg_median=0.2342260479927063 normal_deg_p95=0.44566279649734497 cardinality_acc=0.8500955104827881 count_acc=0.8025554418563843 ece=0.1567647859621624 n_frames=142911 uncertainty_error_corr=0.0395058710911524 first_impact_err_steps_median=35.5 first_impact_err_steps_p99=629.8400000000001 first_impact_missed=0
TRAIN_DONE
