NVIDIA H100 80GB HBM3, 580.159.04, 81559 MiB
torch 2.13.0+cu130 cuda True
CMD: python scripts/train_contact.py --data data/pilot1b --encoder patch --out runs/expC_patch --steps 8000 --eval-every 2000 --max-eval-episodes 120 --workers 2
loaded split train: 1189 episodes in 91.6s
loaded split val: 255 episodes in 18.9s
loaded split test: 255 episodes in 22.5s
loaded split test_geometry: 301 episodes in 26.6s
encoder=patch params=660769
train category counts: {'far_free': 479239, 'near_contact': 183323, 'first_impact': 5945, 'contact': 564239, 'rebound_repeat': 32828, 'resting': 200194}
step 100 loss 31.2539 active=0.070 d=0.101 p_box=3.384 p_ground=2.546 normal=0.026 cardinality=1.156 uncertainty=1.775 (7s)
step 200 loss 23.5082 active=0.062 d=0.015 p_box=2.347 p_ground=2.140 normal=0.022 cardinality=0.983 uncertainty=1.792 (10s)
step 300 loss 8.0870 active=0.057 d=0.009 p_box=0.178 p_ground=1.318 normal=0.009 cardinality=0.867 uncertainty=0.005 (13s)
step 400 loss 5.5272 active=0.056 d=0.005 p_box=0.092 p_ground=0.922 normal=0.005 cardinality=0.833 uncertainty=-0.502 (16s)
step 500 loss 3.9150 active=0.057 d=0.004 p_box=0.044 p_ground=0.675 normal=0.003 cardinality=0.812 uncertainty=-1.107 (20s)
step 600 loss 2.9910 active=0.055 d=0.003 p_box=0.023 p_ground=0.536 normal=0.002 cardinality=0.751 uncertainty=-1.503 (23s)
step 700 loss 3.0500 active=0.054 d=0.003 p_box=0.038 p_ground=0.527 normal=0.002 cardinality=0.730 uncertainty=-1.323 (26s)
step 800 loss 2.3142 active=0.052 d=0.002 p_box=0.020 p_ground=0.420 normal=0.001 cardinality=0.723 uncertainty=-1.835 (29s)
step 900 loss 1.8874 active=0.050 d=0.003 p_box=0.007 p_ground=0.369 normal=0.001 cardinality=0.693 uncertainty=-2.273 (32s)
step 1000 loss 1.9176 active=0.051 d=0.002 p_box=0.011 p_ground=0.355 normal=0.001 cardinality=0.739 uncertainty=-1.965 (36s)
step 1100 loss 2.3773 active=0.049 d=0.002 p_box=0.030 p_ground=0.354 normal=0.001 cardinality=0.659 uncertainty=0.101 (39s)
step 1200 loss 1.4542 active=0.047 d=0.001 p_box=0.005 p_ground=0.299 normal=0.001 cardinality=0.646 uncertainty=-2.446 (42s)
step 1300 loss 1.4940 active=0.050 d=0.001 p_box=0.015 p_ground=0.277 normal=0.001 cardinality=0.641 uncertainty=-1.964 (45s)
step 1400 loss 1.4084 active=0.048 d=0.001 p_box=0.004 p_ground=0.297 normal=0.001 cardinality=0.644 uncertainty=-2.620 (48s)
step 1500 loss 1.4085 active=0.050 d=0.001 p_box=0.008 p_ground=0.276 normal=0.001 cardinality=0.824 uncertainty=-2.650 (51s)
step 1600 loss 1.7540 active=0.047 d=0.001 p_box=0.010 p_ground=0.290 normal=0.001 cardinality=0.619 uncertainty=-0.779 (55s)
step 1700 loss 1.0923 active=0.046 d=0.001 p_box=0.006 p_ground=0.240 normal=0.000 cardinality=0.601 uncertainty=-2.672 (58s)
step 1800 loss 1.0837 active=0.049 d=0.001 p_box=0.006 p_ground=0.229 normal=0.000 cardinality=0.614 uncertainty=-2.492 (61s)
step 1900 loss 0.8724 active=0.049 d=0.001 p_box=0.002 p_ground=0.200 normal=0.000 cardinality=0.633 uncertainty=-2.794 (64s)
step 2000 loss 0.7835 active=0.044 d=0.001 p_box=0.002 p_ground=0.195 normal=0.000 cardinality=0.552 uncertainty=-2.851 (67s)
  [val] slot_precision=0.8832213282585144 slot_recall=0.8274092674255371 frame_precision=0.955288827419281 frame_recall=0.7676633596420288 d_mae=0.0013512952718883753 d_p95=0.0029727923683822155 point_err_median_pct_min_dim=0.06494417041540146 point_err_p95_pct_min_dim=1.4642266035079956 ground_point_err_median_pct_min_dim=8.925716400146484 normal_deg_median=1.072758674621582 normal_deg_p95=2.242626667022705 cardinality_acc=0.7919154763221741 count_acc=0.7525845170021057 ece=0.1618621254796017 n_frames=148382 uncertainty_error_corr=-0.2036162163792566
step 2100 loss 0.7072 active=0.042 d=0.001 p_box=0.003 p_ground=0.179 normal=0.000 cardinality=0.532 uncertainty=-2.781 (82s)
step 2200 loss 1.9717 active=0.041 d=0.001 p_box=0.041 p_ground=0.259 normal=0.000 cardinality=0.489 uncertainty=0.680 (85s)
step 2300 loss 1.0022 active=0.044 d=0.001 p_box=0.002 p_ground=0.231 normal=0.000 cardinality=0.574 uncertainty=-2.708 (88s)
step 2400 loss 0.9313 active=0.039 d=0.001 p_box=0.012 p_ground=0.215 normal=0.000 cardinality=0.529 uncertainty=-2.746 (92s)
step 2500 loss 0.9414 active=0.038 d=0.001 p_box=0.002 p_ground=0.233 normal=0.000 cardinality=0.464 uncertainty=-2.728 (95s)
step 2600 loss 1.0235 active=0.039 d=0.001 p_box=0.008 p_ground=0.216 normal=0.000 cardinality=0.589 uncertainty=-2.363 (98s)
step 2700 loss 1.2408 active=0.042 d=0.001 p_box=0.005 p_ground=0.271 normal=0.000 cardinality=0.528 uncertainty=-2.457 (101s)
step 2800 loss 0.9717 active=0.041 d=0.001 p_box=0.010 p_ground=0.221 normal=0.000 cardinality=0.494 uncertainty=-2.576 (104s)
step 2900 loss 0.8312 active=0.040 d=0.001 p_box=0.005 p_ground=0.199 normal=0.000 cardinality=0.538 uncertainty=-2.709 (107s)
step 3000 loss 0.9039 active=0.041 d=0.001 p_box=0.004 p_ground=0.204 normal=0.000 cardinality=0.568 uncertainty=-2.511 (110s)
step 3100 loss 0.8605 active=0.039 d=0.001 p_box=0.006 p_ground=0.205 normal=0.000 cardinality=0.533 uncertainty=-2.721 (113s)
step 3200 loss 0.7201 active=0.036 d=0.001 p_box=0.002 p_ground=0.193 normal=0.000 cardinality=0.445 uncertainty=-2.765 (116s)
step 3300 loss 0.7515 active=0.040 d=0.001 p_box=0.008 p_ground=0.185 normal=0.000 cardinality=0.512 uncertainty=-2.756 (119s)
step 3400 loss 0.8172 active=0.039 d=0.001 p_box=0.011 p_ground=0.194 normal=0.000 cardinality=0.479 uncertainty=-2.631 (122s)
step 3500 loss 0.7136 active=0.039 d=0.001 p_box=0.004 p_ground=0.177 normal=0.000 cardinality=0.493 uncertainty=-2.608 (125s)
step 3600 loss 0.4986 active=0.036 d=0.000 p_box=0.001 p_ground=0.151 normal=0.000 cardinality=0.476 uncertainty=-2.857 (128s)
step 3700 loss 0.4698 active=0.036 d=0.003 p_box=0.001 p_ground=0.143 normal=0.000 cardinality=0.468 uncertainty=-2.870 (131s)
step 3800 loss 0.4646 active=0.035 d=0.000 p_box=0.001 p_ground=0.146 normal=0.000 cardinality=0.474 uncertainty=-2.895 (134s)
step 3900 loss 0.5574 active=0.035 d=0.001 p_box=0.006 p_ground=0.152 normal=0.000 cardinality=0.496 uncertainty=-2.784 (137s)
step 4000 loss 0.5956 active=0.035 d=0.000 p_box=0.003 p_ground=0.159 normal=0.000 cardinality=0.517 uncertainty=-2.721 (140s)
  [val] slot_precision=0.8934061527252197 slot_recall=0.9008236527442932 frame_precision=0.96183180809021 frame_recall=0.8436560034751892 d_mae=0.0011360336793586612 d_p95=0.002519933506846428 point_err_median_pct_min_dim=0.020240802317857742 point_err_p95_pct_min_dim=0.34329792857170105 ground_point_err_median_pct_min_dim=6.586036682128906 normal_deg_median=0.8368090391159058 normal_deg_p95=1.84894859790802 cardinality_acc=0.8641883730888367 count_acc=0.8097478151321411 ece=0.14168212282115994 n_frames=148382 uncertainty_error_corr=-0.3561255559061591
step 4100 loss 0.3284 active=0.033 d=0.000 p_box=0.001 p_ground=0.128 normal=0.000 cardinality=0.394 uncertainty=-2.911 (155s)
step 4200 loss 0.2755 active=0.039 d=0.000 p_box=0.001 p_ground=0.107 normal=0.000 cardinality=0.485 uncertainty=-2.921 (158s)
step 4300 loss 0.3352 active=0.036 d=0.000 p_box=0.001 p_ground=0.123 normal=0.000 cardinality=0.453 uncertainty=-2.929 (161s)
step 4400 loss 0.2898 active=0.029 d=0.000 p_box=0.001 p_ground=0.122 normal=0.000 cardinality=0.401 uncertainty=-2.909 (164s)
step 4500 loss 0.2581 active=0.033 d=0.000 p_box=0.001 p_ground=0.109 normal=0.000 cardinality=0.444 uncertainty=-2.915 (167s)
step 4600 loss 0.2087 active=0.034 d=0.000 p_box=0.001 p_ground=0.102 normal=0.000 cardinality=0.420 uncertainty=-2.934 (171s)
step 4700 loss 0.1622 active=0.033 d=0.001 p_box=0.001 p_ground=0.092 normal=0.000 cardinality=0.435 uncertainty=-2.945 (174s)
step 4800 loss 0.1959 active=0.032 d=0.000 p_box=0.000 p_ground=0.102 normal=0.000 cardinality=0.414 uncertainty=-2.941 (177s)
step 4900 loss 0.2467 active=0.034 d=0.000 p_box=0.001 p_ground=0.105 normal=0.000 cardinality=0.474 uncertainty=-2.939 (180s)
step 5000 loss 0.0830 active=0.029 d=0.000 p_box=0.001 p_ground=0.084 normal=0.000 cardinality=0.382 uncertainty=-2.946 (183s)
step 5100 loss 0.0637 active=0.029 d=0.000 p_box=0.001 p_ground=0.083 normal=0.000 cardinality=0.348 uncertainty=-2.945 (186s)
step 5200 loss 0.0746 active=0.031 d=0.000 p_box=0.001 p_ground=0.081 normal=0.000 cardinality=0.391 uncertainty=-2.956 (189s)
step 5300 loss 0.1243 active=0.030 d=0.000 p_box=0.001 p_ground=0.087 normal=0.000 cardinality=0.430 uncertainty=-2.961 (192s)
step 5400 loss 0.0300 active=0.030 d=0.000 p_box=0.001 p_ground=0.075 normal=0.000 cardinality=0.356 uncertainty=-2.947 (195s)
step 5500 loss -0.0129 active=0.027 d=0.000 p_box=0.001 p_ground=0.067 normal=0.000 cardinality=0.373 uncertainty=-2.960 (198s)
step 5600 loss 0.0307 active=0.030 d=0.000 p_box=0.001 p_ground=0.074 normal=0.000 cardinality=0.369 uncertainty=-2.948 (201s)
step 5700 loss 0.0705 active=0.030 d=0.000 p_box=0.001 p_ground=0.079 normal=0.000 cardinality=0.408 uncertainty=-2.960 (204s)
step 5800 loss 0.0248 active=0.028 d=0.000 p_box=0.000 p_ground=0.075 normal=0.000 cardinality=0.368 uncertainty=-2.965 (208s)
step 5900 loss -0.0070 active=0.028 d=0.000 p_box=0.000 p_ground=0.068 normal=0.000 cardinality=0.369 uncertainty=-2.965 (210s)
step 6000 loss 0.0578 active=0.033 d=0.001 p_box=0.001 p_ground=0.070 normal=0.000 cardinality=0.454 uncertainty=-2.960 (214s)
  [val] slot_precision=0.8956480622291565 slot_recall=0.9218816161155701 frame_precision=0.9634979963302612 frame_recall=0.8756508231163025 d_mae=0.000909185444470495 d_p95=0.0021977699361741543 point_err_median_pct_min_dim=0.010482694022357464 point_err_p95_pct_min_dim=0.14257217943668365 ground_point_err_median_pct_min_dim=4.497708320617676 normal_deg_median=0.5403753519058228 normal_deg_p95=1.0354094505310059 cardinality_acc=0.8896496891975403 count_acc=0.8259492516517639 ece=0.10184329579985633 n_frames=148382 uncertainty_error_corr=-0.30514554809965216
step 6100 loss -0.0431 active=0.028 d=0.000 p_box=0.000 p_ground=0.061 normal=0.000 cardinality=0.373 uncertainty=-2.964 (228s)
step 6200 loss -0.0121 active=0.028 d=0.000 p_box=0.001 p_ground=0.069 normal=0.000 cardinality=0.353 uncertainty=-2.970 (231s)
step 6300 loss -0.0175 active=0.030 d=0.000 p_box=0.000 p_ground=0.066 normal=0.000 cardinality=0.363 uncertainty=-2.969 (234s)
step 6400 loss 0.0161 active=0.030 d=0.001 p_box=0.000 p_ground=0.066 normal=0.000 cardinality=0.426 uncertainty=-2.972 (237s)
step 6500 loss -0.0782 active=0.029 d=0.000 p_box=0.000 p_ground=0.057 normal=0.000 cardinality=0.347 uncertainty=-2.974 (241s)
step 6600 loss -0.0481 active=0.028 d=0.000 p_box=0.000 p_ground=0.060 normal=0.000 cardinality=0.373 uncertainty=-2.971 (244s)
step 6700 loss -0.0627 active=0.027 d=0.000 p_box=0.000 p_ground=0.059 normal=0.000 cardinality=0.359 uncertainty=-2.974 (247s)
step 6800 loss -0.0476 active=0.028 d=0.000 p_box=0.000 p_ground=0.063 normal=0.000 cardinality=0.346 uncertainty=-2.969 (250s)
step 6900 loss -0.0667 active=0.027 d=0.000 p_box=0.001 p_ground=0.060 normal=0.000 cardinality=0.338 uncertainty=-2.975 (253s)
step 7000 loss -0.0687 active=0.029 d=0.000 p_box=0.000 p_ground=0.055 normal=0.000 cardinality=0.375 uncertainty=-2.974 (256s)
step 7100 loss -0.1171 active=0.025 d=0.000 p_box=0.000 p_ground=0.056 normal=0.000 cardinality=0.290 uncertainty=-2.974 (259s)
step 7200 loss -0.1120 active=0.027 d=0.000 p_box=0.000 p_ground=0.055 normal=0.000 cardinality=0.300 uncertainty=-2.976 (262s)
step 7300 loss -0.1251 active=0.026 d=0.000 p_box=0.000 p_ground=0.050 normal=0.000 cardinality=0.330 uncertainty=-2.976 (265s)
step 7400 loss -0.0717 active=0.028 d=0.000 p_box=0.000 p_ground=0.057 normal=0.000 cardinality=0.363 uncertainty=-2.974 (268s)
step 7500 loss -0.1093 active=0.027 d=0.000 p_box=0.000 p_ground=0.051 normal=0.000 cardinality=0.349 uncertainty=-2.976 (271s)
step 7600 loss -0.1276 active=0.026 d=0.000 p_box=0.001 p_ground=0.050 normal=0.000 cardinality=0.326 uncertainty=-2.975 (274s)
step 7700 loss -0.1558 active=0.026 d=0.000 p_box=0.000 p_ground=0.047 normal=0.000 cardinality=0.304 uncertainty=-2.979 (277s)
step 7800 loss -0.1288 active=0.026 d=0.000 p_box=0.000 p_ground=0.054 normal=0.000 cardinality=0.285 uncertainty=-2.977 (280s)
step 7900 loss -0.1438 active=0.026 d=0.001 p_box=0.000 p_ground=0.048 normal=0.000 cardinality=0.313 uncertainty=-2.978 (284s)
step 8000 loss 0.3656 active=0.027 d=0.000 p_box=0.011 p_ground=0.084 normal=0.000 cardinality=0.345 uncertainty=-1.674 (287s)
  [val] slot_precision=0.9124448299407959 slot_recall=0.9174242615699768 frame_precision=0.9696590304374695 frame_recall=0.8616207838058472 d_mae=0.0008696048171259463 d_p95=0.0021089762449264526 point_err_median_pct_min_dim=0.006748449057340622 point_err_p95_pct_min_dim=0.10240241140127182 ground_point_err_median_pct_min_dim=4.319894313812256 normal_deg_median=0.44294002652168274 normal_deg_p95=0.9123671054840088 cardinality_acc=0.8984310626983643 count_acc=0.8351349830627441 ece=0.10167087128443042 n_frames=148382 uncertainty_error_corr=-0.3080677139381851
[val] slot_precision=0.9124448299407959 slot_recall=0.9174242615699768 frame_precision=0.9696590304374695 frame_recall=0.8616207838058472 d_mae=0.0008696048171259463 d_p95=0.0021089762449264526 point_err_median_pct_min_dim=0.006748449057340622 point_err_p95_pct_min_dim=0.10240241140127182 ground_point_err_median_pct_min_dim=4.319894313812256 normal_deg_median=0.44294002652168274 normal_deg_p95=0.9123671054840088 cardinality_acc=0.8984310626983643 count_acc=0.8351349830627441 ece=0.10167087128443042 n_frames=148382 uncertainty_error_corr=-0.3080677139381851 first_impact_err_steps_median=3.0 first_impact_err_steps_p99=498.69000000000034 first_impact_missed=0
[test] slot_precision=0.8939392566680908 slot_recall=0.8883400559425354 frame_precision=0.9616608619689941 frame_recall=0.8095225095748901 d_mae=0.0009964753407984972 d_p95=0.002571545075625181 point_err_median_pct_min_dim=0.005982513539493084 point_err_p95_pct_min_dim=0.08766588568687439 ground_point_err_median_pct_min_dim=4.307398796081543 normal_deg_median=0.3936629295349121 normal_deg_p95=0.8030217885971069 cardinality_acc=0.8810752630233765 count_acc=0.7953075766563416 ece=0.09550002074154582 n_frames=140694 uncertainty_error_corr=-0.22411362244650238 first_impact_err_steps_median=3.0 first_impact_err_steps_p99=417.0 first_impact_missed=0
[test_geometry] slot_precision=0.911867082118988 slot_recall=0.9253947138786316 frame_precision=0.9681414365768433 frame_recall=0.8764513731002808 d_mae=0.0009104935452342033 d_p95=0.0023031251039355993 point_err_median_pct_min_dim=0.00866465549916029 point_err_p95_pct_min_dim=0.42531341314315796 ground_point_err_median_pct_min_dim=4.765178203582764 normal_deg_median=0.39730095863342285 normal_deg_p95=0.8153879046440125 cardinality_acc=0.8965929746627808 count_acc=0.830852746963501 ece=0.10610787289372683 n_frames=142911 uncertainty_error_corr=-0.19297979147860916 first_impact_err_steps_median=1.0 first_impact_err_steps_p99=402.87000000000006 first_impact_missed=0
TRAIN_DONE
