NVIDIA H100 80GB HBM3, 580.159.04, 81559 MiB
torch 2.13.0+cu130 cuda True
CMD: python scripts/train_contact.py --data data/pilot1b --encoder point --out runs/expC_point_30k --steps 30000 --batch 512 --eval-every 5000 --max-eval-episodes 120 --workers 2
loaded split train: 1189 episodes in 7.6s
loaded split val: 255 episodes in 1.7s
loaded split test: 255 episodes in 1.5s
loaded split test_geometry: 301 episodes in 1.9s
encoder=point params=557089
train category counts: {'far_free': 479239, 'near_contact': 183323, 'first_impact': 5945, 'contact': 564239, 'rebound_repeat': 32828, 'resting': 200194}
step 100 loss 31.3999 active=0.071 d=0.049 p_box=3.283 p_ground=2.736 normal=0.010 cardinality=1.157 uncertainty=1.675 (10s)
step 200 loss 20.2262 active=0.070 d=0.019 p_box=1.612 p_ground=2.226 normal=0.010 cardinality=1.010 uncertainty=1.429 (15s)
step 300 loss 7.5508 active=0.064 d=0.009 p_box=0.161 p_ground=1.223 normal=0.009 cardinality=0.868 uncertainty=0.061 (21s)
step 400 loss 5.7250 active=0.063 d=0.005 p_box=0.092 p_ground=0.953 normal=0.004 cardinality=0.814 uncertainty=-0.303 (26s)
step 500 loss 4.0641 active=0.059 d=0.003 p_box=0.034 p_ground=0.708 normal=0.003 cardinality=0.795 uncertainty=-0.894 (31s)
step 600 loss 3.9608 active=0.056 d=0.004 p_box=0.036 p_ground=0.692 normal=0.002 cardinality=0.725 uncertainty=-0.876 (36s)
step 700 loss 3.2787 active=0.056 d=0.002 p_box=0.031 p_ground=0.583 normal=0.001 cardinality=0.727 uncertainty=-1.402 (42s)
step 800 loss 2.5838 active=0.053 d=0.002 p_box=0.013 p_ground=0.478 normal=0.001 cardinality=0.722 uncertainty=-1.771 (47s)
step 900 loss 2.6126 active=0.054 d=0.003 p_box=0.008 p_ground=0.497 normal=0.001 cardinality=0.678 uncertainty=-1.867 (52s)
step 1000 loss 2.7848 active=0.056 d=0.003 p_box=0.030 p_ground=0.487 normal=0.001 cardinality=0.743 uncertainty=-1.478 (57s)
step 1100 loss 2.3092 active=0.050 d=0.002 p_box=0.012 p_ground=0.435 normal=0.001 cardinality=0.661 uncertainty=-1.835 (63s)
step 1200 loss 2.1670 active=0.050 d=0.002 p_box=0.020 p_ground=0.386 normal=0.000 cardinality=0.660 uncertainty=-1.501 (68s)
step 1300 loss 2.0239 active=0.052 d=0.001 p_box=0.018 p_ground=0.334 normal=0.000 cardinality=0.635 uncertainty=-0.813 (73s)
step 1400 loss 1.6521 active=0.051 d=0.001 p_box=0.006 p_ground=0.324 normal=0.000 cardinality=0.681 uncertainty=-2.238 (79s)
step 1500 loss 1.4170 active=0.051 d=0.001 p_box=0.004 p_ground=0.284 normal=0.000 cardinality=0.668 uncertainty=-2.332 (84s)
step 1600 loss 1.9105 active=0.049 d=0.002 p_box=0.010 p_ground=0.372 normal=0.000 cardinality=0.637 uncertainty=-2.120 (89s)
step 1700 loss 1.4807 active=0.048 d=0.001 p_box=0.012 p_ground=0.289 normal=0.000 cardinality=0.657 uncertainty=-2.262 (95s)
step 1800 loss 1.9389 active=0.052 d=0.001 p_box=0.036 p_ground=0.306 normal=0.000 cardinality=0.706 uncertainty=-1.156 (100s)
step 1900 loss 1.7662 active=0.052 d=0.001 p_box=0.010 p_ground=0.311 normal=0.000 cardinality=0.680 uncertainty=-1.465 (105s)
step 2000 loss 1.3305 active=0.048 d=0.001 p_box=0.007 p_ground=0.273 normal=0.000 cardinality=0.609 uncertainty=-2.368 (110s)
step 2100 loss 1.7748 active=0.047 d=0.001 p_box=0.017 p_ground=0.315 normal=0.000 cardinality=0.594 uncertainty=-1.424 (116s)
step 2200 loss 2.2416 active=0.048 d=0.001 p_box=0.021 p_ground=0.255 normal=0.000 cardinality=0.586 uncertainty=2.336 (121s)
step 2300 loss 1.3176 active=0.049 d=0.001 p_box=0.003 p_ground=0.274 normal=0.000 cardinality=0.618 uncertainty=-2.412 (127s)
step 2400 loss 1.7330 active=0.045 d=0.001 p_box=0.029 p_ground=0.313 normal=0.000 cardinality=0.601 uncertainty=-1.864 (132s)
step 2500 loss 1.8466 active=0.045 d=0.001 p_box=0.043 p_ground=0.318 normal=0.000 cardinality=0.538 uncertainty=-1.612 (137s)
step 2600 loss 2.0373 active=0.046 d=0.001 p_box=0.032 p_ground=0.362 normal=0.000 cardinality=0.639 uncertainty=-1.743 (142s)
step 2700 loss 1.1276 active=0.049 d=0.001 p_box=0.003 p_ground=0.241 normal=0.000 cardinality=0.618 uncertainty=-2.505 (148s)
step 2800 loss 1.1053 active=0.048 d=0.001 p_box=0.003 p_ground=0.233 normal=0.000 cardinality=0.608 uncertainty=-2.411 (153s)
step 2900 loss 1.3112 active=0.049 d=0.001 p_box=0.004 p_ground=0.258 normal=0.000 cardinality=0.657 uncertainty=-2.139 (158s)
step 3000 loss 1.6034 active=0.048 d=0.001 p_box=0.024 p_ground=0.278 normal=0.000 cardinality=0.650 uncertainty=-1.657 (164s)
step 3100 loss 1.1138 active=0.046 d=0.001 p_box=0.010 p_ground=0.219 normal=0.000 cardinality=0.609 uncertainty=-2.146 (169s)
step 3200 loss 1.3036 active=0.045 d=0.001 p_box=0.015 p_ground=0.235 normal=0.000 cardinality=0.579 uncertainty=-1.641 (174s)
step 3300 loss 0.9583 active=0.049 d=0.000 p_box=0.008 p_ground=0.189 normal=0.000 cardinality=0.608 uncertainty=-2.143 (180s)
step 3400 loss 1.1986 active=0.046 d=0.001 p_box=0.011 p_ground=0.207 normal=0.000 cardinality=0.598 uncertainty=-1.430 (185s)
step 3500 loss 1.0818 active=0.048 d=0.001 p_box=0.012 p_ground=0.216 normal=0.000 cardinality=0.645 uncertainty=-2.400 (190s)
step 3600 loss 1.3400 active=0.048 d=0.001 p_box=0.021 p_ground=0.241 normal=0.000 cardinality=0.728 uncertainty=-2.154 (196s)
step 3700 loss 0.8328 active=0.044 d=0.003 p_box=0.003 p_ground=0.189 normal=0.000 cardinality=0.593 uncertainty=-2.642 (201s)
step 3800 loss 0.9016 active=0.045 d=0.000 p_box=0.004 p_ground=0.189 normal=0.000 cardinality=0.654 uncertainty=-2.393 (207s)
step 3900 loss 1.5387 active=0.046 d=0.001 p_box=0.042 p_ground=0.250 normal=0.000 cardinality=0.629 uncertainty=-1.644 (212s)
step 4000 loss 1.2400 active=0.045 d=0.001 p_box=0.005 p_ground=0.261 normal=0.000 cardinality=0.619 uncertainty=-2.462 (217s)
step 4100 loss 1.2909 active=0.047 d=0.001 p_box=0.012 p_ground=0.244 normal=0.000 cardinality=0.652 uncertainty=-2.058 (222s)
step 4200 loss 1.3176 active=0.051 d=0.001 p_box=0.024 p_ground=0.228 normal=0.000 cardinality=0.707 uncertainty=-2.014 (228s)
step 4300 loss 1.6626 active=0.048 d=0.001 p_box=0.030 p_ground=0.277 normal=0.000 cardinality=0.730 uncertainty=-1.687 (233s)
step 4400 loss 0.9254 active=0.041 d=0.000 p_box=0.003 p_ground=0.198 normal=0.000 cardinality=0.619 uncertainty=-2.393 (238s)
step 4500 loss 1.1755 active=0.044 d=0.000 p_box=0.001 p_ground=0.249 normal=0.000 cardinality=0.642 uncertainty=-2.421 (244s)
step 4600 loss 0.7993 active=0.047 d=0.000 p_box=0.001 p_ground=0.175 normal=0.000 cardinality=0.698 uncertainty=-2.639 (249s)
step 4700 loss 0.5661 active=0.046 d=0.001 p_box=0.001 p_ground=0.141 normal=0.000 cardinality=0.645 uncertainty=-2.811 (255s)
step 4800 loss 0.6382 active=0.044 d=0.000 p_box=0.002 p_ground=0.164 normal=0.000 cardinality=0.585 uncertainty=-2.859 (260s)
step 4900 loss 0.4074 active=0.045 d=0.000 p_box=0.001 p_ground=0.116 normal=0.000 cardinality=0.625 uncertainty=-2.892 (265s)
step 5000 loss 0.3893 active=0.040 d=0.000 p_box=0.001 p_ground=0.119 normal=0.000 cardinality=0.571 uncertainty=-2.892 (271s)
  [val] slot_precision=0.8881586790084839 slot_recall=0.8553690910339355 frame_precision=0.9586817622184753 frame_recall=0.7669479846954346 d_mae=0.0006118468008935452 d_p95=0.0012692539021372795 point_err_median_pct_min_dim=0.012800146825611591 point_err_p95_pct_min_dim=0.2339414358139038 ground_point_err_median_pct_min_dim=4.292501926422119 normal_deg_median=0.2376452088356018 normal_deg_p95=0.3958408236503601 cardinality_acc=0.816588282585144 count_acc=0.7792319655418396 ece=0.17247718713675084 n_frames=148382 uncertainty_error_corr=0.4120153644223549
step 5100 loss 0.2604 active=0.039 d=0.000 p_box=0.001 p_ground=0.101 normal=0.000 cardinality=0.501 uncertainty=-2.903 (293s)
step 5200 loss 0.3632 active=0.043 d=0.000 p_box=0.001 p_ground=0.116 normal=0.000 cardinality=0.554 uncertainty=-2.916 (298s)
step 5300 loss 0.4005 active=0.039 d=0.000 p_box=0.001 p_ground=0.124 normal=0.000 cardinality=0.565 uncertainty=-2.924 (303s)
step 5400 loss 0.3019 active=0.038 d=0.000 p_box=0.001 p_ground=0.102 normal=0.000 cardinality=0.594 uncertainty=-2.927 (308s)
step 5500 loss 0.1967 active=0.037 d=0.000 p_box=0.001 p_ground=0.092 normal=0.000 cardinality=0.492 uncertainty=-2.928 (314s)
step 5600 loss 0.2491 active=0.037 d=0.000 p_box=0.001 p_ground=0.099 normal=0.000 cardinality=0.530 uncertainty=-2.935 (319s)
step 5700 loss 0.3849 active=0.038 d=0.000 p_box=0.001 p_ground=0.128 normal=0.000 cardinality=0.502 uncertainty=-2.939 (324s)
step 5800 loss 0.1051 active=0.037 d=0.000 p_box=0.001 p_ground=0.075 normal=0.000 cardinality=0.475 uncertainty=-2.940 (330s)
step 5900 loss 0.4000 active=0.036 d=0.000 p_box=0.001 p_ground=0.121 normal=0.000 cardinality=0.612 uncertainty=-2.940 (335s)
step 6000 loss 0.1866 active=0.036 d=0.001 p_box=0.001 p_ground=0.083 normal=0.000 cardinality=0.565 uncertainty=-2.951 (340s)
step 6100 loss 0.2670 active=0.035 d=0.000 p_box=0.001 p_ground=0.095 normal=0.000 cardinality=0.619 uncertainty=-2.955 (345s)
step 6200 loss 0.2879 active=0.032 d=0.000 p_box=0.001 p_ground=0.115 normal=0.000 cardinality=0.475 uncertainty=-2.958 (351s)
step 6300 loss 0.1529 active=0.035 d=0.000 p_box=0.001 p_ground=0.084 normal=0.000 cardinality=0.501 uncertainty=-2.959 (356s)
step 6400 loss 0.1489 active=0.036 d=0.001 p_box=0.000 p_ground=0.072 normal=0.000 cardinality=0.604 uncertainty=-2.964 (361s)
step 6500 loss 0.1020 active=0.031 d=0.000 p_box=0.000 p_ground=0.076 normal=0.000 cardinality=0.501 uncertainty=-2.966 (366s)
step 6600 loss 0.0925 active=0.032 d=0.000 p_box=0.000 p_ground=0.076 normal=0.000 cardinality=0.478 uncertainty=-2.965 (372s)
step 6700 loss 0.1214 active=0.029 d=0.000 p_box=0.000 p_ground=0.084 normal=0.000 cardinality=0.470 uncertainty=-2.968 (377s)
step 6800 loss 0.1712 active=0.032 d=0.000 p_box=0.001 p_ground=0.087 normal=0.000 cardinality=0.530 uncertainty=-2.969 (383s)
step 6900 loss 0.0627 active=0.029 d=0.000 p_box=0.000 p_ground=0.077 normal=0.000 cardinality=0.423 uncertainty=-2.970 (388s)
step 7000 loss 0.1074 active=0.029 d=0.000 p_box=0.000 p_ground=0.078 normal=0.000 cardinality=0.504 uncertainty=-2.973 (393s)
step 7100 loss 0.0506 active=0.029 d=0.000 p_box=0.000 p_ground=0.075 normal=0.000 cardinality=0.415 uncertainty=-2.976 (398s)
step 7200 loss 0.0214 active=0.029 d=0.000 p_box=0.000 p_ground=0.069 normal=0.000 cardinality=0.426 uncertainty=-2.977 (404s)
step 7300 loss 0.0332 active=0.029 d=0.000 p_box=0.000 p_ground=0.070 normal=0.000 cardinality=0.433 uncertainty=-2.977 (409s)
step 7400 loss 0.2023 active=0.028 d=0.000 p_box=0.000 p_ground=0.096 normal=0.000 cardinality=0.515 uncertainty=-2.978 (414s)
step 7500 loss 0.0711 active=0.028 d=0.000 p_box=0.000 p_ground=0.078 normal=0.000 cardinality=0.441 uncertainty=-2.978 (419s)
step 7600 loss 0.0897 active=0.026 d=0.000 p_box=0.000 p_ground=0.087 normal=0.000 cardinality=0.396 uncertainty=-2.980 (424s)
step 7700 loss 0.1244 active=0.028 d=0.000 p_box=0.000 p_ground=0.088 normal=0.000 cardinality=0.446 uncertainty=-2.979 (430s)
step 7800 loss 0.1130 active=0.027 d=0.000 p_box=0.000 p_ground=0.089 normal=0.000 cardinality=0.421 uncertainty=-2.982 (435s)
step 7900 loss 0.1024 active=0.027 d=0.001 p_box=0.000 p_ground=0.085 normal=0.000 cardinality=0.438 uncertainty=-2.983 (440s)
step 8000 loss -0.0060 active=0.026 d=0.000 p_box=0.000 p_ground=0.064 normal=0.000 cardinality=0.436 uncertainty=-2.984 (445s)
step 8100 loss 0.1139 active=0.027 d=0.000 p_box=0.000 p_ground=0.074 normal=0.000 cardinality=0.571 uncertainty=-2.984 (451s)
step 8200 loss -0.0199 active=0.025 d=0.001 p_box=0.000 p_ground=0.064 normal=0.000 cardinality=0.412 uncertainty=-2.985 (456s)
step 8300 loss 0.0645 active=0.024 d=0.001 p_box=0.000 p_ground=0.081 normal=0.000 cardinality=0.406 uncertainty=-2.984 (461s)
step 8400 loss 0.1454 active=0.024 d=0.001 p_box=0.000 p_ground=0.091 normal=0.000 cardinality=0.467 uncertainty=-2.987 (466s)
step 8500 loss 0.0444 active=0.025 d=0.001 p_box=0.000 p_ground=0.074 normal=0.000 cardinality=0.433 uncertainty=-2.987 (471s)
step 8600 loss 0.0116 active=0.024 d=0.000 p_box=0.000 p_ground=0.072 normal=0.000 cardinality=0.399 uncertainty=-2.988 (476s)
step 8700 loss 0.0960 active=0.025 d=0.000 p_box=0.000 p_ground=0.088 normal=0.000 cardinality=0.404 uncertainty=-2.988 (482s)
step 8800 loss -0.0415 active=0.026 d=0.001 p_box=0.000 p_ground=0.058 normal=0.000 cardinality=0.424 uncertainty=-2.989 (487s)
step 8900 loss 0.0118 active=0.024 d=0.000 p_box=0.000 p_ground=0.069 normal=0.000 cardinality=0.432 uncertainty=-2.989 (492s)
step 9000 loss -0.0135 active=0.021 d=0.000 p_box=0.000 p_ground=0.057 normal=0.000 cardinality=0.507 uncertainty=-2.990 (497s)
step 9100 loss -0.0050 active=0.022 d=0.000 p_box=0.000 p_ground=0.072 normal=0.000 cardinality=0.370 uncertainty=-2.990 (503s)
step 9200 loss -0.1039 active=0.023 d=0.000 p_box=0.000 p_ground=0.049 normal=0.000 cardinality=0.408 uncertainty=-2.991 (508s)
step 9300 loss -0.0511 active=0.025 d=0.000 p_box=0.000 p_ground=0.056 normal=0.000 cardinality=0.425 uncertainty=-2.990 (513s)
step 9400 loss -0.0586 active=0.025 d=0.001 p_box=0.000 p_ground=0.054 normal=0.000 cardinality=0.430 uncertainty=-2.990 (518s)
step 9500 loss -0.0017 active=0.022 d=0.000 p_box=0.000 p_ground=0.066 normal=0.000 cardinality=0.438 uncertainty=-2.992 (524s)
step 9600 loss -0.0432 active=0.025 d=0.001 p_box=0.000 p_ground=0.057 normal=0.000 cardinality=0.427 uncertainty=-2.992 (529s)
step 9700 loss -0.0410 active=0.019 d=0.000 p_box=0.000 p_ground=0.068 normal=0.000 cardinality=0.350 uncertainty=-2.992 (534s)
step 9800 loss -0.0199 active=0.020 d=0.000 p_box=0.000 p_ground=0.074 normal=0.000 cardinality=0.332 uncertainty=-2.992 (540s)
step 9900 loss 0.0055 active=0.021 d=0.000 p_box=0.000 p_ground=0.066 normal=0.000 cardinality=0.453 uncertainty=-2.986 (545s)
step 10000 loss -0.1096 active=0.019 d=0.000 p_box=0.000 p_ground=0.054 normal=0.000 cardinality=0.358 uncertainty=-2.993 (550s)
  [val] slot_precision=0.9286880493164062 slot_recall=0.9346722960472107 frame_precision=0.9674690961837769 frame_recall=0.8865144848823547 d_mae=0.0004613911150954664 d_p95=0.001116506988182664 point_err_median_pct_min_dim=0.0011352563742548227 point_err_p95_pct_min_dim=0.03394852206110954 ground_point_err_median_pct_min_dim=2.3461241722106934 normal_deg_median=0.08764424175024033 normal_deg_p95=0.15213100612163544 cardinality_acc=0.9026094675064087 count_acc=0.8593427538871765 ece=0.103375321751914 n_frames=148382 uncertainty_error_corr=0.20157022837227437
step 10100 loss -0.1596 active=0.020 d=0.000 p_box=0.000 p_ground=0.041 normal=0.000 cardinality=0.383 uncertainty=-2.993 (572s)
step 10200 loss 0.0068 active=0.026 d=0.000 p_box=0.000 p_ground=0.065 normal=0.000 cardinality=0.453 uncertainty=-2.994 (577s)
step 10300 loss -0.1302 active=0.020 d=0.000 p_box=0.000 p_ground=0.053 normal=0.000 cardinality=0.324 uncertainty=-2.993 (583s)
step 10400 loss -0.0559 active=0.019 d=0.000 p_box=0.000 p_ground=0.066 normal=0.000 cardinality=0.351 uncertainty=-2.994 (588s)
step 10500 loss -0.0955 active=0.020 d=0.000 p_box=0.000 p_ground=0.055 normal=0.000 cardinality=0.373 uncertainty=-2.992 (593s)
step 10600 loss -0.1349 active=0.017 d=0.000 p_box=0.000 p_ground=0.050 normal=0.000 cardinality=0.361 uncertainty=-2.995 (598s)
step 10700 loss -0.1085 active=0.018 d=0.001 p_box=0.000 p_ground=0.056 normal=0.000 cardinality=0.343 uncertainty=-2.995 (604s)
step 10800 loss -0.0642 active=0.022 d=0.000 p_box=0.000 p_ground=0.054 normal=0.000 cardinality=0.441 uncertainty=-2.995 (609s)
step 10900 loss -0.0168 active=0.020 d=0.000 p_box=0.000 p_ground=0.072 normal=0.000 cardinality=0.360 uncertainty=-2.993 (614s)
step 11000 loss -0.0593 active=0.017 d=0.000 p_box=0.000 p_ground=0.069 normal=0.000 cardinality=0.321 uncertainty=-2.996 (619s)
step 11100 loss -0.1160 active=0.016 d=0.000 p_box=0.000 p_ground=0.058 normal=0.000 cardinality=0.316 uncertainty=-2.996 (625s)
step 11200 loss -0.1968 active=0.017 d=0.001 p_box=0.000 p_ground=0.039 normal=0.000 cardinality=0.335 uncertainty=-2.996 (630s)
step 11300 loss -0.0529 active=0.021 d=0.000 p_box=0.000 p_ground=0.057 normal=0.000 cardinality=0.438 uncertainty=-2.996 (635s)
step 11400 loss -0.0076 active=0.016 d=0.000 p_box=0.000 p_ground=0.080 normal=0.000 cardinality=0.320 uncertainty=-2.996 (640s)
step 11500 loss 0.4351 active=0.027 d=0.000 p_box=0.006 p_ground=0.062 normal=0.000 cardinality=0.489 uncertainty=-1.039 (645s)
step 11600 loss -0.1241 active=0.019 d=0.000 p_box=0.000 p_ground=0.047 normal=0.000 cardinality=0.404 uncertainty=-2.996 (651s)
step 11700 loss -0.2055 active=0.017 d=0.000 p_box=0.000 p_ground=0.040 normal=0.000 cardinality=0.321 uncertainty=-2.996 (656s)
step 11800 loss -0.1804 active=0.016 d=0.000 p_box=0.000 p_ground=0.050 normal=0.000 cardinality=0.275 uncertainty=-2.996 (661s)
step 11900 loss -0.1933 active=0.016 d=0.000 p_box=0.000 p_ground=0.041 normal=0.000 cardinality=0.337 uncertainty=-2.996 (667s)
step 12000 loss -0.1200 active=0.017 d=0.000 p_box=0.000 p_ground=0.057 normal=0.000 cardinality=0.321 uncertainty=-2.997 (672s)
step 12100 loss -0.0558 active=0.024 d=0.000 p_box=0.000 p_ground=0.051 normal=0.000 cardinality=0.474 uncertainty=-2.997 (677s)
step 12200 loss -0.2084 active=0.014 d=0.000 p_box=0.000 p_ground=0.046 normal=0.000 cardinality=0.266 uncertainty=-2.997 (682s)
step 12300 loss 3.3148 active=0.031 d=0.000 p_box=0.018 p_ground=0.127 normal=0.000 cardinality=0.521 uncertainty=11.331 (688s)
step 12400 loss -0.1475 active=0.018 d=0.000 p_box=0.000 p_ground=0.053 normal=0.000 cardinality=0.296 uncertainty=-2.994 (693s)
step 12500 loss -0.0540 active=0.019 d=0.000 p_box=0.000 p_ground=0.067 normal=0.000 cardinality=0.341 uncertainty=-2.994 (698s)
step 12600 loss -0.0992 active=0.017 d=0.000 p_box=0.000 p_ground=0.065 normal=0.000 cardinality=0.275 uncertainty=-2.994 (704s)
step 12700 loss -0.2182 active=0.017 d=0.000 p_box=0.000 p_ground=0.044 normal=0.000 cardinality=0.257 uncertainty=-2.995 (709s)
step 12800 loss -0.1527 active=0.016 d=0.000 p_box=0.000 p_ground=0.052 normal=0.000 cardinality=0.307 uncertainty=-2.995 (714s)
step 12900 loss 0.1618 active=0.014 d=0.000 p_box=0.001 p_ground=0.119 normal=0.000 cardinality=0.249 uncertainty=-2.963 (719s)
step 13000 loss -0.1771 active=0.013 d=0.000 p_box=0.000 p_ground=0.051 normal=0.000 cardinality=0.274 uncertainty=-2.990 (725s)
step 13100 loss -0.2457 active=0.012 d=0.000 p_box=0.000 p_ground=0.045 normal=0.000 cardinality=0.204 uncertainty=-2.995 (730s)
step 13200 loss -0.2358 active=0.012 d=0.000 p_box=0.000 p_ground=0.041 normal=0.000 cardinality=0.268 uncertainty=-2.996 (735s)
step 13300 loss -0.1665 active=0.017 d=0.002 p_box=0.000 p_ground=0.045 normal=0.000 cardinality=0.330 uncertainty=-2.996 (740s)
step 13400 loss -0.0785 active=0.014 d=0.000 p_box=0.000 p_ground=0.070 normal=0.000 cardinality=0.281 uncertainty=-2.996 (746s)
step 13500 loss -0.2003 active=0.014 d=0.000 p_box=0.000 p_ground=0.047 normal=0.000 cardinality=0.273 uncertainty=-2.996 (751s)
step 13600 loss -0.2067 active=0.013 d=0.000 p_box=0.000 p_ground=0.043 normal=0.000 cardinality=0.303 uncertainty=-2.996 (756s)
step 13700 loss -0.2540 active=0.013 d=0.000 p_box=0.000 p_ground=0.040 normal=0.000 cardinality=0.238 uncertainty=-2.996 (762s)
step 13800 loss -0.1315 active=0.014 d=0.000 p_box=0.000 p_ground=0.064 normal=0.000 cardinality=0.242 uncertainty=-2.996 (767s)
step 13900 loss -0.2432 active=0.013 d=0.000 p_box=0.000 p_ground=0.041 normal=0.000 cardinality=0.245 uncertainty=-2.996 (772s)
step 14000 loss -0.2191 active=0.011 d=0.000 p_box=0.000 p_ground=0.049 normal=0.000 cardinality=0.228 uncertainty=-2.997 (777s)
step 14100 loss -0.1605 active=0.013 d=0.000 p_box=0.000 p_ground=0.059 normal=0.000 cardinality=0.237 uncertainty=-2.997 (783s)
step 14200 loss -0.2776 active=0.010 d=0.000 p_box=0.000 p_ground=0.039 normal=0.000 cardinality=0.216 uncertainty=-2.997 (788s)
step 14300 loss -0.1249 active=0.016 d=0.000 p_box=0.000 p_ground=0.054 normal=0.000 cardinality=0.337 uncertainty=-2.991 (793s)
step 14400 loss -0.1097 active=0.016 d=0.000 p_box=0.000 p_ground=0.041 normal=0.000 cardinality=0.502 uncertainty=-2.997 (798s)
step 14500 loss -0.2207 active=0.012 d=0.000 p_box=0.000 p_ground=0.049 normal=0.000 cardinality=0.216 uncertainty=-2.997 (804s)
step 14600 loss -0.2496 active=0.010 d=0.000 p_box=0.000 p_ground=0.044 normal=0.000 cardinality=0.204 uncertainty=-2.985 (809s)
step 14700 loss -0.2769 active=0.012 d=0.000 p_box=0.000 p_ground=0.035 normal=0.000 cardinality=0.241 uncertainty=-2.998 (814s)
step 14800 loss -0.2292 active=0.012 d=0.000 p_box=0.000 p_ground=0.044 normal=0.000 cardinality=0.251 uncertainty=-2.998 (819s)
step 14900 loss -0.2228 active=0.010 d=0.000 p_box=0.000 p_ground=0.047 normal=0.000 cardinality=0.236 uncertainty=-2.997 (825s)
step 15000 loss -0.2851 active=0.010 d=0.000 p_box=0.000 p_ground=0.039 normal=0.000 cardinality=0.201 uncertainty=-2.998 (830s)
  [val] slot_precision=0.9675332903862 slot_recall=0.981020987033844 frame_precision=0.9862208366394043 frame_recall=0.9709860682487488 d_mae=0.00042161636520177126 d_p95=0.0010293448576703668 point_err_median_pct_min_dim=0.0005215355195105076 point_err_p95_pct_min_dim=0.020538372918963432 ground_point_err_median_pct_min_dim=1.6127128601074219 normal_deg_median=0.026697978377342224 normal_deg_p95=0.05550694838166237 cardinality_acc=0.9514226913452148 count_acc=0.9432073831558228 ece=0.07902741862830914 n_frames=148382 uncertainty_error_corr=0.08065277365641388
step 15100 loss -0.2949 active=0.011 d=0.000 p_box=0.000 p_ground=0.033 normal=0.000 cardinality=0.235 uncertainty=-2.998 (852s)
step 15200 loss -0.2705 active=0.010 d=0.000 p_box=0.000 p_ground=0.042 normal=0.000 cardinality=0.189 uncertainty=-2.998 (857s)
step 15300 loss -0.3256 active=0.008 d=0.000 p_box=0.000 p_ground=0.032 normal=0.000 cardinality=0.191 uncertainty=-2.998 (863s)
step 15400 loss -0.2938 active=0.011 d=0.000 p_box=0.000 p_ground=0.038 normal=0.000 cardinality=0.188 uncertainty=-2.998 (868s)
step 15500 loss -0.3397 active=0.008 d=0.000 p_box=0.000 p_ground=0.033 normal=0.000 cardinality=0.156 uncertainty=-2.998 (873s)
step 15600 loss -0.3225 active=0.009 d=0.000 p_box=0.000 p_ground=0.033 normal=0.000 cardinality=0.187 uncertainty=-2.998 (878s)
step 15700 loss -0.2653 active=0.007 d=0.000 p_box=0.000 p_ground=0.050 normal=0.000 cardinality=0.142 uncertainty=-2.998 (883s)
step 15800 loss -0.2285 active=0.010 d=0.000 p_box=0.000 p_ground=0.049 normal=0.000 cardinality=0.207 uncertainty=-2.994 (888s)
step 15900 loss -0.3252 active=0.010 d=0.000 p_box=0.000 p_ground=0.033 normal=0.000 cardinality=0.180 uncertainty=-2.998 (894s)
step 16000 loss -0.3296 active=0.009 d=0.000 p_box=0.000 p_ground=0.032 normal=0.000 cardinality=0.186 uncertainty=-2.998 (899s)
step 16100 loss -0.3166 active=0.009 d=0.000 p_box=0.000 p_ground=0.035 normal=0.000 cardinality=0.175 uncertainty=-2.999 (904s)
step 16200 loss -0.0970 active=0.009 d=0.000 p_box=0.000 p_ground=0.078 normal=0.000 cardinality=0.190 uncertainty=-2.998 (909s)
step 16300 loss -0.2632 active=0.011 d=0.000 p_box=0.000 p_ground=0.033 normal=0.000 cardinality=0.296 uncertainty=-2.999 (915s)
step 16400 loss -0.2483 active=0.008 d=0.000 p_box=0.000 p_ground=0.046 normal=0.000 cardinality=0.208 uncertainty=-2.999 (920s)
step 16500 loss -0.3030 active=0.009 d=0.000 p_box=0.000 p_ground=0.035 normal=0.000 cardinality=0.207 uncertainty=-2.999 (925s)
step 16600 loss -0.3331 active=0.008 d=0.000 p_box=0.000 p_ground=0.032 normal=0.000 cardinality=0.176 uncertainty=-2.999 (930s)
step 16700 loss -0.2737 active=0.007 d=0.000 p_box=0.000 p_ground=0.049 normal=0.000 cardinality=0.132 uncertainty=-2.999 (935s)
step 16800 loss -0.3453 active=0.007 d=0.000 p_box=0.000 p_ground=0.034 normal=0.000 cardinality=0.138 uncertainty=-2.999 (941s)
step 16900 loss -0.2885 active=0.010 d=0.000 p_box=0.000 p_ground=0.033 normal=0.000 cardinality=0.251 uncertainty=-2.999 (946s)
step 17000 loss -0.2422 active=0.009 d=0.000 p_box=0.000 p_ground=0.050 normal=0.000 cardinality=0.176 uncertainty=-2.999 (951s)
step 17100 loss -0.3718 active=0.008 d=0.000 p_box=0.000 p_ground=0.025 normal=0.000 cardinality=0.175 uncertainty=-2.998 (956s)
step 17200 loss -0.1374 active=0.008 d=0.000 p_box=0.000 p_ground=0.065 normal=0.000 cardinality=0.237 uncertainty=-2.999 (962s)
step 17300 loss -0.3283 active=0.007 d=0.000 p_box=0.000 p_ground=0.038 normal=0.000 cardinality=0.137 uncertainty=-2.999 (967s)
step 17400 loss -0.3377 active=0.007 d=0.000 p_box=0.000 p_ground=0.034 normal=0.000 cardinality=0.159 uncertainty=-2.999 (972s)
step 17500 loss -0.3900 active=0.006 d=0.000 p_box=0.000 p_ground=0.027 normal=0.000 cardinality=0.127 uncertainty=-2.999 (978s)
step 17600 loss -0.3815 active=0.005 d=0.000 p_box=0.000 p_ground=0.030 normal=0.000 cardinality=0.110 uncertainty=-2.999 (983s)
step 17700 loss -0.3723 active=0.006 d=0.000 p_box=0.000 p_ground=0.030 normal=0.000 cardinality=0.128 uncertainty=-2.999 (988s)
step 17800 loss -0.3934 active=0.007 d=0.000 p_box=0.000 p_ground=0.022 normal=0.000 cardinality=0.164 uncertainty=-2.999 (993s)
step 17900 loss -0.3366 active=0.008 d=0.000 p_box=0.000 p_ground=0.034 normal=0.000 cardinality=0.156 uncertainty=-2.999 (999s)
step 18000 loss -0.3919 active=0.007 d=0.000 p_box=0.000 p_ground=0.027 normal=0.000 cardinality=0.117 uncertainty=-2.994 (1004s)
step 18100 loss -0.3530 active=0.007 d=0.000 p_box=0.000 p_ground=0.031 normal=0.000 cardinality=0.157 uncertainty=-2.999 (1009s)
step 18200 loss -0.3587 active=0.006 d=0.000 p_box=0.000 p_ground=0.034 normal=0.000 cardinality=0.114 uncertainty=-2.999 (1015s)
step 18300 loss -0.3538 active=0.007 d=0.001 p_box=0.000 p_ground=0.031 normal=0.000 cardinality=0.140 uncertainty=-2.999 (1020s)
step 18400 loss -0.3673 active=0.009 d=0.000 p_box=0.000 p_ground=0.026 normal=0.000 cardinality=0.170 uncertainty=-2.999 (1025s)
step 18500 loss -0.3515 active=0.008 d=0.000 p_box=0.000 p_ground=0.031 normal=0.000 cardinality=0.155 uncertainty=-2.999 (1031s)
step 18600 loss -0.3255 active=0.009 d=0.001 p_box=0.000 p_ground=0.034 normal=0.000 cardinality=0.166 uncertainty=-2.999 (1037s)
step 18700 loss -0.3890 active=0.007 d=0.000 p_box=0.000 p_ground=0.027 normal=0.000 cardinality=0.121 uncertainty=-2.999 (1042s)
step 18800 loss -0.4092 active=0.005 d=0.000 p_box=0.000 p_ground=0.023 normal=0.000 cardinality=0.124 uncertainty=-2.999 (1048s)
step 18900 loss -0.3794 active=0.006 d=0.000 p_box=0.000 p_ground=0.030 normal=0.000 cardinality=0.120 uncertainty=-2.999 (1053s)
step 19000 loss -0.3846 active=0.007 d=0.000 p_box=0.000 p_ground=0.025 normal=0.000 cardinality=0.148 uncertainty=-2.999 (1058s)
step 19100 loss -0.3857 active=0.006 d=0.000 p_box=0.000 p_ground=0.029 normal=0.000 cardinality=0.109 uncertainty=-2.992 (1064s)
step 19200 loss -0.4231 active=0.005 d=0.000 p_box=0.000 p_ground=0.023 normal=0.000 cardinality=0.104 uncertainty=-3.000 (1069s)
step 19300 loss -0.3727 active=0.008 d=0.001 p_box=0.000 p_ground=0.027 normal=0.000 cardinality=0.147 uncertainty=-3.000 (1074s)
step 19400 loss -0.3357 active=0.008 d=0.000 p_box=0.000 p_ground=0.033 normal=0.000 cardinality=0.165 uncertainty=-3.000 (1079s)
step 19500 loss -0.4234 active=0.006 d=0.000 p_box=0.000 p_ground=0.023 normal=0.000 cardinality=0.099 uncertainty=-3.000 (1084s)
step 19600 loss -0.3729 active=0.007 d=0.000 p_box=0.000 p_ground=0.028 normal=0.000 cardinality=0.149 uncertainty=-3.000 (1090s)
step 19700 loss -0.4023 active=0.006 d=0.000 p_box=0.000 p_ground=0.025 normal=0.000 cardinality=0.120 uncertainty=-3.000 (1095s)
step 19800 loss -0.3862 active=0.007 d=0.000 p_box=0.000 p_ground=0.023 normal=0.000 cardinality=0.160 uncertainty=-3.000 (1100s)
step 19900 loss -0.4180 active=0.007 d=0.000 p_box=0.000 p_ground=0.019 normal=0.000 cardinality=0.144 uncertainty=-3.000 (1105s)
step 20000 loss -0.4039 active=0.006 d=0.000 p_box=0.000 p_ground=0.025 normal=0.000 cardinality=0.110 uncertainty=-3.000 (1111s)
  [val] slot_precision=0.9789778590202332 slot_recall=0.9915168881416321 frame_precision=0.9931733012199402 frame_recall=0.9887653589248657 d_mae=0.00038009564741514623 d_p95=0.0008945524459704757 point_err_median_pct_min_dim=0.00016888126265257597 point_err_p95_pct_min_dim=0.0077602374367415905 ground_point_err_median_pct_min_dim=0.9499540328979492 normal_deg_median=0.0 normal_deg_p95=0.02797645516693592 cardinality_acc=0.9769311547279358 count_acc=0.9666469097137451 ece=0.0561865005743984 n_frames=148382 uncertainty_error_corr=0.02059215748807444
step 20100 loss -0.4020 active=0.007 d=0.000 p_box=0.000 p_ground=0.021 normal=0.000 cardinality=0.150 uncertainty=-3.000 (1132s)
step 20200 loss -0.4315 active=0.005 d=0.000 p_box=0.000 p_ground=0.023 normal=0.000 cardinality=0.085 uncertainty=-3.000 (1138s)
step 20300 loss -0.4244 active=0.006 d=0.000 p_box=0.000 p_ground=0.021 normal=0.000 cardinality=0.117 uncertainty=-3.000 (1143s)
step 20400 loss -0.4506 active=0.006 d=0.000 p_box=0.000 p_ground=0.019 normal=0.000 cardinality=0.085 uncertainty=-3.000 (1148s)
step 20500 loss -0.4326 active=0.008 d=0.000 p_box=0.000 p_ground=0.019 normal=0.000 cardinality=0.107 uncertainty=-2.998 (1153s)
step 20600 loss -0.3680 active=0.007 d=0.000 p_box=0.000 p_ground=0.030 normal=0.000 cardinality=0.136 uncertainty=-3.000 (1159s)
step 20700 loss -0.4228 active=0.006 d=0.000 p_box=0.001 p_ground=0.021 normal=0.000 cardinality=0.097 uncertainty=-2.965 (1164s)
step 20800 loss -0.4193 active=0.005 d=0.000 p_box=0.000 p_ground=0.024 normal=0.000 cardinality=0.101 uncertainty=-3.000 (1169s)
step 20900 loss -0.4449 active=0.006 d=0.000 p_box=0.000 p_ground=0.016 normal=0.000 cardinality=0.120 uncertainty=-3.000 (1174s)
step 21000 loss -0.4272 active=0.007 d=0.000 p_box=0.000 p_ground=0.019 normal=0.000 cardinality=0.125 uncertainty=-2.999 (1180s)
step 21100 loss -0.4360 active=0.005 d=0.000 p_box=0.000 p_ground=0.021 normal=0.000 cardinality=0.100 uncertainty=-3.000 (1185s)
step 21200 loss -0.3966 active=0.006 d=0.000 p_box=0.000 p_ground=0.023 normal=0.000 cardinality=0.152 uncertainty=-3.000 (1190s)
step 21300 loss -0.4340 active=0.006 d=0.000 p_box=0.000 p_ground=0.019 normal=0.000 cardinality=0.120 uncertainty=-3.000 (1196s)
step 21400 loss -0.4420 active=0.005 d=0.000 p_box=0.000 p_ground=0.019 normal=0.000 cardinality=0.106 uncertainty=-3.000 (1201s)
step 21500 loss -0.3980 active=0.004 d=0.000 p_box=0.000 p_ground=0.030 normal=0.000 cardinality=0.081 uncertainty=-3.000 (1206s)
step 21600 loss -0.4415 active=0.005 d=0.000 p_box=0.000 p_ground=0.019 normal=0.000 cardinality=0.103 uncertainty=-3.000 (1211s)
step 21700 loss -0.4556 active=0.005 d=0.000 p_box=0.000 p_ground=0.019 normal=0.000 cardinality=0.081 uncertainty=-3.000 (1217s)
step 21800 loss -0.4566 active=0.005 d=0.000 p_box=0.000 p_ground=0.018 normal=0.000 cardinality=0.080 uncertainty=-2.999 (1222s)
step 21900 loss -0.4073 active=0.006 d=0.000 p_box=0.000 p_ground=0.023 normal=0.000 cardinality=0.133 uncertainty=-3.000 (1227s)
step 22000 loss -0.4461 active=0.006 d=0.000 p_box=0.000 p_ground=0.019 normal=0.000 cardinality=0.091 uncertainty=-3.000 (1232s)
step 22100 loss -0.4492 active=0.004 d=0.000 p_box=0.000 p_ground=0.019 normal=0.000 cardinality=0.089 uncertainty=-3.000 (1238s)
step 22200 loss -0.4485 active=0.005 d=0.000 p_box=0.000 p_ground=0.018 normal=0.000 cardinality=0.100 uncertainty=-3.000 (1243s)
step 22300 loss -0.4357 active=0.005 d=0.000 p_box=0.000 p_ground=0.022 normal=0.000 cardinality=0.090 uncertainty=-3.000 (1248s)
step 22400 loss -0.3738 active=0.005 d=0.001 p_box=0.000 p_ground=0.033 normal=0.000 cardinality=0.090 uncertainty=-3.000 (1253s)
step 22500 loss -0.4381 active=0.005 d=0.000 p_box=0.000 p_ground=0.020 normal=0.000 cardinality=0.104 uncertainty=-3.000 (1259s)
step 22600 loss -0.4021 active=0.007 d=0.000 p_box=0.001 p_ground=0.021 normal=0.000 cardinality=0.138 uncertainty=-2.969 (1264s)
step 22700 loss -0.4571 active=0.005 d=0.000 p_box=0.000 p_ground=0.015 normal=0.000 cardinality=0.114 uncertainty=-3.000 (1270s)
step 22800 loss -0.4158 active=0.006 d=0.001 p_box=0.000 p_ground=0.023 normal=0.000 cardinality=0.103 uncertainty=-3.000 (1275s)
step 22900 loss -0.4498 active=0.004 d=0.000 p_box=0.000 p_ground=0.017 normal=0.000 cardinality=0.107 uncertainty=-3.000 (1280s)
step 23000 loss -0.4598 active=0.005 d=0.000 p_box=0.000 p_ground=0.017 normal=0.000 cardinality=0.088 uncertainty=-3.000 (1285s)
step 23100 loss -0.4479 active=0.004 d=0.000 p_box=0.000 p_ground=0.023 normal=0.000 cardinality=0.063 uncertainty=-3.000 (1291s)
step 23200 loss -0.4494 active=0.005 d=0.000 p_box=0.000 p_ground=0.019 normal=0.000 cardinality=0.086 uncertainty=-3.000 (1296s)
step 23300 loss -0.4547 active=0.006 d=0.000 p_box=0.000 p_ground=0.015 normal=0.000 cardinality=0.115 uncertainty=-3.000 (1301s)
step 23400 loss -0.4753 active=0.003 d=0.000 p_box=0.000 p_ground=0.017 normal=0.000 cardinality=0.061 uncertainty=-3.000 (1306s)
step 23500 loss -0.4565 active=0.006 d=0.000 p_box=0.000 p_ground=0.015 normal=0.000 cardinality=0.117 uncertainty=-3.000 (1312s)
step 23600 loss -0.4623 active=0.004 d=0.000 p_box=0.000 p_ground=0.019 normal=0.000 cardinality=0.063 uncertainty=-2.999 (1317s)
step 23700 loss -0.4597 active=0.004 d=0.000 p_box=0.000 p_ground=0.019 normal=0.000 cardinality=0.076 uncertainty=-3.000 (1322s)
step 23800 loss -0.4864 active=0.004 d=0.000 p_box=0.000 p_ground=0.013 normal=0.000 cardinality=0.080 uncertainty=-3.000 (1327s)
step 23900 loss -0.4711 active=0.005 d=0.000 p_box=0.000 p_ground=0.014 normal=0.000 cardinality=0.103 uncertainty=-3.000 (1333s)
step 24000 loss -0.4736 active=0.005 d=0.000 p_box=0.000 p_ground=0.016 normal=0.000 cardinality=0.073 uncertainty=-3.000 (1338s)
step 24100 loss -0.4755 active=0.004 d=0.000 p_box=0.000 p_ground=0.013 normal=0.000 cardinality=0.096 uncertainty=-3.000 (1343s)
step 24200 loss -0.4773 active=0.004 d=0.000 p_box=0.000 p_ground=0.013 normal=0.000 cardinality=0.102 uncertainty=-3.000 (1348s)
step 24300 loss -0.4850 active=0.004 d=0.000 p_box=0.000 p_ground=0.013 normal=0.000 cardinality=0.077 uncertainty=-3.000 (1354s)
step 24400 loss -0.4874 active=0.004 d=0.000 p_box=0.000 p_ground=0.013 normal=0.000 cardinality=0.076 uncertainty=-3.000 (1359s)
step 24500 loss -0.4678 active=0.004 d=0.000 p_box=0.000 p_ground=0.015 normal=0.000 cardinality=0.094 uncertainty=-3.000 (1364s)
step 24600 loss -0.4895 active=0.004 d=0.000 p_box=0.000 p_ground=0.013 normal=0.000 cardinality=0.071 uncertainty=-3.000 (1370s)
step 24700 loss -0.4879 active=0.004 d=0.000 p_box=0.000 p_ground=0.012 normal=0.000 cardinality=0.084 uncertainty=-3.000 (1375s)
step 24800 loss -0.4501 active=0.006 d=0.000 p_box=0.000 p_ground=0.016 normal=0.000 cardinality=0.113 uncertainty=-3.000 (1380s)
step 24900 loss -0.4815 active=0.005 d=0.000 p_box=0.000 p_ground=0.014 normal=0.000 cardinality=0.076 uncertainty=-3.000 (1385s)
step 25000 loss -0.4744 active=0.004 d=0.000 p_box=0.000 p_ground=0.014 normal=0.000 cardinality=0.097 uncertainty=-3.000 (1390s)
  [val] slot_precision=0.9815295934677124 slot_recall=0.9935781955718994 frame_precision=0.992944598197937 frame_recall=0.9937865138053894 d_mae=0.00038642596337012947 d_p95=0.0008888771408237517 point_err_median_pct_min_dim=0.00010902415669988841 point_err_p95_pct_min_dim=0.005740290507674217 ground_point_err_median_pct_min_dim=0.7846990823745728 normal_deg_median=0.0 normal_deg_p95=0.01398822758346796 cardinality_acc=0.9795325398445129 count_acc=0.9709331393241882 ece=0.045951220231474785 n_frames=148382 uncertainty_error_corr=-0.048538895926978236
step 25100 loss -0.4926 active=0.004 d=0.000 p_box=0.000 p_ground=0.012 normal=0.000 cardinality=0.081 uncertainty=-3.000 (1412s)
step 25200 loss -0.4890 active=0.005 d=0.000 p_box=0.000 p_ground=0.013 normal=0.000 cardinality=0.077 uncertainty=-3.000 (1417s)
step 25300 loss -0.4856 active=0.005 d=0.000 p_box=0.000 p_ground=0.013 normal=0.000 cardinality=0.073 uncertainty=-2.999 (1423s)
step 25400 loss -0.4791 active=0.005 d=0.000 p_box=0.000 p_ground=0.013 normal=0.000 cardinality=0.091 uncertainty=-3.000 (1428s)
step 25500 loss -0.4027 active=0.007 d=0.000 p_box=0.000 p_ground=0.015 normal=0.000 cardinality=0.217 uncertainty=-3.000 (1433s)
step 25600 loss -0.4838 active=0.004 d=0.000 p_box=0.000 p_ground=0.015 normal=0.000 cardinality=0.069 uncertainty=-3.000 (1438s)
step 25700 loss -0.4709 active=0.004 d=0.000 p_box=0.000 p_ground=0.015 normal=0.000 cardinality=0.093 uncertainty=-3.000 (1444s)
step 25800 loss -0.4953 active=0.005 d=0.000 p_box=0.000 p_ground=0.013 normal=0.000 cardinality=0.065 uncertainty=-3.000 (1449s)
step 25900 loss -0.4714 active=0.005 d=0.000 p_box=0.000 p_ground=0.013 normal=0.000 cardinality=0.109 uncertainty=-3.000 (1454s)
step 26000 loss -0.4884 active=0.005 d=0.000 p_box=0.000 p_ground=0.011 normal=0.000 cardinality=0.089 uncertainty=-3.000 (1460s)
step 26100 loss -0.4935 active=0.004 d=0.000 p_box=0.000 p_ground=0.013 normal=0.000 cardinality=0.070 uncertainty=-3.000 (1465s)
step 26200 loss -0.4786 active=0.005 d=0.000 p_box=0.000 p_ground=0.014 normal=0.000 cardinality=0.082 uncertainty=-3.000 (1470s)
step 26300 loss -0.4813 active=0.006 d=0.000 p_box=0.000 p_ground=0.011 normal=0.000 cardinality=0.100 uncertainty=-3.000 (1476s)
step 26400 loss -0.4983 active=0.004 d=0.000 p_box=0.000 p_ground=0.011 normal=0.000 cardinality=0.072 uncertainty=-3.000 (1481s)
step 26500 loss -0.4718 active=0.004 d=0.000 p_box=0.000 p_ground=0.015 normal=0.000 cardinality=0.085 uncertainty=-3.000 (1486s)
step 26600 loss -0.4647 active=0.005 d=0.000 p_box=0.000 p_ground=0.015 normal=0.000 cardinality=0.099 uncertainty=-3.000 (1492s)
step 26700 loss -0.4837 active=0.005 d=0.000 p_box=0.000 p_ground=0.012 normal=0.000 cardinality=0.088 uncertainty=-3.000 (1497s)
step 26800 loss -0.4838 active=0.004 d=0.000 p_box=0.000 p_ground=0.014 normal=0.000 cardinality=0.075 uncertainty=-3.000 (1502s)
step 26900 loss -0.4797 active=0.005 d=0.000 p_box=0.000 p_ground=0.013 normal=0.000 cardinality=0.092 uncertainty=-3.000 (1507s)
step 27000 loss -0.4976 active=0.004 d=0.000 p_box=0.000 p_ground=0.011 normal=0.000 cardinality=0.072 uncertainty=-3.000 (1513s)
step 27100 loss -0.4944 active=0.003 d=0.000 p_box=0.000 p_ground=0.012 normal=0.000 cardinality=0.081 uncertainty=-3.000 (1518s)
step 27200 loss -0.4668 active=0.006 d=0.000 p_box=0.000 p_ground=0.012 normal=0.000 cardinality=0.117 uncertainty=-3.000 (1523s)
step 27300 loss -0.5052 active=0.004 d=0.000 p_box=0.000 p_ground=0.010 normal=0.000 cardinality=0.075 uncertainty=-3.000 (1528s)
step 27400 loss -0.4946 active=0.004 d=0.000 p_box=0.000 p_ground=0.011 normal=0.000 cardinality=0.085 uncertainty=-3.000 (1534s)
step 27500 loss -0.5030 active=0.005 d=0.000 p_box=0.000 p_ground=0.011 normal=0.000 cardinality=0.061 uncertainty=-3.000 (1539s)
step 27600 loss -0.4836 active=0.005 d=0.000 p_box=0.000 p_ground=0.013 normal=0.000 cardinality=0.081 uncertainty=-3.000 (1544s)
step 27700 loss -0.4810 active=0.005 d=0.000 p_box=0.000 p_ground=0.011 normal=0.000 cardinality=0.105 uncertainty=-3.000 (1549s)
step 27800 loss -0.4884 active=0.004 d=0.001 p_box=0.000 p_ground=0.013 normal=0.000 cardinality=0.074 uncertainty=-3.000 (1555s)
step 27900 loss -0.4976 active=0.006 d=0.000 p_box=0.000 p_ground=0.011 normal=0.000 cardinality=0.072 uncertainty=-3.000 (1560s)
step 28000 loss -0.5081 active=0.004 d=0.000 p_box=0.000 p_ground=0.010 normal=0.000 cardinality=0.063 uncertainty=-3.000 (1565s)
step 28100 loss -0.4955 active=0.004 d=0.000 p_box=0.000 p_ground=0.010 normal=0.000 cardinality=0.089 uncertainty=-3.000 (1570s)
step 28200 loss -0.5082 active=0.003 d=0.000 p_box=0.000 p_ground=0.009 normal=0.000 cardinality=0.077 uncertainty=-3.000 (1575s)
step 28300 loss -0.5143 active=0.004 d=0.000 p_box=0.000 p_ground=0.010 normal=0.000 cardinality=0.053 uncertainty=-3.000 (1581s)
step 28400 loss -0.5040 active=0.005 d=0.000 p_box=0.000 p_ground=0.010 normal=0.000 cardinality=0.072 uncertainty=-3.000 (1586s)
step 28500 loss -0.5078 active=0.004 d=0.000 p_box=0.000 p_ground=0.011 normal=0.000 cardinality=0.056 uncertainty=-2.999 (1591s)
step 28600 loss -0.5174 active=0.003 d=0.000 p_box=0.000 p_ground=0.011 normal=0.000 cardinality=0.046 uncertainty=-3.000 (1597s)
step 28700 loss -0.5028 active=0.004 d=0.000 p_box=0.000 p_ground=0.011 normal=0.000 cardinality=0.073 uncertainty=-3.000 (1602s)
step 28800 loss -0.4975 active=0.004 d=0.000 p_box=0.000 p_ground=0.010 normal=0.000 cardinality=0.089 uncertainty=-3.000 (1607s)
step 28900 loss -0.4997 active=0.004 d=0.000 p_box=0.000 p_ground=0.012 normal=0.000 cardinality=0.066 uncertainty=-3.000 (1612s)
step 29000 loss -0.5024 active=0.004 d=0.000 p_box=0.000 p_ground=0.010 normal=0.000 cardinality=0.079 uncertainty=-3.000 (1618s)
step 29100 loss -0.5162 active=0.004 d=0.000 p_box=0.000 p_ground=0.010 normal=0.000 cardinality=0.050 uncertainty=-2.999 (1623s)
step 29200 loss -0.5054 active=0.004 d=0.000 p_box=0.000 p_ground=0.010 normal=0.000 cardinality=0.074 uncertainty=-3.000 (1628s)
step 29300 loss -0.4667 active=0.005 d=0.000 p_box=0.001 p_ground=0.013 normal=0.000 cardinality=0.067 uncertainty=-2.910 (1633s)
step 29400 loss -0.5038 active=0.005 d=0.001 p_box=0.000 p_ground=0.010 normal=0.000 cardinality=0.069 uncertainty=-3.000 (1639s)
step 29500 loss -0.4984 active=0.006 d=0.000 p_box=0.000 p_ground=0.010 normal=0.000 cardinality=0.080 uncertainty=-3.000 (1644s)
step 29600 loss -0.4928 active=0.006 d=0.000 p_box=0.000 p_ground=0.011 normal=0.000 cardinality=0.080 uncertainty=-3.000 (1649s)
step 29700 loss -0.5053 active=0.003 d=0.000 p_box=0.000 p_ground=0.011 normal=0.000 cardinality=0.068 uncertainty=-3.000 (1655s)
step 29800 loss -0.5083 active=0.003 d=0.000 p_box=0.000 p_ground=0.010 normal=0.000 cardinality=0.074 uncertainty=-3.000 (1660s)
step 29900 loss -0.4963 active=0.004 d=0.000 p_box=0.000 p_ground=0.011 normal=0.000 cardinality=0.081 uncertainty=-3.000 (1665s)
step 30000 loss -0.4967 active=0.005 d=0.000 p_box=0.000 p_ground=0.010 normal=0.000 cardinality=0.090 uncertainty=-3.000 (1671s)
  [val] slot_precision=0.9874070286750793 slot_recall=0.9915125370025635 frame_precision=0.9953599572181702 frame_recall=0.9918522834777832 d_mae=0.00037316270754672587 d_p95=0.000878688064403832 point_err_median_pct_min_dim=0.00010263831791235134 point_err_p95_pct_min_dim=0.004198654554784298 ground_point_err_median_pct_min_dim=0.716149091720581 normal_deg_median=0.0 normal_deg_p95=0.0 cardinality_acc=0.9815880656242371 count_acc=0.9744510650634766 ece=0.046615157356687496 n_frames=148382 uncertainty_error_corr=-0.06172248530044813
[val] slot_precision=0.9874070286750793 slot_recall=0.9915125370025635 frame_precision=0.9953599572181702 frame_recall=0.9918522834777832 d_mae=0.00037316270754672587 d_p95=0.000878688064403832 point_err_median_pct_min_dim=0.00010263831791235134 point_err_p95_pct_min_dim=0.004198654554784298 ground_point_err_median_pct_min_dim=0.716149091720581 normal_deg_median=0.0 normal_deg_p95=0.0 cardinality_acc=0.9815880656242371 count_acc=0.9744510650634766 ece=0.046615157356687496 n_frames=148382 uncertainty_error_corr=-0.06172248530044813 first_impact_err_steps_median=0.0 first_impact_err_steps_p99=1.0 first_impact_missed=0
[test] slot_precision=0.9847776889801025 slot_recall=0.9898797869682312 frame_precision=0.9959155321121216 frame_recall=0.9916990399360657 d_mae=0.0004786720091942698 d_p95=0.0010324829490855336 point_err_median_pct_min_dim=8.027856529224664e-05 point_err_p95_pct_min_dim=0.0032884010579437017 ground_point_err_median_pct_min_dim=0.6776245832443237 normal_deg_median=0.0 normal_deg_p95=0.0 cardinality_acc=0.9775612354278564 count_acc=0.9718893766403198 ece=0.04539665820873704 n_frames=140694 uncertainty_error_corr=-0.11721881448596617 first_impact_err_steps_median=0.0 first_impact_err_steps_p99=1.0 first_impact_missed=0
[test_geometry] slot_precision=0.9901847839355469 slot_recall=0.988150954246521 frame_precision=0.9947652816772461 frame_recall=0.989624559879303 d_mae=0.0003987920645158738 d_p95=0.0009891318622976542 point_err_median_pct_min_dim=4.819014429813251e-05 point_err_p95_pct_min_dim=0.0026830011047422886 ground_point_err_median_pct_min_dim=1.1215951442718506 normal_deg_median=0.0 normal_deg_p95=0.0 cardinality_acc=0.9787070155143738 count_acc=0.972451388835907 ece=0.046502410160037665 n_frames=142911 uncertainty_error_corr=-0.1575508505790224 first_impact_err_steps_median=0.0 first_impact_err_steps_p99=1.0 first_impact_missed=0
TRAIN_DONE
