NVIDIA RTX 4000 Ada Generation, 580.159.04, 20475 MiB
torch 2.13.0+cu130 cuda True
CMD: python scripts/train_transition.py --data data/pilot1b --contact-mode explicit --out runs/expD_r2_learned_frozen --steps 30000 --eval-every 10000 --workers 2 --encoder-ckpt runs/expC_patch_30k/final.pt --eval-contact-sources gt,analytic,learned
loaded split train: 1189 episodes in 97.6s
loaded split val: 255 episodes in 19.7s
loaded split test: 255 episodes in 22.0s
loaded split test_geometry: 301 episodes in 24.3s
transition model contact_mode=explicit params=640582
step 100 loss 2.11609 (1-step 2.11609 rollout 0.00000 contact 0.0000) 4s
step 200 loss 2.07832 (1-step 2.07832 rollout 0.00000 contact 0.0000) 6s
step 300 loss 2.09495 (1-step 2.09495 rollout 0.00000 contact 0.0000) 7s
step 400 loss 2.19942 (1-step 2.19942 rollout 0.00000 contact 0.0000) 8s
step 500 loss 2.97154 (1-step 2.97154 rollout 0.00000 contact 0.0000) 9s
step 600 loss 2.57847 (1-step 2.57847 rollout 0.00000 contact 0.0000) 10s
step 700 loss 2.86305 (1-step 2.86305 rollout 0.00000 contact 0.0000) 11s
step 800 loss 2.10823 (1-step 2.10823 rollout 0.00000 contact 0.0000) 12s
step 900 loss 1.50180 (1-step 1.50180 rollout 0.00000 contact 0.0000) 13s
step 1000 loss 2.07168 (1-step 2.07168 rollout 0.00000 contact 0.0000) 14s
step 1100 loss 2.09583 (1-step 2.09583 rollout 0.00000 contact 0.0000) 15s
step 1200 loss 1.45069 (1-step 1.45069 rollout 0.00000 contact 0.0000) 16s
step 1300 loss 1.32582 (1-step 1.32582 rollout 0.00000 contact 0.0000) 17s
step 1400 loss 1.14255 (1-step 1.14255 rollout 0.00000 contact 0.0000) 19s
step 1500 loss 1.28024 (1-step 1.28024 rollout 0.00000 contact 0.0000) 20s
step 1600 loss 2.08228 (1-step 2.08228 rollout 0.00000 contact 0.0000) 21s
step 1700 loss 2.10131 (1-step 2.10131 rollout 0.00000 contact 0.0000) 22s
step 1800 loss 1.63849 (1-step 1.63849 rollout 0.00000 contact 0.0000) 23s
step 1900 loss 1.46418 (1-step 1.46418 rollout 0.00000 contact 0.0000) 24s
step 2000 loss 1.33922 (1-step 1.33922 rollout 0.00000 contact 0.0000) 25s
step 2100 loss 1.14246 (1-step 1.14246 rollout 0.00000 contact 0.0000) 26s
step 2200 loss 1.14768 (1-step 1.14768 rollout 0.00000 contact 0.0000) 27s
step 2300 loss 1.35410 (1-step 1.35410 rollout 0.00000 contact 0.0000) 28s
step 2400 loss 0.95549 (1-step 0.95549 rollout 0.00000 contact 0.0000) 29s
step 2500 loss 1.04674 (1-step 1.04674 rollout 0.00000 contact 0.0000) 31s
step 2600 loss 0.52367 (1-step 0.52367 rollout 0.00000 contact 0.0000) 32s
step 2700 loss 0.43697 (1-step 0.43697 rollout 0.00000 contact 0.0000) 33s
step 2800 loss 0.82902 (1-step 0.82902 rollout 0.00000 contact 0.0000) 34s
step 2900 loss 0.57103 (1-step 0.57103 rollout 0.00000 contact 0.0000) 35s
step 3000 loss 0.85918 (1-step 0.85918 rollout 0.00000 contact 0.0000) 36s
step 3100 loss 0.85783 (1-step 0.85783 rollout 0.00000 contact 0.0000) 37s
step 3200 loss 0.53014 (1-step 0.53014 rollout 0.00000 contact 0.0000) 38s
step 3300 loss 0.64854 (1-step 0.64854 rollout 0.00000 contact 0.0000) 39s
step 3400 loss 0.60603 (1-step 0.60603 rollout 0.00000 contact 0.0000) 40s
step 3500 loss 0.44572 (1-step 0.44572 rollout 0.00000 contact 0.0000) 41s
step 3600 loss 0.57162 (1-step 0.57162 rollout 0.00000 contact 0.0000) 42s
step 3700 loss 0.61006 (1-step 0.61006 rollout 0.00000 contact 0.0000) 43s
step 3800 loss 0.66346 (1-step 0.66346 rollout 0.00000 contact 0.0000) 44s
step 3900 loss 0.43608 (1-step 0.43608 rollout 0.00000 contact 0.0000) 46s
step 4000 loss 0.52475 (1-step 0.52475 rollout 0.00000 contact 0.0000) 47s
step 4100 loss 0.65542 (1-step 0.65542 rollout 0.00000 contact 0.0000) 48s
step 4200 loss 0.39812 (1-step 0.39812 rollout 0.00000 contact 0.0000) 49s
step 4300 loss 0.35060 (1-step 0.35060 rollout 0.00000 contact 0.0000) 50s
step 4400 loss 0.42651 (1-step 0.42651 rollout 0.00000 contact 0.0000) 51s
step 4500 loss 0.47149 (1-step 0.47149 rollout 0.00000 contact 0.0000) 52s
step 4600 loss 0.41571 (1-step 0.41571 rollout 0.00000 contact 0.0000) 53s
step 4700 loss 0.30938 (1-step 0.30938 rollout 0.00000 contact 0.0000) 54s
step 4800 loss 0.30351 (1-step 0.30351 rollout 0.00000 contact 0.0000) 56s
step 4900 loss 0.53438 (1-step 0.53438 rollout 0.00000 contact 0.0000) 57s
step 5000 loss 0.28847 (1-step 0.28847 rollout 0.00000 contact 0.0000) 58s
step 5100 loss 0.39928 (1-step 0.39928 rollout 0.00000 contact 0.0000) 59s
step 5200 loss 0.69138 (1-step 0.69138 rollout 0.00000 contact 0.0000) 60s
step 5300 loss 0.35426 (1-step 0.35426 rollout 0.00000 contact 0.0000) 61s
step 5400 loss 0.33103 (1-step 0.33103 rollout 0.00000 contact 0.0000) 62s
step 5500 loss 0.23087 (1-step 0.23087 rollout 0.00000 contact 0.0000) 63s
step 5600 loss 0.42156 (1-step 0.42156 rollout 0.00000 contact 0.0000) 64s
step 5700 loss 0.25793 (1-step 0.25793 rollout 0.00000 contact 0.0000) 66s
step 5800 loss 0.32219 (1-step 0.32219 rollout 0.00000 contact 0.0000) 67s
step 5900 loss 0.46096 (1-step 0.46096 rollout 0.00000 contact 0.0000) 68s
step 6000 loss 0.24288 (1-step 0.24288 rollout 0.00000 contact 0.0000) 69s
step 6100 loss 0.29550 (1-step 0.29550 rollout 0.00000 contact 0.0000) 70s
step 6200 loss 0.22668 (1-step 0.22668 rollout 0.00000 contact 0.0000) 71s
step 6300 loss 0.27713 (1-step 0.27713 rollout 0.00000 contact 0.0000) 72s
step 6400 loss 0.18822 (1-step 0.18822 rollout 0.00000 contact 0.0000) 73s
step 6500 loss 0.43569 (1-step 0.43569 rollout 0.00000 contact 0.0000) 74s
step 6600 loss 0.31500 (1-step 0.31500 rollout 0.00000 contact 0.0000) 75s
step 6700 loss 0.23359 (1-step 0.23359 rollout 0.00000 contact 0.0000) 77s
step 6800 loss 0.29896 (1-step 0.29896 rollout 0.00000 contact 0.0000) 78s
step 6900 loss 0.25903 (1-step 0.25903 rollout 0.00000 contact 0.0000) 79s
step 7000 loss 0.21296 (1-step 0.21296 rollout 0.00000 contact 0.0000) 80s
step 7100 loss 0.16772 (1-step 0.16772 rollout 0.00000 contact 0.0000) 81s
step 7200 loss 0.17196 (1-step 0.17196 rollout 0.00000 contact 0.0000) 82s
step 7300 loss 0.16969 (1-step 0.16969 rollout 0.00000 contact 0.0000) 83s
step 7400 loss 0.20670 (1-step 0.20670 rollout 0.00000 contact 0.0000) 84s
step 7500 loss 0.30929 (1-step 0.30929 rollout 0.00000 contact 0.0000) 85s
step 7600 loss 0.27289 (1-step 0.27289 rollout 0.00000 contact 0.0000) 87s
step 7700 loss 0.11952 (1-step 0.11952 rollout 0.00000 contact 0.0000) 88s
step 7800 loss 0.17869 (1-step 0.17869 rollout 0.00000 contact 0.0000) 89s
step 7900 loss 0.17320 (1-step 0.17320 rollout 0.00000 contact 0.0000) 90s
step 8000 loss 0.18976 (1-step 0.18976 rollout 0.00000 contact 0.0000) 91s
step 8100 loss 0.20361 (1-step 0.20361 rollout 0.00000 contact 0.0000) 92s
step 8200 loss 0.12473 (1-step 0.12473 rollout 0.00000 contact 0.0000) 93s
step 8300 loss 0.14712 (1-step 0.14712 rollout 0.00000 contact 0.0000) 94s
step 8400 loss 0.24123 (1-step 0.24123 rollout 0.00000 contact 0.0000) 95s
step 8500 loss 0.13460 (1-step 0.13460 rollout 0.00000 contact 0.0000) 96s
step 8600 loss 0.19274 (1-step 0.19274 rollout 0.00000 contact 0.0000) 97s
step 8700 loss 0.15036 (1-step 0.15036 rollout 0.00000 contact 0.0000) 98s
step 8800 loss 0.13862 (1-step 0.13862 rollout 0.00000 contact 0.0000) 99s
step 8900 loss 0.15104 (1-step 0.15104 rollout 0.00000 contact 0.0000) 101s
step 9000 loss 0.20274 (1-step 0.20274 rollout 0.00000 contact 0.0000) 102s
step 9100 loss 0.10614 (1-step 0.10614 rollout 0.00000 contact 0.0000) 103s
step 9200 loss 0.13012 (1-step 0.13012 rollout 0.00000 contact 0.0000) 104s
step 9300 loss 0.12923 (1-step 0.12923 rollout 0.00000 contact 0.0000) 105s
step 9400 loss 0.27254 (1-step 0.27254 rollout 0.00000 contact 0.0000) 106s
step 9500 loss 0.11450 (1-step 0.11450 rollout 0.00000 contact 0.0000) 107s
step 9600 loss 0.14400 (1-step 0.14400 rollout 0.00000 contact 0.0000) 108s
step 9700 loss 0.14178 (1-step 0.14178 rollout 0.00000 contact 0.0000) 109s
step 9800 loss 0.26610 (1-step 0.26610 rollout 0.00000 contact 0.0000) 110s
step 9900 loss 0.09431 (1-step 0.09431 rollout 0.00000 contact 0.0000) 112s
step 10000 loss 0.11126 (1-step 0.11126 rollout 0.00000 contact 0.0000) 113s
  [val one-step] dv_err_mean=0.005346 dw_err_mean=0.1185 dv_err_far_free=3.737e-08 dw_err_far_free=0.00514 dv_err_near_contact=1.692e-08 dw_err_near_contact=0.02431 dv_err_first_impact=0.2943 dw_err_first_impact=4.229 dv_err_contact=0.007201 dw_err_contact=0.157 dv_err_rebound_repeat=0.04658 dw_err_rebound_repeat=1.038 dv_err_resting=0.003093 dw_err_resting=0.1099
step 10100 loss 0.16005 (1-step 0.16005 rollout 0.00000 contact 0.0000) 114s
step 10200 loss 0.12055 (1-step 0.12055 rollout 0.00000 contact 0.0000) 115s
step 10300 loss 0.14205 (1-step 0.14205 rollout 0.00000 contact 0.0000) 116s
step 10400 loss 0.08031 (1-step 0.08031 rollout 0.00000 contact 0.0000) 117s
step 10500 loss 0.09874 (1-step 0.09874 rollout 0.00000 contact 0.0000) 118s
step 10600 loss 0.17520 (1-step 0.17520 rollout 0.00000 contact 0.0000) 119s
step 10700 loss 0.10109 (1-step 0.10109 rollout 0.00000 contact 0.0000) 120s
step 10800 loss 0.07518 (1-step 0.07518 rollout 0.00000 contact 0.0000) 121s
step 10900 loss 0.13625 (1-step 0.13625 rollout 0.00000 contact 0.0000) 123s
step 11000 loss 0.19608 (1-step 0.19608 rollout 0.00000 contact 0.0000) 124s
step 11100 loss 0.09498 (1-step 0.09498 rollout 0.00000 contact 0.0000) 125s
step 11200 loss 0.21808 (1-step 0.21808 rollout 0.00000 contact 0.0000) 126s
step 11300 loss 0.09819 (1-step 0.09819 rollout 0.00000 contact 0.0000) 127s
step 11400 loss 0.08258 (1-step 0.08258 rollout 0.00000 contact 0.0000) 128s
step 11500 loss 0.08899 (1-step 0.08899 rollout 0.00000 contact 0.0000) 129s
step 11600 loss 0.08583 (1-step 0.08583 rollout 0.00000 contact 0.0000) 130s
step 11700 loss 0.09391 (1-step 0.09391 rollout 0.00000 contact 0.0000) 131s
step 11800 loss 0.10221 (1-step 0.10221 rollout 0.00000 contact 0.0000) 132s
step 11900 loss 0.06145 (1-step 0.06145 rollout 0.00000 contact 0.0000) 133s
step 12000 loss 0.06200 (1-step 0.06200 rollout 0.00000 contact 0.0000) 135s
step 12100 loss 0.11309 (1-step 0.11309 rollout 0.00000 contact 0.0000) 136s
step 12200 loss 0.07362 (1-step 0.07362 rollout 0.00000 contact 0.0000) 137s
step 12300 loss 0.10109 (1-step 0.10109 rollout 0.00000 contact 0.0000) 138s
step 12400 loss 0.10581 (1-step 0.10581 rollout 0.00000 contact 0.0000) 139s
step 12500 loss 0.12382 (1-step 0.12382 rollout 0.00000 contact 0.0000) 140s
step 12600 loss 0.08327 (1-step 0.08327 rollout 0.00000 contact 0.0000) 141s
step 12700 loss 0.06947 (1-step 0.06947 rollout 0.00000 contact 0.0000) 142s
step 12800 loss 0.06808 (1-step 0.06808 rollout 0.00000 contact 0.0000) 143s
step 12900 loss 0.08374 (1-step 0.08374 rollout 0.00000 contact 0.0000) 145s
step 13000 loss 0.07489 (1-step 0.07489 rollout 0.00000 contact 0.0000) 146s
step 13100 loss 0.10587 (1-step 0.10587 rollout 0.00000 contact 0.0000) 147s
step 13200 loss 0.16080 (1-step 0.16080 rollout 0.00000 contact 0.0000) 148s
step 13300 loss 0.09176 (1-step 0.09176 rollout 0.00000 contact 0.0000) 149s
step 13400 loss 0.11611 (1-step 0.11611 rollout 0.00000 contact 0.0000) 150s
step 13500 loss 0.07125 (1-step 0.07125 rollout 0.00000 contact 0.0000) 151s
step 13600 loss 0.06609 (1-step 0.06609 rollout 0.00000 contact 0.0000) 153s
step 13700 loss 0.13776 (1-step 0.13776 rollout 0.00000 contact 0.0000) 154s
step 13800 loss 0.06421 (1-step 0.06421 rollout 0.00000 contact 0.0000) 155s
step 13900 loss 0.07803 (1-step 0.07803 rollout 0.00000 contact 0.0000) 156s
step 14000 loss 0.09889 (1-step 0.09889 rollout 0.00000 contact 0.0000) 157s
step 14100 loss 0.07513 (1-step 0.07513 rollout 0.00000 contact 0.0000) 159s
step 14200 loss 0.04681 (1-step 0.04681 rollout 0.00000 contact 0.0000) 160s
step 14300 loss 0.04752 (1-step 0.04752 rollout 0.00000 contact 0.0000) 161s
step 14400 loss 0.05273 (1-step 0.05273 rollout 0.00000 contact 0.0000) 162s
step 14500 loss 0.04633 (1-step 0.04633 rollout 0.00000 contact 0.0000) 163s
step 14600 loss 0.07757 (1-step 0.07757 rollout 0.00000 contact 0.0000) 165s
step 14700 loss 0.05868 (1-step 0.05868 rollout 0.00000 contact 0.0000) 166s
step 14800 loss 0.05399 (1-step 0.05399 rollout 0.00000 contact 0.0000) 167s
step 14900 loss 0.10233 (1-step 0.10233 rollout 0.00000 contact 0.0000) 168s
step 15000 loss 0.04628 (1-step 0.04628 rollout 0.00000 contact 0.0000) 169s
step 15100 loss 0.05906 (1-step 0.05906 rollout 0.00000 contact 0.0000) 171s
step 15200 loss 0.08445 (1-step 0.08445 rollout 0.00000 contact 0.0000) 172s
step 15300 loss 0.04568 (1-step 0.04568 rollout 0.00000 contact 0.0000) 173s
step 15400 loss 0.06231 (1-step 0.06231 rollout 0.00000 contact 0.0000) 174s
step 15500 loss 0.06493 (1-step 0.06493 rollout 0.00000 contact 0.0000) 175s
step 15600 loss 0.11639 (1-step 0.11639 rollout 0.00000 contact 0.0000) 176s
step 15700 loss 0.04755 (1-step 0.04755 rollout 0.00000 contact 0.0000) 178s
step 15800 loss 0.06619 (1-step 0.06619 rollout 0.00000 contact 0.0000) 179s
step 15900 loss 0.05759 (1-step 0.05759 rollout 0.00000 contact 0.0000) 180s
step 16000 loss 0.06830 (1-step 0.06830 rollout 0.00000 contact 0.0000) 181s
step 16100 loss 0.03928 (1-step 0.03928 rollout 0.00000 contact 0.0000) 182s
step 16200 loss 0.04623 (1-step 0.04623 rollout 0.00000 contact 0.0000) 184s
step 16300 loss 0.06179 (1-step 0.06179 rollout 0.00000 contact 0.0000) 185s
step 16400 loss 0.04118 (1-step 0.04118 rollout 0.00000 contact 0.0000) 186s
step 16500 loss 0.04212 (1-step 0.04212 rollout 0.00000 contact 0.0000) 187s
step 16600 loss 0.03865 (1-step 0.03865 rollout 0.00000 contact 0.0000) 189s
step 16700 loss 0.10517 (1-step 0.10517 rollout 0.00000 contact 0.0000) 190s
step 16800 loss 0.05645 (1-step 0.05645 rollout 0.00000 contact 0.0000) 191s
step 16900 loss 0.08174 (1-step 0.08174 rollout 0.00000 contact 0.0000) 192s
step 17000 loss 0.07399 (1-step 0.07399 rollout 0.00000 contact 0.0000) 193s
step 17100 loss 0.04604 (1-step 0.04604 rollout 0.00000 contact 0.0000) 194s
step 17200 loss 0.05003 (1-step 0.05003 rollout 0.00000 contact 0.0000) 196s
step 17300 loss 0.04470 (1-step 0.04470 rollout 0.00000 contact 0.0000) 197s
step 17400 loss 0.05568 (1-step 0.05568 rollout 0.00000 contact 0.0000) 198s
step 17500 loss 0.05524 (1-step 0.05524 rollout 0.00000 contact 0.0000) 199s
step 17600 loss 0.04885 (1-step 0.04885 rollout 0.00000 contact 0.0000) 200s
step 17700 loss 0.05625 (1-step 0.05625 rollout 0.00000 contact 0.0000) 202s
step 17800 loss 0.07091 (1-step 0.07091 rollout 0.00000 contact 0.0000) 203s
step 17900 loss 0.05225 (1-step 0.05225 rollout 0.00000 contact 0.0000) 204s
step 18000 loss 0.03589 (1-step 0.03589 rollout 0.00000 contact 0.0000) 205s
step 18100 loss 0.06437 (1-step 0.06437 rollout 0.00000 contact 0.0000) 206s
step 18200 loss 0.04328 (1-step 0.04328 rollout 0.00000 contact 0.0000) 208s
step 18300 loss 0.04799 (1-step 0.04799 rollout 0.00000 contact 0.0000) 209s
step 18400 loss 0.04389 (1-step 0.04389 rollout 0.00000 contact 0.0000) 210s
step 18500 loss 0.03853 (1-step 0.03853 rollout 0.00000 contact 0.0000) 211s
step 18600 loss 0.04014 (1-step 0.04014 rollout 0.00000 contact 0.0000) 212s
step 18700 loss 0.05388 (1-step 0.05388 rollout 0.00000 contact 0.0000) 214s
step 18800 loss 0.02879 (1-step 0.02879 rollout 0.00000 contact 0.0000) 215s
step 18900 loss 0.03091 (1-step 0.03091 rollout 0.00000 contact 0.0000) 216s
step 19000 loss 0.04508 (1-step 0.04508 rollout 0.00000 contact 0.0000) 217s
step 19100 loss 0.03677 (1-step 0.03677 rollout 0.00000 contact 0.0000) 218s
step 19200 loss 0.03736 (1-step 0.03736 rollout 0.00000 contact 0.0000) 219s
step 19300 loss 0.04006 (1-step 0.04006 rollout 0.00000 contact 0.0000) 221s
step 19400 loss 0.04122 (1-step 0.04122 rollout 0.00000 contact 0.0000) 222s
step 19500 loss 0.05180 (1-step 0.05180 rollout 0.00000 contact 0.0000) 223s
step 19600 loss 0.09998 (1-step 0.09998 rollout 0.00000 contact 0.0000) 224s
step 19700 loss 0.03439 (1-step 0.03439 rollout 0.00000 contact 0.0000) 226s
step 19800 loss 0.03118 (1-step 0.03118 rollout 0.00000 contact 0.0000) 227s
step 19900 loss 0.03778 (1-step 0.03778 rollout 0.00000 contact 0.0000) 228s
step 20000 loss 0.04705 (1-step 0.04705 rollout 0.00000 contact 0.0000) 229s
  [val one-step] dv_err_mean=0.005135 dw_err_mean=0.1133 dv_err_far_free=3.737e-08 dw_err_far_free=0.00514 dv_err_near_contact=1.692e-08 dw_err_near_contact=0.02431 dv_err_first_impact=0.3009 dw_err_first_impact=4.231 dv_err_contact=0.00673 dw_err_contact=0.1466 dv_err_rebound_repeat=0.04374 dw_err_rebound_repeat=1.016 dv_err_resting=0.003114 dw_err_resting=0.1029
step 20100 loss 0.03371 (1-step 0.03371 rollout 0.00000 contact 0.0000) 230s
step 20200 loss 0.04334 (1-step 0.04334 rollout 0.00000 contact 0.0000) 231s
step 20300 loss 0.05395 (1-step 0.05395 rollout 0.00000 contact 0.0000) 232s
step 20400 loss 0.04193 (1-step 0.04193 rollout 0.00000 contact 0.0000) 234s
step 20500 loss 0.03920 (1-step 0.03920 rollout 0.00000 contact 0.0000) 235s
step 20600 loss 0.04102 (1-step 0.04102 rollout 0.00000 contact 0.0000) 236s
step 20700 loss 0.03793 (1-step 0.03793 rollout 0.00000 contact 0.0000) 238s
step 20800 loss 0.05017 (1-step 0.05017 rollout 0.00000 contact 0.0000) 239s
step 20900 loss 0.04994 (1-step 0.04994 rollout 0.00000 contact 0.0000) 240s
step 21000 loss 0.03131 (1-step 0.03131 rollout 0.00000 contact 0.0000) 241s
step 21100 loss 0.03685 (1-step 0.03685 rollout 0.00000 contact 0.0000) 242s
step 21200 loss 0.03559 (1-step 0.03559 rollout 0.00000 contact 0.0000) 244s
step 21300 loss 0.03545 (1-step 0.03545 rollout 0.00000 contact 0.0000) 245s
step 21400 loss 0.14813 (1-step 0.14813 rollout 0.00000 contact 0.0000) 246s
step 21500 loss 0.04961 (1-step 0.04961 rollout 0.00000 contact 0.0000) 247s
step 21600 loss 0.02209 (1-step 0.02209 rollout 0.00000 contact 0.0000) 248s
step 21700 loss 0.04571 (1-step 0.04571 rollout 0.00000 contact 0.0000) 250s
step 21800 loss 0.03269 (1-step 0.03269 rollout 0.00000 contact 0.0000) 251s
step 21900 loss 0.04557 (1-step 0.04557 rollout 0.00000 contact 0.0000) 252s
step 22000 loss 0.03610 (1-step 0.03610 rollout 0.00000 contact 0.0000) 253s
step 22100 loss 0.03771 (1-step 0.03771 rollout 0.00000 contact 0.0000) 255s
step 22200 loss 0.02905 (1-step 0.02905 rollout 0.00000 contact 0.0000) 256s
step 22300 loss 0.05016 (1-step 0.05016 rollout 0.00000 contact 0.0000) 257s
step 22400 loss 0.04478 (1-step 0.04478 rollout 0.00000 contact 0.0000) 258s
step 22500 loss 0.05691 (1-step 0.05691 rollout 0.00000 contact 0.0000) 260s
step 22600 loss 0.02220 (1-step 0.02220 rollout 0.00000 contact 0.0000) 261s
step 22700 loss 0.02535 (1-step 0.02535 rollout 0.00000 contact 0.0000) 262s
step 22800 loss 0.04881 (1-step 0.04881 rollout 0.00000 contact 0.0000) 263s
step 22900 loss 0.02763 (1-step 0.02763 rollout 0.00000 contact 0.0000) 264s
step 23000 loss 0.02400 (1-step 0.02400 rollout 0.00000 contact 0.0000) 266s
step 23100 loss 0.05419 (1-step 0.05419 rollout 0.00000 contact 0.0000) 267s
step 23200 loss 0.03580 (1-step 0.03580 rollout 0.00000 contact 0.0000) 268s
step 23300 loss 0.03259 (1-step 0.03259 rollout 0.00000 contact 0.0000) 269s
step 23400 loss 0.02999 (1-step 0.02999 rollout 0.00000 contact 0.0000) 270s
step 23500 loss 0.03520 (1-step 0.03520 rollout 0.00000 contact 0.0000) 271s
step 23600 loss 0.02701 (1-step 0.02701 rollout 0.00000 contact 0.0000) 273s
step 23700 loss 0.04371 (1-step 0.04371 rollout 0.00000 contact 0.0000) 274s
step 23800 loss 0.02954 (1-step 0.02954 rollout 0.00000 contact 0.0000) 275s
step 23900 loss 0.02469 (1-step 0.02469 rollout 0.00000 contact 0.0000) 276s
step 24000 loss 0.03117 (1-step 0.03117 rollout 0.00000 contact 0.0000) 278s
step 24100 loss 0.02135 (1-step 0.02135 rollout 0.00000 contact 0.0000) 279s
step 24200 loss 0.02873 (1-step 0.02873 rollout 0.00000 contact 0.0000) 280s
step 24300 loss 0.02848 (1-step 0.02848 rollout 0.00000 contact 0.0000) 281s
step 24400 loss 0.01960 (1-step 0.01960 rollout 0.00000 contact 0.0000) 282s
step 24500 loss 0.01741 (1-step 0.01741 rollout 0.00000 contact 0.0000) 283s
step 24600 loss 0.03391 (1-step 0.03391 rollout 0.00000 contact 0.0000) 285s
step 24700 loss 0.03245 (1-step 0.03245 rollout 0.00000 contact 0.0000) 286s
step 24800 loss 0.03006 (1-step 0.03006 rollout 0.00000 contact 0.0000) 287s
step 24900 loss 0.02337 (1-step 0.02337 rollout 0.00000 contact 0.0000) 288s
step 25000 loss 0.02800 (1-step 0.02800 rollout 0.00000 contact 0.0000) 290s
step 25100 loss 0.01862 (1-step 0.01862 rollout 0.00000 contact 0.0000) 291s
step 25200 loss 0.04113 (1-step 0.04113 rollout 0.00000 contact 0.0000) 292s
step 25300 loss 0.02235 (1-step 0.02235 rollout 0.00000 contact 0.0000) 293s
step 25400 loss 0.03245 (1-step 0.03245 rollout 0.00000 contact 0.0000) 295s
step 25500 loss 0.02146 (1-step 0.02146 rollout 0.00000 contact 0.0000) 296s
step 25600 loss 0.02164 (1-step 0.02164 rollout 0.00000 contact 0.0000) 297s
step 25700 loss 0.02563 (1-step 0.02563 rollout 0.00000 contact 0.0000) 298s
step 25800 loss 0.02627 (1-step 0.02627 rollout 0.00000 contact 0.0000) 299s
step 25900 loss 0.03604 (1-step 0.03604 rollout 0.00000 contact 0.0000) 301s
step 26000 loss 0.03722 (1-step 0.03722 rollout 0.00000 contact 0.0000) 302s
step 26100 loss 0.02575 (1-step 0.02575 rollout 0.00000 contact 0.0000) 303s
step 26200 loss 0.02295 (1-step 0.02295 rollout 0.00000 contact 0.0000) 304s
step 26300 loss 0.03236 (1-step 0.03236 rollout 0.00000 contact 0.0000) 305s
step 26400 loss 0.02932 (1-step 0.02932 rollout 0.00000 contact 0.0000) 307s
step 26500 loss 0.02752 (1-step 0.02752 rollout 0.00000 contact 0.0000) 308s
step 26600 loss 0.01988 (1-step 0.01988 rollout 0.00000 contact 0.0000) 309s
step 26700 loss 0.04563 (1-step 0.04563 rollout 0.00000 contact 0.0000) 310s
step 26800 loss 0.04177 (1-step 0.04177 rollout 0.00000 contact 0.0000) 311s
step 26900 loss 0.02573 (1-step 0.02573 rollout 0.00000 contact 0.0000) 313s
step 27000 loss 0.02311 (1-step 0.02311 rollout 0.00000 contact 0.0000) 314s
step 27100 loss 0.02380 (1-step 0.02380 rollout 0.00000 contact 0.0000) 315s
step 27200 loss 0.02992 (1-step 0.02992 rollout 0.00000 contact 0.0000) 316s
step 27300 loss 0.03245 (1-step 0.03245 rollout 0.00000 contact 0.0000) 317s
step 27400 loss 0.03736 (1-step 0.03736 rollout 0.00000 contact 0.0000) 318s
step 27500 loss 0.01808 (1-step 0.01808 rollout 0.00000 contact 0.0000) 320s
step 27600 loss 0.02661 (1-step 0.02661 rollout 0.00000 contact 0.0000) 321s
step 27700 loss 0.03537 (1-step 0.03537 rollout 0.00000 contact 0.0000) 322s
step 27800 loss 0.02742 (1-step 0.02742 rollout 0.00000 contact 0.0000) 323s
step 27900 loss 0.02445 (1-step 0.02445 rollout 0.00000 contact 0.0000) 324s
step 28000 loss 0.02481 (1-step 0.02481 rollout 0.00000 contact 0.0000) 326s
step 28100 loss 0.02633 (1-step 0.02633 rollout 0.00000 contact 0.0000) 327s
step 28200 loss 0.02429 (1-step 0.02429 rollout 0.00000 contact 0.0000) 328s
step 28300 loss 0.02069 (1-step 0.02069 rollout 0.00000 contact 0.0000) 329s
step 28400 loss 0.02123 (1-step 0.02123 rollout 0.00000 contact 0.0000) 331s
step 28500 loss 0.05476 (1-step 0.05476 rollout 0.00000 contact 0.0000) 332s
step 28600 loss 0.02686 (1-step 0.02686 rollout 0.00000 contact 0.0000) 333s
step 28700 loss 0.01494 (1-step 0.01494 rollout 0.00000 contact 0.0000) 335s
step 28800 loss 0.02423 (1-step 0.02423 rollout 0.00000 contact 0.0000) 336s
step 28900 loss 0.02056 (1-step 0.02056 rollout 0.00000 contact 0.0000) 337s
step 29000 loss 0.03366 (1-step 0.03366 rollout 0.00000 contact 0.0000) 338s
step 29100 loss 0.01706 (1-step 0.01706 rollout 0.00000 contact 0.0000) 340s
step 29200 loss 0.02842 (1-step 0.02842 rollout 0.00000 contact 0.0000) 341s
step 29300 loss 0.03456 (1-step 0.03456 rollout 0.00000 contact 0.0000) 342s
step 29400 loss 0.04593 (1-step 0.04593 rollout 0.00000 contact 0.0000) 343s
step 29500 loss 0.03175 (1-step 0.03175 rollout 0.00000 contact 0.0000) 344s
step 29600 loss 0.01513 (1-step 0.01513 rollout 0.00000 contact 0.0000) 346s
step 29700 loss 0.02862 (1-step 0.02862 rollout 0.00000 contact 0.0000) 347s
step 29800 loss 0.04098 (1-step 0.04098 rollout 0.00000 contact 0.0000) 348s
step 29900 loss 0.03631 (1-step 0.03631 rollout 0.00000 contact 0.0000) 349s
step 30000 loss 0.01574 (1-step 0.01574 rollout 0.00000 contact 0.0000) 350s
  [val one-step] dv_err_mean=0.004986 dw_err_mean=0.1074 dv_err_far_free=3.737e-08 dw_err_far_free=0.00514 dv_err_near_contact=1.692e-08 dw_err_near_contact=0.02431 dv_err_first_impact=0.294 dw_err_first_impact=4.176 dv_err_contact=0.006477 dw_err_contact=0.1359 dv_err_rebound_repeat=0.04302 dw_err_rebound_repeat=1.013 dv_err_resting=0.003021 dw_err_resting=0.0884
[rollout val/gt] pos_err@100=9.686e-08 pos_err@500=0.06271 pos_err_final=0.3351 rot_err_deg_final=163.3 v_err_mean=0.3873 w_err_mean=4.676 impact_dv_err=0.4281 impact_dw_err=6.189 apex_err=0.01089 max_penetration_pred=0.2953 artificial_energy_max=0
[rollout val/analytic] pos_err@100=9.686e-08 pos_err@500=0.04132 pos_err_final=0.1434 rot_err_deg_final=93.53 v_err_mean=0.2403 w_err_mean=2.983 impact_dv_err=0.4442 impact_dw_err=6.143 apex_err=0.01081 max_penetration_pred=0.01207 artificial_energy_max=0
[rollout val/learned] pos_err@100=1.192e-07 pos_err@500=0.04978 pos_err_final=0.1791 rot_err_deg_final=95.56 v_err_mean=0.2708 w_err_mean=2.811 impact_dv_err=0.5924 impact_dw_err=7.132 apex_err=0.0102 max_penetration_pred=0.02142 artificial_energy_max=0
[rollout test/gt] pos_err@100=1.192e-07 pos_err@500=0.05943 pos_err_final=0.2997 rot_err_deg_final=160.3 v_err_mean=0.3769 w_err_mean=4.566 impact_dv_err=0.6024 impact_dw_err=5.473 apex_err=0.01162 max_penetration_pred=0.2745 artificial_energy_max=0
[rollout test/analytic] pos_err@100=1.192e-07 pos_err@500=0.04213 pos_err_final=0.1344 rot_err_deg_final=88.28 v_err_mean=0.2607 w_err_mean=2.576 impact_dv_err=0.5436 impact_dw_err=6.036 apex_err=0.01017 max_penetration_pred=0.01133 artificial_energy_max=0
[rollout test/learned] pos_err@100=1.192e-07 pos_err@500=0.05026 pos_err_final=0.176 rot_err_deg_final=78.17 v_err_mean=0.2739 w_err_mean=2.722 impact_dv_err=0.6919 impact_dw_err=6.016 apex_err=0.01097 max_penetration_pred=0.02185 artificial_energy_max=0
[rollout test_geometry/gt] pos_err@100=1.192e-07 pos_err@500=0.06454 pos_err_final=0.3078 rot_err_deg_final=156 v_err_mean=0.3481 w_err_mean=4.324 impact_dv_err=0.498 impact_dw_err=9.122 apex_err=0.009244 max_penetration_pred=0.2449 artificial_energy_max=0
[rollout test_geometry/analytic] pos_err@100=1.192e-07 pos_err@500=0.04857 pos_err_final=0.09991 rot_err_deg_final=82.03 v_err_mean=0.2319 w_err_mean=2.79 impact_dv_err=0.5122 impact_dw_err=9.352 apex_err=0.01169 max_penetration_pred=0.01049 artificial_energy_max=0
[rollout test_geometry/learned] pos_err@100=1.192e-07 pos_err@500=0.04736 pos_err_final=0.09478 rot_err_deg_final=74.02 v_err_mean=0.2118 w_err_mean=2.606 impact_dv_err=0.5766 impact_dw_err=7.828 apex_err=0.01019 max_penetration_pred=0.02016 artificial_energy_max=0
TRAIN_DONE
