NVIDIA A100-SXM4-40GB, 580.159.04, 40960 MiB
torch 2.13.0+cu130 cuda True
CMD: python scripts/train_transition.py --data data/pilot1b --contact-mode explicit --out runs/expD_r2_learned_frozen_point --steps 30000 --eval-every 10000 --workers 2 --encoder-ckpt runs/expC_point_30k/final.pt --eval-contact-sources gt,analytic,learned
loaded split train: 1189 episodes in 99.4s
loaded split val: 255 episodes in 22.8s
loaded split test: 255 episodes in 23.2s
loaded split test_geometry: 301 episodes in 26.4s
transition model contact_mode=explicit params=640582
step 100 loss 2.12495 (1-step 2.12495 rollout 0.00000 contact 0.0000) 5s
step 200 loss 2.07993 (1-step 2.07993 rollout 0.00000 contact 0.0000) 7s
step 300 loss 2.08415 (1-step 2.08415 rollout 0.00000 contact 0.0000) 9s
step 400 loss 2.19037 (1-step 2.19037 rollout 0.00000 contact 0.0000) 11s
step 500 loss 2.93992 (1-step 2.93992 rollout 0.00000 contact 0.0000) 13s
step 600 loss 2.55051 (1-step 2.55051 rollout 0.00000 contact 0.0000) 16s
step 700 loss 2.88002 (1-step 2.88002 rollout 0.00000 contact 0.0000) 18s
step 800 loss 2.07347 (1-step 2.07347 rollout 0.00000 contact 0.0000) 20s
step 900 loss 1.51059 (1-step 1.51059 rollout 0.00000 contact 0.0000) 22s
step 1000 loss 2.00045 (1-step 2.00045 rollout 0.00000 contact 0.0000) 24s
step 1100 loss 2.02016 (1-step 2.02016 rollout 0.00000 contact 0.0000) 26s
step 1200 loss 1.23003 (1-step 1.23003 rollout 0.00000 contact 0.0000) 28s
step 1300 loss 1.39454 (1-step 1.39454 rollout 0.00000 contact 0.0000) 30s
step 1400 loss 0.82708 (1-step 0.82708 rollout 0.00000 contact 0.0000) 32s
step 1500 loss 1.17765 (1-step 1.17765 rollout 0.00000 contact 0.0000) 35s
step 1600 loss 1.66791 (1-step 1.66791 rollout 0.00000 contact 0.0000) 37s
step 1700 loss 1.69709 (1-step 1.69709 rollout 0.00000 contact 0.0000) 39s
step 1800 loss 1.21016 (1-step 1.21016 rollout 0.00000 contact 0.0000) 41s
step 1900 loss 1.13337 (1-step 1.13337 rollout 0.00000 contact 0.0000) 43s
step 2000 loss 1.17723 (1-step 1.17723 rollout 0.00000 contact 0.0000) 45s
step 2100 loss 0.87941 (1-step 0.87941 rollout 0.00000 contact 0.0000) 47s
step 2200 loss 1.05243 (1-step 1.05243 rollout 0.00000 contact 0.0000) 49s
step 2300 loss 1.22894 (1-step 1.22894 rollout 0.00000 contact 0.0000) 51s
step 2400 loss 0.94744 (1-step 0.94744 rollout 0.00000 contact 0.0000) 53s
step 2500 loss 0.81328 (1-step 0.81328 rollout 0.00000 contact 0.0000) 55s
step 2600 loss 0.45646 (1-step 0.45646 rollout 0.00000 contact 0.0000) 57s
step 2700 loss 0.44733 (1-step 0.44733 rollout 0.00000 contact 0.0000) 60s
step 2800 loss 0.76855 (1-step 0.76855 rollout 0.00000 contact 0.0000) 62s
step 2900 loss 0.49829 (1-step 0.49829 rollout 0.00000 contact 0.0000) 64s
step 3000 loss 0.87257 (1-step 0.87257 rollout 0.00000 contact 0.0000) 65s
step 3100 loss 0.91273 (1-step 0.91273 rollout 0.00000 contact 0.0000) 67s
step 3200 loss 0.52440 (1-step 0.52440 rollout 0.00000 contact 0.0000) 70s
step 3300 loss 0.65532 (1-step 0.65532 rollout 0.00000 contact 0.0000) 72s
step 3400 loss 0.53494 (1-step 0.53494 rollout 0.00000 contact 0.0000) 74s
step 3500 loss 0.46179 (1-step 0.46179 rollout 0.00000 contact 0.0000) 76s
step 3600 loss 0.60911 (1-step 0.60911 rollout 0.00000 contact 0.0000) 78s
step 3700 loss 0.66167 (1-step 0.66167 rollout 0.00000 contact 0.0000) 80s
step 3800 loss 0.64162 (1-step 0.64162 rollout 0.00000 contact 0.0000) 82s
step 3900 loss 0.42349 (1-step 0.42349 rollout 0.00000 contact 0.0000) 85s
step 4000 loss 0.57718 (1-step 0.57718 rollout 0.00000 contact 0.0000) 86s
step 4100 loss 0.77493 (1-step 0.77493 rollout 0.00000 contact 0.0000) 89s
step 4200 loss 0.43434 (1-step 0.43434 rollout 0.00000 contact 0.0000) 91s
step 4300 loss 0.35519 (1-step 0.35519 rollout 0.00000 contact 0.0000) 93s
step 4400 loss 0.42976 (1-step 0.42976 rollout 0.00000 contact 0.0000) 95s
step 4500 loss 0.43020 (1-step 0.43020 rollout 0.00000 contact 0.0000) 97s
step 4600 loss 0.60349 (1-step 0.60349 rollout 0.00000 contact 0.0000) 99s
step 4700 loss 0.32919 (1-step 0.32919 rollout 0.00000 contact 0.0000) 101s
step 4800 loss 0.31059 (1-step 0.31059 rollout 0.00000 contact 0.0000) 103s
step 4900 loss 0.52739 (1-step 0.52739 rollout 0.00000 contact 0.0000) 105s
step 5000 loss 0.30800 (1-step 0.30800 rollout 0.00000 contact 0.0000) 107s
step 5100 loss 0.38456 (1-step 0.38456 rollout 0.00000 contact 0.0000) 109s
step 5200 loss 0.60603 (1-step 0.60603 rollout 0.00000 contact 0.0000) 110s
step 5300 loss 0.36550 (1-step 0.36550 rollout 0.00000 contact 0.0000) 113s
step 5400 loss 0.38541 (1-step 0.38541 rollout 0.00000 contact 0.0000) 114s
step 5500 loss 0.26653 (1-step 0.26653 rollout 0.00000 contact 0.0000) 116s
step 5600 loss 0.50785 (1-step 0.50785 rollout 0.00000 contact 0.0000) 118s
step 5700 loss 0.25131 (1-step 0.25131 rollout 0.00000 contact 0.0000) 120s
step 5800 loss 0.28991 (1-step 0.28991 rollout 0.00000 contact 0.0000) 122s
step 5900 loss 0.35963 (1-step 0.35963 rollout 0.00000 contact 0.0000) 124s
step 6000 loss 0.26312 (1-step 0.26312 rollout 0.00000 contact 0.0000) 126s
step 6100 loss 0.26847 (1-step 0.26847 rollout 0.00000 contact 0.0000) 127s
step 6200 loss 0.24607 (1-step 0.24607 rollout 0.00000 contact 0.0000) 129s
step 6300 loss 0.28326 (1-step 0.28326 rollout 0.00000 contact 0.0000) 131s
step 6400 loss 0.15535 (1-step 0.15535 rollout 0.00000 contact 0.0000) 133s
step 6500 loss 0.28670 (1-step 0.28670 rollout 0.00000 contact 0.0000) 135s
step 6600 loss 0.31298 (1-step 0.31298 rollout 0.00000 contact 0.0000) 137s
step 6700 loss 0.24157 (1-step 0.24157 rollout 0.00000 contact 0.0000) 139s
step 6800 loss 0.32574 (1-step 0.32574 rollout 0.00000 contact 0.0000) 141s
step 6900 loss 0.26787 (1-step 0.26787 rollout 0.00000 contact 0.0000) 143s
step 7000 loss 0.23132 (1-step 0.23132 rollout 0.00000 contact 0.0000) 145s
step 7100 loss 0.16930 (1-step 0.16930 rollout 0.00000 contact 0.0000) 147s
step 7200 loss 0.17080 (1-step 0.17080 rollout 0.00000 contact 0.0000) 149s
step 7300 loss 0.20027 (1-step 0.20027 rollout 0.00000 contact 0.0000) 151s
step 7400 loss 0.24250 (1-step 0.24250 rollout 0.00000 contact 0.0000) 152s
step 7500 loss 0.44264 (1-step 0.44264 rollout 0.00000 contact 0.0000) 154s
step 7600 loss 0.23857 (1-step 0.23857 rollout 0.00000 contact 0.0000) 156s
step 7700 loss 0.17843 (1-step 0.17843 rollout 0.00000 contact 0.0000) 158s
step 7800 loss 0.19209 (1-step 0.19209 rollout 0.00000 contact 0.0000) 160s
step 7900 loss 0.19910 (1-step 0.19910 rollout 0.00000 contact 0.0000) 162s
step 8000 loss 0.18800 (1-step 0.18800 rollout 0.00000 contact 0.0000) 164s
step 8100 loss 0.17445 (1-step 0.17445 rollout 0.00000 contact 0.0000) 166s
step 8200 loss 0.13934 (1-step 0.13934 rollout 0.00000 contact 0.0000) 168s
step 8300 loss 0.17117 (1-step 0.17117 rollout 0.00000 contact 0.0000) 169s
step 8400 loss 0.31605 (1-step 0.31605 rollout 0.00000 contact 0.0000) 171s
step 8500 loss 0.15197 (1-step 0.15197 rollout 0.00000 contact 0.0000) 173s
step 8600 loss 0.21853 (1-step 0.21853 rollout 0.00000 contact 0.0000) 175s
step 8700 loss 0.14457 (1-step 0.14457 rollout 0.00000 contact 0.0000) 177s
step 8800 loss 0.15346 (1-step 0.15346 rollout 0.00000 contact 0.0000) 179s
step 8900 loss 0.13760 (1-step 0.13760 rollout 0.00000 contact 0.0000) 181s
step 9000 loss 0.20437 (1-step 0.20437 rollout 0.00000 contact 0.0000) 183s
step 9100 loss 0.12418 (1-step 0.12418 rollout 0.00000 contact 0.0000) 185s
step 9200 loss 0.13585 (1-step 0.13585 rollout 0.00000 contact 0.0000) 187s
step 9300 loss 0.11994 (1-step 0.11994 rollout 0.00000 contact 0.0000) 188s
step 9400 loss 0.23154 (1-step 0.23154 rollout 0.00000 contact 0.0000) 190s
step 9500 loss 0.12168 (1-step 0.12168 rollout 0.00000 contact 0.0000) 192s
step 9600 loss 0.13319 (1-step 0.13319 rollout 0.00000 contact 0.0000) 194s
step 9700 loss 0.12975 (1-step 0.12975 rollout 0.00000 contact 0.0000) 196s
step 9800 loss 0.28515 (1-step 0.28515 rollout 0.00000 contact 0.0000) 198s
step 9900 loss 0.10303 (1-step 0.10303 rollout 0.00000 contact 0.0000) 200s
step 10000 loss 0.12352 (1-step 0.12352 rollout 0.00000 contact 0.0000) 202s
  [val one-step] dv_err_mean=0.005515 dw_err_mean=0.1162 dv_err_far_free=3.737e-08 dw_err_far_free=0.00514 dv_err_near_contact=1.692e-08 dw_err_near_contact=0.02431 dv_err_first_impact=0.3019 dw_err_first_impact=4.248 dv_err_contact=0.007472 dw_err_contact=0.1541 dv_err_rebound_repeat=0.04563 dw_err_rebound_repeat=1.006 dv_err_resting=0.003614 dw_err_resting=0.106
step 10100 loss 0.15382 (1-step 0.15382 rollout 0.00000 contact 0.0000) 204s
step 10200 loss 0.09833 (1-step 0.09833 rollout 0.00000 contact 0.0000) 206s
step 10300 loss 0.14799 (1-step 0.14799 rollout 0.00000 contact 0.0000) 208s
step 10400 loss 0.08678 (1-step 0.08678 rollout 0.00000 contact 0.0000) 210s
step 10500 loss 0.10027 (1-step 0.10027 rollout 0.00000 contact 0.0000) 211s
step 10600 loss 0.16921 (1-step 0.16921 rollout 0.00000 contact 0.0000) 213s
step 10700 loss 0.10864 (1-step 0.10864 rollout 0.00000 contact 0.0000) 215s
step 10800 loss 0.08518 (1-step 0.08518 rollout 0.00000 contact 0.0000) 217s
step 10900 loss 0.19541 (1-step 0.19541 rollout 0.00000 contact 0.0000) 219s
step 11000 loss 0.16748 (1-step 0.16748 rollout 0.00000 contact 0.0000) 221s
step 11100 loss 0.10260 (1-step 0.10260 rollout 0.00000 contact 0.0000) 223s
step 11200 loss 0.29666 (1-step 0.29666 rollout 0.00000 contact 0.0000) 225s
step 11300 loss 0.08217 (1-step 0.08217 rollout 0.00000 contact 0.0000) 227s
step 11400 loss 0.08173 (1-step 0.08173 rollout 0.00000 contact 0.0000) 229s
step 11500 loss 0.10202 (1-step 0.10202 rollout 0.00000 contact 0.0000) 231s
step 11600 loss 0.08413 (1-step 0.08413 rollout 0.00000 contact 0.0000) 233s
step 11700 loss 0.08372 (1-step 0.08372 rollout 0.00000 contact 0.0000) 235s
step 11800 loss 0.08607 (1-step 0.08607 rollout 0.00000 contact 0.0000) 237s
step 11900 loss 0.06689 (1-step 0.06689 rollout 0.00000 contact 0.0000) 239s
step 12000 loss 0.07152 (1-step 0.07152 rollout 0.00000 contact 0.0000) 241s
step 12100 loss 0.10141 (1-step 0.10141 rollout 0.00000 contact 0.0000) 243s
step 12200 loss 0.08232 (1-step 0.08232 rollout 0.00000 contact 0.0000) 245s
step 12300 loss 0.08533 (1-step 0.08533 rollout 0.00000 contact 0.0000) 247s
step 12400 loss 0.13679 (1-step 0.13679 rollout 0.00000 contact 0.0000) 249s
step 12500 loss 0.14225 (1-step 0.14225 rollout 0.00000 contact 0.0000) 251s
step 12600 loss 0.10267 (1-step 0.10267 rollout 0.00000 contact 0.0000) 252s
step 12700 loss 0.07101 (1-step 0.07101 rollout 0.00000 contact 0.0000) 254s
step 12800 loss 0.07174 (1-step 0.07174 rollout 0.00000 contact 0.0000) 256s
step 12900 loss 0.08636 (1-step 0.08636 rollout 0.00000 contact 0.0000) 258s
step 13000 loss 0.06907 (1-step 0.06907 rollout 0.00000 contact 0.0000) 260s
step 13100 loss 0.12107 (1-step 0.12107 rollout 0.00000 contact 0.0000) 262s
step 13200 loss 0.18543 (1-step 0.18543 rollout 0.00000 contact 0.0000) 264s
step 13300 loss 0.08809 (1-step 0.08809 rollout 0.00000 contact 0.0000) 266s
step 13400 loss 0.11690 (1-step 0.11690 rollout 0.00000 contact 0.0000) 267s
step 13500 loss 0.06125 (1-step 0.06125 rollout 0.00000 contact 0.0000) 269s
step 13600 loss 0.08597 (1-step 0.08597 rollout 0.00000 contact 0.0000) 271s
step 13700 loss 0.14380 (1-step 0.14380 rollout 0.00000 contact 0.0000) 273s
step 13800 loss 0.06923 (1-step 0.06923 rollout 0.00000 contact 0.0000) 275s
step 13900 loss 0.08192 (1-step 0.08192 rollout 0.00000 contact 0.0000) 277s
step 14000 loss 0.09187 (1-step 0.09187 rollout 0.00000 contact 0.0000) 278s
step 14100 loss 0.07819 (1-step 0.07819 rollout 0.00000 contact 0.0000) 280s
step 14200 loss 0.06771 (1-step 0.06771 rollout 0.00000 contact 0.0000) 282s
step 14300 loss 0.05143 (1-step 0.05143 rollout 0.00000 contact 0.0000) 284s
step 14400 loss 0.06401 (1-step 0.06401 rollout 0.00000 contact 0.0000) 286s
step 14500 loss 0.04369 (1-step 0.04369 rollout 0.00000 contact 0.0000) 288s
step 14600 loss 0.06836 (1-step 0.06836 rollout 0.00000 contact 0.0000) 289s
step 14700 loss 0.06372 (1-step 0.06372 rollout 0.00000 contact 0.0000) 291s
step 14800 loss 0.06649 (1-step 0.06649 rollout 0.00000 contact 0.0000) 293s
step 14900 loss 0.10408 (1-step 0.10408 rollout 0.00000 contact 0.0000) 295s
step 15000 loss 0.05052 (1-step 0.05052 rollout 0.00000 contact 0.0000) 296s
step 15100 loss 0.05499 (1-step 0.05499 rollout 0.00000 contact 0.0000) 298s
step 15200 loss 0.09063 (1-step 0.09063 rollout 0.00000 contact 0.0000) 300s
step 15300 loss 0.05119 (1-step 0.05119 rollout 0.00000 contact 0.0000) 302s
step 15400 loss 0.07973 (1-step 0.07973 rollout 0.00000 contact 0.0000) 304s
step 15500 loss 0.06786 (1-step 0.06786 rollout 0.00000 contact 0.0000) 306s
step 15600 loss 0.10623 (1-step 0.10623 rollout 0.00000 contact 0.0000) 307s
step 15700 loss 0.05129 (1-step 0.05129 rollout 0.00000 contact 0.0000) 309s
step 15800 loss 0.06678 (1-step 0.06678 rollout 0.00000 contact 0.0000) 311s
step 15900 loss 0.05281 (1-step 0.05281 rollout 0.00000 contact 0.0000) 313s
step 16000 loss 0.06862 (1-step 0.06862 rollout 0.00000 contact 0.0000) 315s
step 16100 loss 0.04037 (1-step 0.04037 rollout 0.00000 contact 0.0000) 317s
step 16200 loss 0.04705 (1-step 0.04705 rollout 0.00000 contact 0.0000) 318s
step 16300 loss 0.06776 (1-step 0.06776 rollout 0.00000 contact 0.0000) 320s
step 16400 loss 0.04102 (1-step 0.04102 rollout 0.00000 contact 0.0000) 322s
step 16500 loss 0.04588 (1-step 0.04588 rollout 0.00000 contact 0.0000) 324s
step 16600 loss 0.04238 (1-step 0.04238 rollout 0.00000 contact 0.0000) 326s
step 16700 loss 0.09926 (1-step 0.09926 rollout 0.00000 contact 0.0000) 328s
step 16800 loss 0.04961 (1-step 0.04961 rollout 0.00000 contact 0.0000) 329s
step 16900 loss 0.04594 (1-step 0.04594 rollout 0.00000 contact 0.0000) 331s
step 17000 loss 0.08559 (1-step 0.08559 rollout 0.00000 contact 0.0000) 333s
step 17100 loss 0.05375 (1-step 0.05375 rollout 0.00000 contact 0.0000) 335s
step 17200 loss 0.05236 (1-step 0.05236 rollout 0.00000 contact 0.0000) 337s
step 17300 loss 0.04751 (1-step 0.04751 rollout 0.00000 contact 0.0000) 338s
step 17400 loss 0.09870 (1-step 0.09870 rollout 0.00000 contact 0.0000) 340s
step 17500 loss 0.06069 (1-step 0.06069 rollout 0.00000 contact 0.0000) 342s
step 17600 loss 0.05240 (1-step 0.05240 rollout 0.00000 contact 0.0000) 344s
step 17700 loss 0.05067 (1-step 0.05067 rollout 0.00000 contact 0.0000) 346s
step 17800 loss 0.05331 (1-step 0.05331 rollout 0.00000 contact 0.0000) 348s
step 17900 loss 0.05678 (1-step 0.05678 rollout 0.00000 contact 0.0000) 350s
step 18000 loss 0.03506 (1-step 0.03506 rollout 0.00000 contact 0.0000) 351s
step 18100 loss 0.07235 (1-step 0.07235 rollout 0.00000 contact 0.0000) 353s
step 18200 loss 0.04936 (1-step 0.04936 rollout 0.00000 contact 0.0000) 355s
step 18300 loss 0.04432 (1-step 0.04432 rollout 0.00000 contact 0.0000) 357s
step 18400 loss 0.03649 (1-step 0.03649 rollout 0.00000 contact 0.0000) 359s
step 18500 loss 0.04495 (1-step 0.04495 rollout 0.00000 contact 0.0000) 360s
step 18600 loss 0.04345 (1-step 0.04345 rollout 0.00000 contact 0.0000) 362s
step 18700 loss 0.10131 (1-step 0.10131 rollout 0.00000 contact 0.0000) 364s
step 18800 loss 0.03059 (1-step 0.03059 rollout 0.00000 contact 0.0000) 366s
step 18900 loss 0.03331 (1-step 0.03331 rollout 0.00000 contact 0.0000) 368s
step 19000 loss 0.04461 (1-step 0.04461 rollout 0.00000 contact 0.0000) 370s
step 19100 loss 0.03399 (1-step 0.03399 rollout 0.00000 contact 0.0000) 372s
step 19200 loss 0.03778 (1-step 0.03778 rollout 0.00000 contact 0.0000) 373s
step 19300 loss 0.03753 (1-step 0.03753 rollout 0.00000 contact 0.0000) 375s
step 19400 loss 0.04764 (1-step 0.04764 rollout 0.00000 contact 0.0000) 377s
step 19500 loss 0.05474 (1-step 0.05474 rollout 0.00000 contact 0.0000) 379s
step 19600 loss 0.10485 (1-step 0.10485 rollout 0.00000 contact 0.0000) 381s
step 19700 loss 0.03641 (1-step 0.03641 rollout 0.00000 contact 0.0000) 382s
step 19800 loss 0.03163 (1-step 0.03163 rollout 0.00000 contact 0.0000) 384s
step 19900 loss 0.03544 (1-step 0.03544 rollout 0.00000 contact 0.0000) 386s
step 20000 loss 0.05748 (1-step 0.05748 rollout 0.00000 contact 0.0000) 388s
  [val one-step] dv_err_mean=0.005038 dw_err_mean=0.1094 dv_err_far_free=3.737e-08 dw_err_far_free=0.00514 dv_err_near_contact=1.692e-08 dw_err_near_contact=0.02431 dv_err_first_impact=0.2853 dw_err_first_impact=4.008 dv_err_contact=0.00656 dw_err_contact=0.1427 dv_err_rebound_repeat=0.04275 dw_err_rebound_repeat=0.9844 dv_err_resting=0.003525 dw_err_resting=0.09647
step 20100 loss 0.03538 (1-step 0.03538 rollout 0.00000 contact 0.0000) 390s
step 20200 loss 0.03736 (1-step 0.03736 rollout 0.00000 contact 0.0000) 392s
step 20300 loss 0.04970 (1-step 0.04970 rollout 0.00000 contact 0.0000) 394s
step 20400 loss 0.03922 (1-step 0.03922 rollout 0.00000 contact 0.0000) 395s
step 20500 loss 0.03794 (1-step 0.03794 rollout 0.00000 contact 0.0000) 397s
step 20600 loss 0.04456 (1-step 0.04456 rollout 0.00000 contact 0.0000) 399s
step 20700 loss 0.03854 (1-step 0.03854 rollout 0.00000 contact 0.0000) 401s
step 20800 loss 0.04926 (1-step 0.04926 rollout 0.00000 contact 0.0000) 403s
step 20900 loss 0.05090 (1-step 0.05090 rollout 0.00000 contact 0.0000) 405s
step 21000 loss 0.03761 (1-step 0.03761 rollout 0.00000 contact 0.0000) 407s
step 21100 loss 0.03926 (1-step 0.03926 rollout 0.00000 contact 0.0000) 408s
step 21200 loss 0.02822 (1-step 0.02822 rollout 0.00000 contact 0.0000) 410s
step 21300 loss 0.03531 (1-step 0.03531 rollout 0.00000 contact 0.0000) 412s
step 21400 loss 0.15998 (1-step 0.15998 rollout 0.00000 contact 0.0000) 414s
step 21500 loss 0.04767 (1-step 0.04767 rollout 0.00000 contact 0.0000) 416s
step 21600 loss 0.02475 (1-step 0.02475 rollout 0.00000 contact 0.0000) 418s
step 21700 loss 0.04464 (1-step 0.04464 rollout 0.00000 contact 0.0000) 419s
step 21800 loss 0.04312 (1-step 0.04312 rollout 0.00000 contact 0.0000) 421s
step 21900 loss 0.03900 (1-step 0.03900 rollout 0.00000 contact 0.0000) 423s
step 22000 loss 0.03485 (1-step 0.03485 rollout 0.00000 contact 0.0000) 425s
step 22100 loss 0.03695 (1-step 0.03695 rollout 0.00000 contact 0.0000) 427s
step 22200 loss 0.02983 (1-step 0.02983 rollout 0.00000 contact 0.0000) 429s
step 22300 loss 0.05277 (1-step 0.05277 rollout 0.00000 contact 0.0000) 430s
step 22400 loss 0.04544 (1-step 0.04544 rollout 0.00000 contact 0.0000) 432s
step 22500 loss 0.06244 (1-step 0.06244 rollout 0.00000 contact 0.0000) 434s
step 22600 loss 0.02428 (1-step 0.02428 rollout 0.00000 contact 0.0000) 435s
step 22700 loss 0.02346 (1-step 0.02346 rollout 0.00000 contact 0.0000) 437s
step 22800 loss 0.03047 (1-step 0.03047 rollout 0.00000 contact 0.0000) 439s
step 22900 loss 0.02250 (1-step 0.02250 rollout 0.00000 contact 0.0000) 441s
step 23000 loss 0.02325 (1-step 0.02325 rollout 0.00000 contact 0.0000) 443s
step 23100 loss 0.04557 (1-step 0.04557 rollout 0.00000 contact 0.0000) 445s
step 23200 loss 0.04665 (1-step 0.04665 rollout 0.00000 contact 0.0000) 447s
step 23300 loss 0.03158 (1-step 0.03158 rollout 0.00000 contact 0.0000) 449s
step 23400 loss 0.03079 (1-step 0.03079 rollout 0.00000 contact 0.0000) 450s
step 23500 loss 0.03089 (1-step 0.03089 rollout 0.00000 contact 0.0000) 452s
step 23600 loss 0.02588 (1-step 0.02588 rollout 0.00000 contact 0.0000) 454s
step 23700 loss 0.04494 (1-step 0.04494 rollout 0.00000 contact 0.0000) 456s
step 23800 loss 0.02895 (1-step 0.02895 rollout 0.00000 contact 0.0000) 458s
step 23900 loss 0.02890 (1-step 0.02890 rollout 0.00000 contact 0.0000) 460s
step 24000 loss 0.03177 (1-step 0.03177 rollout 0.00000 contact 0.0000) 461s
step 24100 loss 0.01931 (1-step 0.01931 rollout 0.00000 contact 0.0000) 463s
step 24200 loss 0.03286 (1-step 0.03286 rollout 0.00000 contact 0.0000) 465s
step 24300 loss 0.02830 (1-step 0.02830 rollout 0.00000 contact 0.0000) 467s
step 24400 loss 0.01964 (1-step 0.01964 rollout 0.00000 contact 0.0000) 469s
step 24500 loss 0.01790 (1-step 0.01790 rollout 0.00000 contact 0.0000) 471s
step 24600 loss 0.03365 (1-step 0.03365 rollout 0.00000 contact 0.0000) 473s
step 24700 loss 0.03317 (1-step 0.03317 rollout 0.00000 contact 0.0000) 474s
step 24800 loss 0.03199 (1-step 0.03199 rollout 0.00000 contact 0.0000) 476s
step 24900 loss 0.02592 (1-step 0.02592 rollout 0.00000 contact 0.0000) 478s
step 25000 loss 0.03116 (1-step 0.03116 rollout 0.00000 contact 0.0000) 480s
step 25100 loss 0.01684 (1-step 0.01684 rollout 0.00000 contact 0.0000) 482s
step 25200 loss 0.04172 (1-step 0.04172 rollout 0.00000 contact 0.0000) 484s
step 25300 loss 0.02486 (1-step 0.02486 rollout 0.00000 contact 0.0000) 486s
step 25400 loss 0.04355 (1-step 0.04355 rollout 0.00000 contact 0.0000) 488s
step 25500 loss 0.03037 (1-step 0.03037 rollout 0.00000 contact 0.0000) 489s
step 25600 loss 0.02412 (1-step 0.02412 rollout 0.00000 contact 0.0000) 491s
step 25700 loss 0.02701 (1-step 0.02701 rollout 0.00000 contact 0.0000) 493s
step 25800 loss 0.02698 (1-step 0.02698 rollout 0.00000 contact 0.0000) 495s
step 25900 loss 0.03602 (1-step 0.03602 rollout 0.00000 contact 0.0000) 497s
step 26000 loss 0.03666 (1-step 0.03666 rollout 0.00000 contact 0.0000) 499s
step 26100 loss 0.02828 (1-step 0.02828 rollout 0.00000 contact 0.0000) 501s
step 26200 loss 0.02231 (1-step 0.02231 rollout 0.00000 contact 0.0000) 502s
step 26300 loss 0.03184 (1-step 0.03184 rollout 0.00000 contact 0.0000) 504s
step 26400 loss 0.03212 (1-step 0.03212 rollout 0.00000 contact 0.0000) 506s
step 26500 loss 0.02755 (1-step 0.02755 rollout 0.00000 contact 0.0000) 508s
step 26600 loss 0.02211 (1-step 0.02211 rollout 0.00000 contact 0.0000) 510s
step 26700 loss 0.04299 (1-step 0.04299 rollout 0.00000 contact 0.0000) 511s
step 26800 loss 0.03984 (1-step 0.03984 rollout 0.00000 contact 0.0000) 513s
step 26900 loss 0.02759 (1-step 0.02759 rollout 0.00000 contact 0.0000) 515s
step 27000 loss 0.02577 (1-step 0.02577 rollout 0.00000 contact 0.0000) 517s
step 27100 loss 0.02389 (1-step 0.02389 rollout 0.00000 contact 0.0000) 519s
step 27200 loss 0.02865 (1-step 0.02865 rollout 0.00000 contact 0.0000) 521s
step 27300 loss 0.02778 (1-step 0.02778 rollout 0.00000 contact 0.0000) 523s
step 27400 loss 0.03802 (1-step 0.03802 rollout 0.00000 contact 0.0000) 525s
step 27500 loss 0.01804 (1-step 0.01804 rollout 0.00000 contact 0.0000) 526s
step 27600 loss 0.02680 (1-step 0.02680 rollout 0.00000 contact 0.0000) 528s
step 27700 loss 0.03494 (1-step 0.03494 rollout 0.00000 contact 0.0000) 530s
step 27800 loss 0.02365 (1-step 0.02365 rollout 0.00000 contact 0.0000) 532s
step 27900 loss 0.02324 (1-step 0.02324 rollout 0.00000 contact 0.0000) 534s
step 28000 loss 0.02626 (1-step 0.02626 rollout 0.00000 contact 0.0000) 535s
step 28100 loss 0.02922 (1-step 0.02922 rollout 0.00000 contact 0.0000) 537s
step 28200 loss 0.02361 (1-step 0.02361 rollout 0.00000 contact 0.0000) 539s
step 28300 loss 0.01769 (1-step 0.01769 rollout 0.00000 contact 0.0000) 541s
step 28400 loss 0.02229 (1-step 0.02229 rollout 0.00000 contact 0.0000) 543s
step 28500 loss 0.07194 (1-step 0.07194 rollout 0.00000 contact 0.0000) 545s
step 28600 loss 0.02549 (1-step 0.02549 rollout 0.00000 contact 0.0000) 547s
step 28700 loss 0.01443 (1-step 0.01443 rollout 0.00000 contact 0.0000) 548s
step 28800 loss 0.02271 (1-step 0.02271 rollout 0.00000 contact 0.0000) 550s
step 28900 loss 0.02118 (1-step 0.02118 rollout 0.00000 contact 0.0000) 552s
step 29000 loss 0.04197 (1-step 0.04197 rollout 0.00000 contact 0.0000) 553s
step 29100 loss 0.01899 (1-step 0.01899 rollout 0.00000 contact 0.0000) 555s
step 29200 loss 0.02743 (1-step 0.02743 rollout 0.00000 contact 0.0000) 557s
step 29300 loss 0.03461 (1-step 0.03461 rollout 0.00000 contact 0.0000) 559s
step 29400 loss 0.04660 (1-step 0.04660 rollout 0.00000 contact 0.0000) 561s
step 29500 loss 0.03300 (1-step 0.03300 rollout 0.00000 contact 0.0000) 562s
step 29600 loss 0.01629 (1-step 0.01629 rollout 0.00000 contact 0.0000) 564s
step 29700 loss 0.02981 (1-step 0.02981 rollout 0.00000 contact 0.0000) 566s
step 29800 loss 0.04579 (1-step 0.04579 rollout 0.00000 contact 0.0000) 568s
step 29900 loss 0.03274 (1-step 0.03274 rollout 0.00000 contact 0.0000) 570s
step 30000 loss 0.01509 (1-step 0.01509 rollout 0.00000 contact 0.0000) 572s
  [val one-step] dv_err_mean=0.00489 dw_err_mean=0.1066 dv_err_far_free=3.737e-08 dw_err_far_free=0.00514 dv_err_near_contact=1.692e-08 dw_err_near_contact=0.02431 dv_err_first_impact=0.2866 dw_err_first_impact=4.006 dv_err_contact=0.006219 dw_err_contact=0.1371 dv_err_rebound_repeat=0.04365 dw_err_rebound_repeat=1 dv_err_resting=0.003107 dw_err_resting=0.08714
[rollout val/gt] pos_err@100=9.686e-08 pos_err@500=0.07711 pos_err_final=0.3651 rot_err_deg_final=160.7 v_err_mean=0.4277 w_err_mean=5.276 impact_dv_err=0.4886 impact_dw_err=6.727 apex_err=0.02096 max_penetration_pred=0.2792 artificial_energy_max=0
[rollout val/analytic] pos_err@100=9.686e-08 pos_err@500=0.03933 pos_err_final=0.1342 rot_err_deg_final=90.95 v_err_mean=0.2358 w_err_mean=2.969 impact_dv_err=0.4274 impact_dw_err=6.86 apex_err=0.009185 max_penetration_pred=0.01071 artificial_energy_max=0
[rollout val/learned] pos_err@100=0.000937 pos_err@500=0.06005 pos_err_final=0.1539 rot_err_deg_final=90.56 v_err_mean=0.308 w_err_mean=2.974 impact_dv_err=2.878 impact_dw_err=13.65 apex_err=0.02832 max_penetration_pred=0.01541 artificial_energy_max=0
[rollout test/gt] pos_err@100=1.192e-07 pos_err@500=0.06521 pos_err_final=0.3707 rot_err_deg_final=150.7 v_err_mean=0.4712 w_err_mean=4.571 impact_dv_err=0.4584 impact_dw_err=7.936 apex_err=0.01903 max_penetration_pred=0.276 artificial_energy_max=0
[rollout test/analytic] pos_err@100=1.192e-07 pos_err@500=0.04669 pos_err_final=0.1532 rot_err_deg_final=87.67 v_err_mean=0.2712 w_err_mean=2.607 impact_dv_err=0.4628 impact_dw_err=7.482 apex_err=0.00843 max_penetration_pred=0.009597 artificial_energy_max=0
[rollout test/learned] pos_err@100=0.0008521 pos_err@500=0.04823 pos_err_final=0.1765 rot_err_deg_final=94.52 v_err_mean=0.3502 w_err_mean=2.831 impact_dv_err=2.317 impact_dw_err=11.47 apex_err=0.03112 max_penetration_pred=0.01356 artificial_energy_max=0
[rollout test_geometry/gt] pos_err@100=1.192e-07 pos_err@500=0.06287 pos_err_final=0.2914 rot_err_deg_final=152.6 v_err_mean=0.3719 w_err_mean=4.591 impact_dv_err=0.4726 impact_dw_err=9.206 apex_err=0.007755 max_penetration_pred=0.2537 artificial_energy_max=0
[rollout test_geometry/analytic] pos_err@100=1.192e-07 pos_err@500=0.05281 pos_err_final=0.1123 rot_err_deg_final=86.65 v_err_mean=0.2345 w_err_mean=2.877 impact_dv_err=0.4616 impact_dw_err=8.956 apex_err=0.01152 max_penetration_pred=0.01042 artificial_energy_max=0
[rollout test_geometry/learned] pos_err@100=0.0007442 pos_err@500=0.04338 pos_err_final=0.1073 rot_err_deg_final=81.15 v_err_mean=0.2729 w_err_mean=2.889 impact_dv_err=2.163 impact_dw_err=15.87 apex_err=0.02541 max_penetration_pred=0.01714 artificial_energy_max=0
TRAIN_DONE
