NVIDIA A100-SXM4-40GB, 580.159.04, 40960 MiB
torch 2.13.0+cu130 cuda True
CMD: python scripts/train_transition.py --data data/pilot1b --contact-mode explicit --out runs/expD_learned_frozen --steps 30000 --eval-every 10000 --workers 2 --encoder-ckpt runs/expC_patch/final.pt --eval-contact-sources gt,analytic,learned
loaded split train: 1189 episodes in 13.6s
loaded split val: 255 episodes in 2.9s
loaded split test: 255 episodes in 2.9s
loaded split test_geometry: 301 episodes in 3.4s
transition model contact_mode=explicit params=640582
step 100 loss 2.11609 (1-step 2.11609) 4s
step 200 loss 2.07832 (1-step 2.07832) 7s
step 300 loss 2.09495 (1-step 2.09495) 9s
step 400 loss 2.19942 (1-step 2.19942) 11s
step 500 loss 2.97154 (1-step 2.97154) 13s
step 600 loss 2.57847 (1-step 2.57847) 14s
step 700 loss 2.86305 (1-step 2.86305) 17s
step 800 loss 2.10823 (1-step 2.10823) 19s
step 900 loss 1.50180 (1-step 1.50180) 21s
step 1000 loss 2.07168 (1-step 2.07168) 23s
step 1100 loss 2.09583 (1-step 2.09583) 25s
step 1200 loss 1.45070 (1-step 1.45070) 28s
step 1300 loss 1.39303 (1-step 1.39303) 30s
step 1400 loss 1.07929 (1-step 1.07929) 33s
step 1500 loss 1.29250 (1-step 1.29250) 35s
step 1600 loss 2.06805 (1-step 2.06805) 36s
step 1700 loss 2.02600 (1-step 2.02600) 38s
step 1800 loss 1.59795 (1-step 1.59795) 40s
step 1900 loss 1.27914 (1-step 1.27914) 42s
step 2000 loss 1.41421 (1-step 1.41421) 45s
step 2100 loss 1.15640 (1-step 1.15640) 47s
step 2200 loss 1.20905 (1-step 1.20905) 49s
step 2300 loss 1.50070 (1-step 1.50070) 52s
step 2400 loss 0.94885 (1-step 0.94885) 54s
step 2500 loss 0.83039 (1-step 0.83039) 56s
step 2600 loss 0.52557 (1-step 0.52557) 59s
step 2700 loss 0.44328 (1-step 0.44328) 61s
step 2800 loss 0.82068 (1-step 0.82068) 63s
step 2900 loss 0.55615 (1-step 0.55615) 65s
step 3000 loss 0.80135 (1-step 0.80135) 68s
step 3100 loss 0.93014 (1-step 0.93014) 70s
step 3200 loss 0.51978 (1-step 0.51978) 72s
step 3300 loss 0.67834 (1-step 0.67834) 74s
step 3400 loss 0.57142 (1-step 0.57142) 76s
step 3500 loss 0.43626 (1-step 0.43626) 78s
step 3600 loss 0.62736 (1-step 0.62736) 80s
step 3700 loss 0.67450 (1-step 0.67450) 81s
step 3800 loss 0.63433 (1-step 0.63433) 83s
step 3900 loss 0.42336 (1-step 0.42336) 85s
step 4000 loss 0.52505 (1-step 0.52505) 86s
step 4100 loss 0.66132 (1-step 0.66132) 88s
step 4200 loss 0.40955 (1-step 0.40955) 90s
step 4300 loss 0.32005 (1-step 0.32005) 92s
step 4400 loss 0.41229 (1-step 0.41229) 94s
step 4500 loss 0.49527 (1-step 0.49527) 96s
step 4600 loss 0.42635 (1-step 0.42635) 98s
step 4700 loss 0.28481 (1-step 0.28481) 99s
step 4800 loss 0.27514 (1-step 0.27514) 101s
step 4900 loss 0.52516 (1-step 0.52516) 103s
step 5000 loss 0.29524 (1-step 0.29524) 104s
step 5100 loss 0.35977 (1-step 0.35977) 106s
step 5200 loss 0.60070 (1-step 0.60070) 109s
step 5300 loss 0.36772 (1-step 0.36772) 111s
step 5400 loss 0.39368 (1-step 0.39368) 113s
step 5500 loss 0.25638 (1-step 0.25638) 115s
step 5600 loss 0.48098 (1-step 0.48098) 117s
step 5700 loss 0.22723 (1-step 0.22723) 119s
step 5800 loss 0.32715 (1-step 0.32715) 121s
step 5900 loss 0.35116 (1-step 0.35116) 123s
step 6000 loss 0.23478 (1-step 0.23478) 125s
step 6100 loss 0.25684 (1-step 0.25684) 127s
step 6200 loss 0.21414 (1-step 0.21414) 130s
step 6300 loss 0.33522 (1-step 0.33522) 132s
step 6400 loss 0.15749 (1-step 0.15749) 134s
step 6500 loss 0.41897 (1-step 0.41897) 136s
step 6600 loss 0.29250 (1-step 0.29250) 138s
step 6700 loss 0.23635 (1-step 0.23635) 140s
step 6800 loss 0.29964 (1-step 0.29964) 143s
step 6900 loss 0.26814 (1-step 0.26814) 145s
step 7000 loss 0.21026 (1-step 0.21026) 147s
step 7100 loss 0.16736 (1-step 0.16736) 149s
step 7200 loss 0.18698 (1-step 0.18698) 151s
step 7300 loss 0.16833 (1-step 0.16833) 154s
step 7400 loss 0.19343 (1-step 0.19343) 156s
step 7500 loss 0.27983 (1-step 0.27983) 158s
step 7600 loss 0.22788 (1-step 0.22788) 160s
step 7700 loss 0.13350 (1-step 0.13350) 162s
step 7800 loss 0.16239 (1-step 0.16239) 164s
step 7900 loss 0.19557 (1-step 0.19557) 166s
step 8000 loss 0.18201 (1-step 0.18201) 167s
step 8100 loss 0.20668 (1-step 0.20668) 169s
step 8200 loss 0.10578 (1-step 0.10578) 171s
step 8300 loss 0.13443 (1-step 0.13443) 172s
step 8400 loss 0.27934 (1-step 0.27934) 174s
step 8500 loss 0.14301 (1-step 0.14301) 176s
step 8600 loss 0.21995 (1-step 0.21995) 178s
step 8700 loss 0.13436 (1-step 0.13436) 181s
step 8800 loss 0.13799 (1-step 0.13799) 183s
step 8900 loss 0.16297 (1-step 0.16297) 185s
step 9000 loss 0.16382 (1-step 0.16382) 188s
step 9100 loss 0.10272 (1-step 0.10272) 190s
step 9200 loss 0.15310 (1-step 0.15310) 191s
step 9300 loss 0.11327 (1-step 0.11327) 193s
step 9400 loss 0.28525 (1-step 0.28525) 195s
step 9500 loss 0.14046 (1-step 0.14046) 197s
step 9600 loss 0.14374 (1-step 0.14374) 198s
step 9700 loss 0.14305 (1-step 0.14305) 200s
step 9800 loss 0.19739 (1-step 0.19739) 202s
step 9900 loss 0.08894 (1-step 0.08894) 204s
step 10000 loss 0.11720 (1-step 0.11720) 206s
  [val one-step] dv_err_mean=0.005279 dw_err_mean=0.1166 dv_err_far_free=3.737e-08 dw_err_far_free=0.00514 dv_err_near_contact=1.692e-08 dw_err_near_contact=0.02431 dv_err_first_impact=0.2886 dw_err_first_impact=4.174 dv_err_contact=0.007084 dw_err_contact=0.1533 dv_err_rebound_repeat=0.04626 dw_err_rebound_repeat=1.042 dv_err_resting=0.003144 dw_err_resting=0.1062
step 10100 loss 0.16466 (1-step 0.16466) 208s
step 10200 loss 0.12031 (1-step 0.12031) 209s
step 10300 loss 0.10607 (1-step 0.10607) 211s
step 10400 loss 0.08179 (1-step 0.08179) 213s
step 10500 loss 0.09193 (1-step 0.09193) 215s
step 10600 loss 0.12778 (1-step 0.12778) 218s
step 10700 loss 0.08657 (1-step 0.08657) 220s
step 10800 loss 0.09895 (1-step 0.09895) 223s
step 10900 loss 0.28129 (1-step 0.28129) 225s
step 11000 loss 0.15923 (1-step 0.15923) 227s
step 11100 loss 0.09647 (1-step 0.09647) 229s
step 11200 loss 0.21399 (1-step 0.21399) 230s
step 11300 loss 0.11291 (1-step 0.11291) 232s
step 11400 loss 0.09063 (1-step 0.09063) 235s
step 11500 loss 0.08762 (1-step 0.08762) 236s
step 11600 loss 0.07576 (1-step 0.07576) 238s
step 11700 loss 0.09771 (1-step 0.09771) 240s
step 11800 loss 0.11516 (1-step 0.11516) 242s
step 11900 loss 0.04914 (1-step 0.04914) 244s
step 12000 loss 0.06373 (1-step 0.06373) 246s
step 12100 loss 0.09861 (1-step 0.09861) 248s
step 12200 loss 0.07253 (1-step 0.07253) 250s
step 12300 loss 0.09822 (1-step 0.09822) 253s
step 12400 loss 0.13534 (1-step 0.13534) 255s
step 12500 loss 0.12155 (1-step 0.12155) 257s
step 12600 loss 0.08425 (1-step 0.08425) 259s
step 12700 loss 0.06822 (1-step 0.06822) 262s
step 12800 loss 0.06644 (1-step 0.06644) 264s
step 12900 loss 0.08079 (1-step 0.08079) 266s
step 13000 loss 0.06954 (1-step 0.06954) 268s
step 13100 loss 0.09592 (1-step 0.09592) 271s
step 13200 loss 0.14102 (1-step 0.14102) 273s
step 13300 loss 0.09319 (1-step 0.09319) 275s
step 13400 loss 0.11522 (1-step 0.11522) 278s
step 13500 loss 0.05881 (1-step 0.05881) 280s
step 13600 loss 0.07091 (1-step 0.07091) 282s
step 13700 loss 0.14687 (1-step 0.14687) 285s
step 13800 loss 0.05912 (1-step 0.05912) 287s
step 13900 loss 0.07393 (1-step 0.07393) 290s
step 14000 loss 0.09053 (1-step 0.09053) 292s
step 14100 loss 0.08333 (1-step 0.08333) 294s
step 14200 loss 0.04966 (1-step 0.04966) 297s
step 14300 loss 0.04585 (1-step 0.04585) 299s
step 14400 loss 0.05764 (1-step 0.05764) 301s
step 14500 loss 0.04704 (1-step 0.04704) 304s
step 14600 loss 0.07846 (1-step 0.07846) 306s
step 14700 loss 0.06863 (1-step 0.06863) 309s
step 14800 loss 0.05764 (1-step 0.05764) 311s
step 14900 loss 0.09169 (1-step 0.09169) 314s
step 15000 loss 0.04175 (1-step 0.04175) 316s
step 15100 loss 0.08700 (1-step 0.08700) 318s
step 15200 loss 0.07879 (1-step 0.07879) 321s
step 15300 loss 0.04309 (1-step 0.04309) 323s
step 15400 loss 0.07298 (1-step 0.07298) 325s
step 15500 loss 0.06827 (1-step 0.06827) 327s
step 15600 loss 0.09102 (1-step 0.09102) 329s
step 15700 loss 0.05015 (1-step 0.05015) 332s
step 15800 loss 0.06434 (1-step 0.06434) 334s
step 15900 loss 0.06446 (1-step 0.06446) 336s
step 16000 loss 0.07234 (1-step 0.07234) 338s
step 16100 loss 0.03415 (1-step 0.03415) 341s
step 16200 loss 0.04801 (1-step 0.04801) 343s
step 16300 loss 0.06572 (1-step 0.06572) 346s
step 16400 loss 0.03743 (1-step 0.03743) 348s
step 16500 loss 0.04957 (1-step 0.04957) 350s
step 16600 loss 0.04029 (1-step 0.04029) 352s
step 16700 loss 0.08532 (1-step 0.08532) 354s
step 16800 loss 0.05803 (1-step 0.05803) 357s
step 16900 loss 0.04097 (1-step 0.04097) 359s
step 17000 loss 0.06552 (1-step 0.06552) 361s
step 17100 loss 0.05020 (1-step 0.05020) 363s
step 17200 loss 0.04503 (1-step 0.04503) 365s
step 17300 loss 0.04534 (1-step 0.04534) 368s
step 17400 loss 0.04850 (1-step 0.04850) 370s
step 17500 loss 0.04815 (1-step 0.04815) 372s
step 17600 loss 0.05400 (1-step 0.05400) 374s
step 17700 loss 0.05262 (1-step 0.05262) 376s
step 17800 loss 0.05630 (1-step 0.05630) 378s
step 17900 loss 0.05419 (1-step 0.05419) 380s
step 18000 loss 0.05539 (1-step 0.05539) 382s
step 18100 loss 0.06139 (1-step 0.06139) 384s
step 18200 loss 0.04604 (1-step 0.04604) 385s
step 18300 loss 0.04281 (1-step 0.04281) 388s
step 18400 loss 0.04020 (1-step 0.04020) 390s
step 18500 loss 0.03992 (1-step 0.03992) 391s
step 18600 loss 0.03828 (1-step 0.03828) 393s
step 18700 loss 0.06650 (1-step 0.06650) 395s
step 18800 loss 0.02927 (1-step 0.02927) 397s
step 18900 loss 0.03186 (1-step 0.03186) 399s
step 19000 loss 0.04564 (1-step 0.04564) 401s
step 19100 loss 0.04102 (1-step 0.04102) 403s
step 19200 loss 0.04331 (1-step 0.04331) 405s
step 19300 loss 0.03762 (1-step 0.03762) 407s
step 19400 loss 0.05080 (1-step 0.05080) 409s
step 19500 loss 0.05180 (1-step 0.05180) 411s
step 19600 loss 0.10479 (1-step 0.10479) 413s
step 19700 loss 0.03484 (1-step 0.03484) 414s
step 19800 loss 0.02872 (1-step 0.02872) 416s
step 19900 loss 0.03742 (1-step 0.03742) 418s
step 20000 loss 0.03891 (1-step 0.03891) 420s
  [val one-step] dv_err_mean=0.005081 dw_err_mean=0.11 dv_err_far_free=3.737e-08 dw_err_far_free=0.00514 dv_err_near_contact=1.692e-08 dw_err_near_contact=0.02431 dv_err_first_impact=0.2931 dw_err_first_impact=4.009 dv_err_contact=0.006613 dw_err_contact=0.1401 dv_err_rebound_repeat=0.04387 dw_err_rebound_repeat=1.014 dv_err_resting=0.003243 dw_err_resting=0.1026
step 20100 loss 0.03485 (1-step 0.03485) 422s
step 20200 loss 0.03815 (1-step 0.03815) 424s
step 20300 loss 0.04870 (1-step 0.04870) 426s
step 20400 loss 0.03917 (1-step 0.03917) 428s
step 20500 loss 0.03886 (1-step 0.03886) 430s
step 20600 loss 0.04682 (1-step 0.04682) 432s
step 20700 loss 0.03706 (1-step 0.03706) 434s
step 20800 loss 0.04788 (1-step 0.04788) 436s
step 20900 loss 0.05682 (1-step 0.05682) 438s
step 21000 loss 0.03268 (1-step 0.03268) 441s
step 21100 loss 0.03814 (1-step 0.03814) 443s
step 21200 loss 0.02744 (1-step 0.02744) 445s
step 21300 loss 0.03427 (1-step 0.03427) 447s
step 21400 loss 0.04755 (1-step 0.04755) 450s
step 21500 loss 0.04977 (1-step 0.04977) 452s
step 21600 loss 0.02305 (1-step 0.02305) 454s
step 21700 loss 0.04609 (1-step 0.04609) 456s
step 21800 loss 0.03697 (1-step 0.03697) 458s
step 21900 loss 0.04145 (1-step 0.04145) 460s
step 22000 loss 0.03508 (1-step 0.03508) 462s
step 22100 loss 0.03545 (1-step 0.03545) 464s
step 22200 loss 0.03086 (1-step 0.03086) 466s
step 22300 loss 0.04826 (1-step 0.04826) 468s
step 22400 loss 0.05194 (1-step 0.05194) 471s
step 22500 loss 0.05046 (1-step 0.05046) 473s
step 22600 loss 0.01991 (1-step 0.01991) 476s
step 22700 loss 0.02439 (1-step 0.02439) 478s
step 22800 loss 0.04229 (1-step 0.04229) 480s
step 22900 loss 0.02577 (1-step 0.02577) 482s
step 23000 loss 0.02176 (1-step 0.02176) 484s
step 23100 loss 0.04381 (1-step 0.04381) 487s
step 23200 loss 0.03526 (1-step 0.03526) 489s
step 23300 loss 0.03306 (1-step 0.03306) 492s
step 23400 loss 0.02844 (1-step 0.02844) 494s
step 23500 loss 0.03216 (1-step 0.03216) 496s
step 23600 loss 0.02682 (1-step 0.02682) 499s
step 23700 loss 0.04247 (1-step 0.04247) 501s
step 23800 loss 0.02873 (1-step 0.02873) 503s
step 23900 loss 0.03056 (1-step 0.03056) 505s
step 24000 loss 0.03252 (1-step 0.03252) 507s
step 24100 loss 0.02297 (1-step 0.02297) 510s
step 24200 loss 0.02803 (1-step 0.02803) 512s
step 24300 loss 0.02850 (1-step 0.02850) 514s
step 24400 loss 0.02014 (1-step 0.02014) 517s
step 24500 loss 0.01500 (1-step 0.01500) 519s
step 24600 loss 0.03141 (1-step 0.03141) 522s
step 24700 loss 0.03029 (1-step 0.03029) 524s
step 24800 loss 0.03118 (1-step 0.03118) 527s
step 24900 loss 0.02261 (1-step 0.02261) 529s
step 25000 loss 0.02890 (1-step 0.02890) 531s
step 25100 loss 0.01844 (1-step 0.01844) 534s
step 25200 loss 0.03957 (1-step 0.03957) 536s
step 25300 loss 0.02361 (1-step 0.02361) 539s
step 25400 loss 0.04385 (1-step 0.04385) 541s
step 25500 loss 0.02352 (1-step 0.02352) 544s
step 25600 loss 0.02303 (1-step 0.02303) 546s
step 25700 loss 0.02707 (1-step 0.02707) 549s
step 25800 loss 0.02539 (1-step 0.02539) 551s
step 25900 loss 0.02969 (1-step 0.02969) 554s
step 26000 loss 0.03321 (1-step 0.03321) 556s
step 26100 loss 0.02693 (1-step 0.02693) 559s
step 26200 loss 0.02386 (1-step 0.02386) 561s
step 26300 loss 0.03667 (1-step 0.03667) 563s
step 26400 loss 0.03045 (1-step 0.03045) 566s
step 26500 loss 0.02537 (1-step 0.02537) 568s
step 26600 loss 0.02089 (1-step 0.02089) 571s
step 26700 loss 0.04773 (1-step 0.04773) 573s
step 26800 loss 0.04296 (1-step 0.04296) 576s
step 26900 loss 0.02703 (1-step 0.02703) 578s
step 27000 loss 0.02466 (1-step 0.02466) 580s
step 27100 loss 0.02344 (1-step 0.02344) 582s
step 27200 loss 0.02932 (1-step 0.02932) 584s
step 27300 loss 0.02821 (1-step 0.02821) 586s
step 27400 loss 0.03589 (1-step 0.03589) 588s
step 27500 loss 0.01922 (1-step 0.01922) 590s
step 27600 loss 0.02732 (1-step 0.02732) 591s
step 27700 loss 0.03472 (1-step 0.03472) 593s
step 27800 loss 0.02596 (1-step 0.02596) 595s
step 27900 loss 0.02389 (1-step 0.02389) 597s
step 28000 loss 0.02439 (1-step 0.02439) 599s
step 28100 loss 0.02625 (1-step 0.02625) 601s
step 28200 loss 0.02383 (1-step 0.02383) 603s
step 28300 loss 0.01942 (1-step 0.01942) 606s
step 28400 loss 0.02211 (1-step 0.02211) 608s
step 28500 loss 0.04522 (1-step 0.04522) 610s
step 28600 loss 0.02730 (1-step 0.02730) 612s
step 28700 loss 0.01499 (1-step 0.01499) 614s
step 28800 loss 0.02321 (1-step 0.02321) 616s
step 28900 loss 0.02080 (1-step 0.02080) 618s
step 29000 loss 0.03344 (1-step 0.03344) 620s
step 29100 loss 0.01753 (1-step 0.01753) 622s
step 29200 loss 0.02729 (1-step 0.02729) 625s
step 29300 loss 0.03466 (1-step 0.03466) 627s
step 29400 loss 0.04574 (1-step 0.04574) 630s
step 29500 loss 0.03354 (1-step 0.03354) 632s
step 29600 loss 0.01566 (1-step 0.01566) 634s
step 29700 loss 0.02913 (1-step 0.02913) 637s
step 29800 loss 0.03844 (1-step 0.03844) 639s
step 29900 loss 0.03405 (1-step 0.03405) 642s
step 30000 loss 0.01459 (1-step 0.01459) 644s
  [val one-step] dv_err_mean=0.004906 dw_err_mean=0.1052 dv_err_far_free=3.737e-08 dw_err_far_free=0.00514 dv_err_near_contact=1.692e-08 dw_err_near_contact=0.02431 dv_err_first_impact=0.2892 dw_err_first_impact=3.92 dv_err_contact=0.00624 dw_err_contact=0.1337 dv_err_rebound_repeat=0.04293 dw_err_rebound_repeat=0.9947 dv_err_resting=0.003226 dw_err_resting=0.08961
[rollout val/gt] pos_err@100=9.686e-08 pos_err@500=0.08061 pos_err_final=0.347 rot_err_deg_final=158.2 v_err_mean=0.4433 w_err_mean=5.217 impact_dv_err=0.5641 impact_dw_err=6.207 apex_err=0.01494 max_penetration_pred=0.2301 artificial_energy_max=0
[rollout val/analytic] pos_err@100=9.686e-08 pos_err@500=0.05125 pos_err_final=0.1571 rot_err_deg_final=93.24 v_err_mean=0.2405 w_err_mean=3.053 impact_dv_err=0.5479 impact_dw_err=6.703 apex_err=0.009881 max_penetration_pred=0.01017 artificial_energy_max=0
[rollout val/learned] pos_err@100=0.01196 pos_err@500=0.1811 pos_err_final=0.2911 rot_err_deg_final=130.2 v_err_mean=0.758 w_err_mean=3.991 impact_dv_err=3.58 impact_dw_err=18.3 apex_err=0.2021 max_penetration_pred=0.03069 artificial_energy_max=0
[rollout test/gt] pos_err@100=1.192e-07 pos_err@500=0.07156 pos_err_final=0.2749 rot_err_deg_final=165.4 v_err_mean=0.384 w_err_mean=4.429 impact_dv_err=0.5549 impact_dw_err=6.437 apex_err=0.009814 max_penetration_pred=0.2513 artificial_energy_max=0
[rollout test/analytic] pos_err@100=1.192e-07 pos_err@500=0.03943 pos_err_final=0.1763 rot_err_deg_final=89.96 v_err_mean=0.2458 w_err_mean=2.792 impact_dv_err=0.5063 impact_dw_err=6.346 apex_err=0.009861 max_penetration_pred=0.009319 artificial_energy_max=0
[rollout test/learned] pos_err@100=0.01382 pos_err@500=0.1749 pos_err_final=0.3163 rot_err_deg_final=97.48 v_err_mean=0.7176 w_err_mean=3.88 impact_dv_err=3.542 impact_dw_err=15.39 apex_err=0.2053 max_penetration_pred=0.02696 artificial_energy_max=0
[rollout test_geometry/gt] pos_err@100=1.192e-07 pos_err@500=0.07532 pos_err_final=0.2654 rot_err_deg_final=159.9 v_err_mean=0.3662 w_err_mean=4.822 impact_dv_err=0.527 impact_dw_err=8.66 apex_err=0.01524 max_penetration_pred=0.2303 artificial_energy_max=0
[rollout test_geometry/analytic] pos_err@100=1.192e-07 pos_err@500=0.05628 pos_err_final=0.1374 rot_err_deg_final=88.77 v_err_mean=0.2353 w_err_mean=2.974 impact_dv_err=0.5465 impact_dw_err=8.079 apex_err=0.01322 max_penetration_pred=0.009229 artificial_energy_max=0
[rollout test_geometry/learned] pos_err@100=0.01079 pos_err@500=0.1664 pos_err_final=0.2421 rot_err_deg_final=107.3 v_err_mean=0.7256 w_err_mean=3.822 impact_dv_err=3.7 impact_dw_err=20.32 apex_err=0.2285 max_penetration_pred=0.02239 artificial_energy_max=0
TRAIN_DONE
