NVIDIA RTX 4000 Ada Generation, 580.159.04, 20475 MiB
torch 2.13.0+cu130 cuda True
CMD: python scripts/train_transition.py --data data/pilot1b --contact-mode explicit+latent --train-contact-source learned --encoder-ckpt runs/expC_patch_30k/final.pt --finetune-encoder --contact-loss-weight 1.0 --rollout-horizon 8 --out runs/expE_r2_joint_patch --steps 8000 --eval-every 4000 --workers 2 --eval-contact-sources learned,analytic
loaded split train: 1189 episodes in 92.5s
loaded split val: 255 episodes in 18.7s
loaded split test: 255 episodes in 20.7s
loaded split test_geometry: 301 episodes in 22.5s
transition model contact_mode=explicit+latent params=641606
step 100 loss 8.24619 (1-step 2.67422 rollout 45.80610 contact -0.1538) 70s
step 200 loss 7.62610 (1-step 2.07303 rollout 44.43706 contact -0.0016) 120s
step 300 loss 17.45620 (1-step 2.61576 rollout 112.21651 contact 0.8134) 170s
step 400 loss 9.56090 (1-step 2.27237 rollout 54.53432 contact 0.4717) 221s
step 500 loss 10.89629 (1-step 3.22928 rollout 55.35181 contact 0.7480) 271s
step 600 loss 6.95958 (1-step 3.83226 rollout 18.14724 contact 0.8589) 321s
step 700 loss 6.57065 (1-step 2.72957 rollout 28.72963 contact 0.2499) 371s
step 800 loss 6.71310 (1-step 3.39750 rollout 23.73052 contact 0.3493) 422s
step 900 loss 6.50875 (1-step 1.60161 rollout 36.92659 contact 0.2913) 472s
step 1000 loss 9.72675 (1-step 4.02531 rollout 44.15143 contact 0.1825) 523s
step 1100 loss 5.95159 (1-step 2.19098 rollout 26.52559 contact 0.4449) 573s
step 1200 loss 4.34908 (1-step 2.25479 rollout 13.95598 contact 0.3498) 623s
step 1300 loss 6.24536 (1-step 2.86309 rollout 24.69989 contact 0.2948) 674s
step 1400 loss 5.28291 (1-step 2.60707 rollout 17.75477 contact 0.4565) 724s
step 1500 loss 3.79587 (1-step 1.75484 rollout 12.85709 contact 0.4339) 774s
step 1600 loss 6.99185 (1-step 1.47653 rollout 29.96141 contact 1.7702) 824s
step 1700 loss 3.72721 (1-step 1.89249 rollout 7.23607 contact 0.9302) 875s
step 1800 loss 4.99470 (1-step 2.43352 rollout 15.48015 contact 0.6262) 925s
step 1900 loss 2.85850 (1-step 1.55774 rollout 8.50026 contact 0.2382) 975s
step 2000 loss 4.23692 (1-step 1.33048 rollout 19.54379 contact 0.4635) 1026s
step 2100 loss 5.91289 (1-step 2.56908 rollout 22.91450 contact 0.4795) 1076s
step 2200 loss 6.15485 (1-step 2.45474 rollout 27.58998 contact 0.2514) 1126s
step 2300 loss 7.29581 (1-step 2.63384 rollout 35.32214 contact 0.2467) 1177s
step 2400 loss 5.38778 (1-step 1.70779 rollout 25.40101 contact 0.5049) 1227s
step 2500 loss 5.49392 (1-step 1.96584 rollout 26.20218 contact 0.2528) 1277s
step 2600 loss 3.27216 (1-step 1.64397 rollout 11.81057 contact 0.1519) 1328s
step 2700 loss 4.97767 (1-step 1.45967 rollout 22.38516 contact 0.7199) 1378s
step 2800 loss 6.44412 (1-step 1.44995 rollout 35.37033 contact 0.5729) 1428s
step 2900 loss 2.99003 (1-step 1.67267 rollout 9.30186 contact 0.1546) 1478s
step 3000 loss 3.93082 (1-step 1.32458 rollout 19.10236 contact 0.2184) 1529s
step 3100 loss 7.62911 (1-step 1.70297 rollout 45.58411 contact 0.2281) 1579s
step 3200 loss 3.30977 (1-step 1.09081 rollout 14.63053 contact 0.3901) 1629s
step 3300 loss 3.90983 (1-step 0.84831 rollout 22.89748 contact 0.1993) 1679s
step 3400 loss 2.80165 (1-step 1.54053 rollout 7.57195 contact 0.3146) 1730s
step 3500 loss 5.11898 (1-step 1.65672 rollout 26.71663 contact 0.1227) 1780s
step 3600 loss 3.39276 (1-step 1.30178 rollout 16.35942 contact 0.0460) 1830s
step 3700 loss 4.61972 (1-step 1.18370 rollout 26.30089 contact 0.1484) 1881s
step 3800 loss 2.24363 (1-step 1.13059 rollout 9.03416 contact -0.0162) 1931s
step 3900 loss 3.63578 (1-step 1.12751 rollout 18.75859 contact 0.1634) 1981s
step 4000 loss 1.86892 (1-step 0.91610 rollout 8.06397 contact -0.0552) 2032s
  [val one-step] dv_err_mean=0.009486 dw_err_mean=0.1543 dv_err_far_free=3.45e-08 dw_err_far_free=0.00514 dv_err_near_contact=0.003929 dw_err_near_contact=0.05167 dv_err_first_impact=0.3085 dw_err_first_impact=3.615 dv_err_contact=0.01339 dw_err_contact=0.2124 dv_err_rebound_repeat=0.07259 dw_err_rebound_repeat=1.488 dv_err_resting=0.008674 dw_err_resting=0.1387
step 4100 loss 2.34217 (1-step 1.47402 rollout 6.48862 contact 0.0571) 2083s
step 4200 loss 2.73040 (1-step 1.34569 rollout 9.87696 contact 0.1501) 2133s
step 4300 loss 3.27909 (1-step 1.44926 rollout 10.14859 contact 0.5613) 2183s
step 4400 loss 4.87415 (1-step 1.12817 rollout 29.48757 contact 0.0600) 2233s
step 4500 loss 3.48378 (1-step 0.99818 rollout 18.56302 contact 0.1652) 2284s
step 4600 loss 2.57736 (1-step 1.25385 rollout 9.90535 contact 0.0853) 2334s
step 4700 loss 2.60695 (1-step 1.49696 rollout 8.67997 contact 0.0250) 2384s
step 4800 loss 0.93858 (1-step 0.72993 rollout 2.34416 contact -0.0844) 2435s
step 4900 loss 5.60716 (1-step 1.82851 rollout 30.61909 contact -0.0487) 2485s
step 5000 loss 4.60383 (1-step 1.10775 rollout 28.03434 contact -0.0082) 2535s
step 5100 loss 1.57460 (1-step 0.79527 rollout 7.38352 contact -0.1436) 2585s
step 5200 loss 4.17167 (1-step 2.02027 rollout 18.21912 contact -0.1260) 2636s
step 5300 loss 3.43312 (1-step 0.90285 rollout 20.66644 contact -0.0530) 2686s
step 5400 loss 3.47590 (1-step 0.93650 rollout 21.57860 contact -0.1579) 2736s
step 5500 loss 3.88896 (1-step 1.34549 rollout 21.25816 contact -0.1138) 2787s
step 5600 loss 3.47917 (1-step 0.98839 rollout 20.70220 contact -0.0970) 2837s
step 5700 loss 1.78808 (1-step 0.59406 rollout 10.56347 contact -0.1264) 2887s
step 5800 loss 1.28409 (1-step 0.77647 rollout 5.48913 contact -0.1785) 2937s
step 5900 loss 1.31555 (1-step 0.69023 rollout 6.76033 contact -0.2197) 2987s
step 6000 loss 2.18171 (1-step 0.43560 rollout 14.76680 contact -0.0997) 3038s
step 6100 loss 2.35975 (1-step 0.91743 rollout 11.61153 contact -0.0091) 3088s
step 6200 loss 1.35101 (1-step 0.63411 rollout 7.06474 contact -0.1662) 3138s
step 6300 loss 1.14409 (1-step 0.74025 rollout 5.57669 contact -0.2932) 3189s
step 6400 loss 3.56385 (1-step 0.61975 rollout 25.26020 contact -0.2134) 3239s
step 6500 loss 3.87668 (1-step 0.42467 rollout 29.40526 contact -0.2236) 3289s
step 6600 loss 1.86514 (1-step 0.84878 rollout 9.78493 contact -0.2068) 3339s
step 6700 loss 1.14719 (1-step 0.60835 rollout 5.84588 contact -0.1919) 3390s
step 6800 loss 0.78299 (1-step 0.62042 rollout 3.68682 contact -0.2983) 3440s
step 6900 loss 1.50714 (1-step 0.79364 rollout 7.61803 contact -0.2388) 3490s
step 7000 loss 2.16930 (1-step 0.67658 rollout 14.00118 contact -0.2574) 3541s
step 7100 loss 0.68933 (1-step 0.55797 rollout 3.16300 contact -0.2640) 3591s
step 7200 loss 3.23053 (1-step 0.95793 rollout 20.65075 contact -0.3087) 3641s
step 7300 loss 1.24629 (1-step 0.73642 rollout 6.23105 contact -0.2690) 3692s
step 7400 loss 1.73585 (1-step 0.60909 rollout 11.21147 contact -0.2747) 3742s
step 7500 loss 2.86609 (1-step 0.76188 rollout 18.48835 contact -0.2068) 3792s
step 7600 loss 0.53081 (1-step 0.35803 rollout 3.39211 contact -0.2512) 3842s
step 7700 loss 2.02569 (1-step 0.60202 rollout 13.73630 contact -0.2934) 3892s
step 7800 loss 1.68298 (1-step 0.53527 rollout 11.48051 contact -0.2874) 3943s
step 7900 loss 1.62651 (1-step 0.79806 rollout 9.02766 contact -0.3000) 3993s
step 8000 loss 1.08771 (1-step 0.72352 rollout 4.92773 contact -0.2518) 4043s
  [val one-step] dv_err_mean=0.009628 dw_err_mean=0.1407 dv_err_far_free=3.633e-08 dw_err_far_free=0.00514 dv_err_near_contact=0.002969 dw_err_near_contact=0.04314 dv_err_first_impact=0.3219 dw_err_first_impact=3.669 dv_err_contact=0.01442 dw_err_contact=0.1924 dv_err_rebound_repeat=0.06719 dw_err_rebound_repeat=1.35 dv_err_resting=0.008501 dw_err_resting=0.1224
[rollout val/learned] pos_err@100=9.686e-08 pos_err@500=0.04631 pos_err_final=0.1718 rot_err_deg_final=93.29 v_err_mean=0.2623 w_err_mean=3.149 impact_dv_err=0.4201 impact_dw_err=7.08 apex_err=0.01328 max_penetration_pred=0.0047 artificial_energy_max=0
[rollout val/analytic] pos_err@100=9.686e-08 pos_err@500=0.121 pos_err_final=0.3098 rot_err_deg_final=115.8 v_err_mean=0.4041 w_err_mean=3.825 impact_dv_err=1.907 impact_dw_err=17.87 apex_err=0.024 max_penetration_pred=0.1086 artificial_energy_max=0
[rollout test/learned] pos_err@100=1.192e-07 pos_err@500=0.0508 pos_err_final=0.1574 rot_err_deg_final=91.84 v_err_mean=0.2667 w_err_mean=2.991 impact_dv_err=0.4757 impact_dw_err=5.737 apex_err=0.009499 max_penetration_pred=0.00777 artificial_energy_max=0
[rollout test/analytic] pos_err@100=1.192e-07 pos_err@500=0.09921 pos_err_final=0.2775 rot_err_deg_final=120.2 v_err_mean=0.3937 w_err_mean=3.775 impact_dv_err=1.671 impact_dw_err=15.36 apex_err=0.02524 max_penetration_pred=0.1171 artificial_energy_max=0
[rollout test_geometry/learned] pos_err@100=1.192e-07 pos_err@500=0.04711 pos_err_final=0.1513 rot_err_deg_final=97.61 v_err_mean=0.2669 w_err_mean=3.551 impact_dv_err=0.4265 impact_dw_err=6.224 apex_err=0.01339 max_penetration_pred=0.003627 artificial_energy_max=0
[rollout test_geometry/analytic] pos_err@100=1.192e-07 pos_err@500=0.0954 pos_err_final=0.2502 rot_err_deg_final=109.4 v_err_mean=0.3566 w_err_mean=3.675 impact_dv_err=1.753 impact_dw_err=17.56 apex_err=0.01522 max_penetration_pred=0.1035 artificial_energy_max=0
TRAIN_DONE
