
==================================== ERRORS ====================================
______________ ERROR collecting tests/test_chrono_conventions.py _______________
ImportError while importing test module '/srv/home/hzhang699/ReCoM/tests/test_chrono_conventions.py'.
Hint: make sure your test modules/packages have valid Python names.
Traceback:
../.conda/envs/recom/lib/python3.12/importlib/__init__.py:90: in import_module
    return _bootstrap._gcd_import(name[level:], package, level)
           ^^^^^^^^^^^^^^^^^^^^^^^^^^^^^^^^^^^^^^^^^^^^^^^^^^^^
tests/test_chrono_conventions.py:10: in <module>
    from recom.data.validate import first_contact_timing_check, free_flight_check, replay_check, validate_episode
E   ModuleNotFoundError: No module named 'recom.data'
=========================== short test summary info ============================
ERROR tests/test_chrono_conventions.py
!!!!!!!!!!!!!!!!!!!!!!!!!! stopping after 1 failures !!!!!!!!!!!!!!!!!!!!!!!!!!!
1 error in 14.96s
Traceback (most recent call last):
  File "/srv/home/hzhang699/ReCoM/scripts/generate_dataset.py", line 17, in <module>
    from recom.data.splits import make_splits, save_splits  # noqa: E402
    ^^^^^^^^^^^^^^^^^^^^^^^^^^^^^^^^^^^^^^^^^^^^^^^^^^^^^^
ModuleNotFoundError: No module named 'recom.data'
Traceback (most recent call last):
  File "/srv/home/hzhang699/ReCoM/scripts/validate_dataset.py", line 18, in <module>
    from recom.data.splits import check_no_leakage, load_splits  # noqa: E402
    ^^^^^^^^^^^^^^^^^^^^^^^^^^^^^^^^^^^^^^^^^^^^^^^^^^^^^^^^^^^
ModuleNotFoundError: No module named 'recom.data'
Traceback (most recent call last):
  File "/srv/home/hzhang699/ReCoM/scripts/generate_dataset.py", line 17, in <module>
    from recom.data.splits import make_splits, save_splits  # noqa: E402
    ^^^^^^^^^^^^^^^^^^^^^^^^^^^^^^^^^^^^^^^^^^^^^^^^^^^^^^
ModuleNotFoundError: No module named 'recom.data'
Traceback (most recent call last):
  File "/srv/home/hzhang699/ReCoM/scripts/validate_dataset.py", line 18, in <module>
    from recom.data.splits import check_no_leakage, load_splits  # noqa: E402
    ^^^^^^^^^^^^^^^^^^^^^^^^^^^^^^^^^^^^^^^^^^^^^^^^^^^^^^^^^^^
ModuleNotFoundError: No module named 'recom.data'
Traceback (most recent call last):
  File "/srv/home/hzhang699/ReCoM/scripts/generate_dataset.py", line 17, in <module>
    from recom.data.splits import make_splits, save_splits  # noqa: E402
    ^^^^^^^^^^^^^^^^^^^^^^^^^^^^^^^^^^^^^^^^^^^^^^^^^^^^^^
ModuleNotFoundError: No module named 'recom.data'
Traceback (most recent call last):
  File "/srv/home/hzhang699/ReCoM/scripts/validate_dataset.py", line 18, in <module>
    from recom.data.splits import check_no_leakage, load_splits  # noqa: E402
    ^^^^^^^^^^^^^^^^^^^^^^^^^^^^^^^^^^^^^^^^^^^^^^^^^^^^^^^^^^^
ModuleNotFoundError: No module named 'recom.data'
GEN_DONE
